Component: ARM Compiler 5.06 update 2 (build 183) Tool: armlink [4d35b7]

==============================================================================

Section Cross References

    heap_2.o(i.prvHeapInit) refers to heap_2.o(.bss) for ucHeap
    heap_2.o(i.prvHeapInit) refers to heap_2.o(.data) for xStart
    heap_2.o(i.pvPortMalloc) refers to tasks.o(i.vTaskSuspendAll) for vTaskSuspendAll
    heap_2.o(i.pvPortMalloc) refers to heap_2.o(i.prvHeapInit) for prvHeapInit
    heap_2.o(i.pvPortMalloc) refers to tasks.o(i.xTaskResumeAll) for xTaskResumeAll
    heap_2.o(i.pvPortMalloc) refers to heap_2.o(.data) for xHeapHasBeenInitialised
    heap_2.o(i.vPortFree) refers to tasks.o(i.vTaskSuspendAll) for vTaskSuspendAll
    heap_2.o(i.vPortFree) refers to tasks.o(i.xTaskResumeAll) for xTaskResumeAll
    heap_2.o(i.vPortFree) refers to heap_2.o(.data) for xStart
    heap_2.o(i.xPortGetFreeHeapSize) refers to heap_2.o(.data) for xFreeBytesRemaining
    port.o(.emb_text) refers to tasks.o(i.vTaskSwitchContext) for vTaskSwitchContext
    port.o(.emb_text) refers to tasks.o(.data) for pxCurrentTCB
    port.o(i.pxPortInitialiseStack) refers to port.o(i.prvTaskExitError) for prvTaskExitError
    port.o(i.vPortEnterCritical) refers to port.o(.data) for uxCriticalNesting
    port.o(i.vPortExitCritical) refers to port.o(.data) for uxCriticalNesting
    port.o(i.xPortStartScheduler) refers to port.o(i.vPortSetupTimerInterrupt) for vPortSetupTimerInterrupt
    port.o(i.xPortStartScheduler) refers to port.o(.emb_text) for __asm___6_port_c_39a90d8d__prvStartFirstTask
    port.o(i.xPortStartScheduler) refers to port.o(.data) for uxCriticalNesting
    port.o(i.xPortSysTickHandler) refers to tasks.o(i.xTaskIncrementTick) for xTaskIncrementTick
    queue.o(i.prvCopyDataFromQueue) refers to rt_memcpy_v6.o(.text) for __aeabi_memcpy
    queue.o(i.prvCopyDataToQueue) refers to tasks.o(i.xTaskPriorityDisinherit) for xTaskPriorityDisinherit
    queue.o(i.prvCopyDataToQueue) refers to rt_memcpy_v6.o(.text) for __aeabi_memcpy
    queue.o(i.prvInitialiseMutex) refers to queue.o(i.xQueueGenericSend) for xQueueGenericSend
    queue.o(i.prvInitialiseNewQueue) refers to queue.o(i.xQueueGenericReset) for xQueueGenericReset
    queue.o(i.prvIsQueueEmpty) refers to port.o(i.vPortEnterCritical) for vPortEnterCritical
    queue.o(i.prvIsQueueEmpty) refers to port.o(i.vPortExitCritical) for vPortExitCritical
    queue.o(i.prvIsQueueFull) refers to port.o(i.vPortEnterCritical) for vPortEnterCritical
    queue.o(i.prvIsQueueFull) refers to port.o(i.vPortExitCritical) for vPortExitCritical
    queue.o(i.prvUnlockQueue) refers to port.o(i.vPortEnterCritical) for vPortEnterCritical
    queue.o(i.prvUnlockQueue) refers to tasks.o(i.xTaskRemoveFromEventList) for xTaskRemoveFromEventList
    queue.o(i.prvUnlockQueue) refers to tasks.o(i.vTaskMissedYield) for vTaskMissedYield
    queue.o(i.prvUnlockQueue) refers to port.o(i.vPortExitCritical) for vPortExitCritical
    queue.o(i.uxQueueMessagesWaiting) refers to port.o(i.vPortEnterCritical) for vPortEnterCritical
    queue.o(i.uxQueueMessagesWaiting) refers to port.o(i.vPortExitCritical) for vPortExitCritical
    queue.o(i.uxQueueSpacesAvailable) refers to port.o(i.vPortEnterCritical) for vPortEnterCritical
    queue.o(i.uxQueueSpacesAvailable) refers to port.o(i.vPortExitCritical) for vPortExitCritical
    queue.o(i.vQueueDelete) refers to heap_2.o(i.vPortFree) for vPortFree
    queue.o(i.xQueueCreateCountingSemaphore) refers to queue.o(i.xQueueGenericCreate) for xQueueGenericCreate
    queue.o(i.xQueueCreateMutex) refers to queue.o(i.xQueueGenericCreate) for xQueueGenericCreate
    queue.o(i.xQueueCreateMutex) refers to queue.o(i.prvInitialiseMutex) for prvInitialiseMutex
    queue.o(i.xQueueGenericCreate) refers to heap_2.o(i.pvPortMalloc) for pvPortMalloc
    queue.o(i.xQueueGenericCreate) refers to queue.o(i.prvInitialiseNewQueue) for prvInitialiseNewQueue
    queue.o(i.xQueueGenericReceive) refers to port.o(i.vPortEnterCritical) for vPortEnterCritical
    queue.o(i.xQueueGenericReceive) refers to queue.o(i.prvCopyDataFromQueue) for prvCopyDataFromQueue
    queue.o(i.xQueueGenericReceive) refers to tasks.o(i.pvTaskIncrementMutexHeldCount) for pvTaskIncrementMutexHeldCount
    queue.o(i.xQueueGenericReceive) refers to tasks.o(i.xTaskRemoveFromEventList) for xTaskRemoveFromEventList
    queue.o(i.xQueueGenericReceive) refers to port.o(i.vPortExitCritical) for vPortExitCritical
    queue.o(i.xQueueGenericReceive) refers to tasks.o(i.vTaskSetTimeOutState) for vTaskSetTimeOutState
    queue.o(i.xQueueGenericReceive) refers to tasks.o(i.vTaskSuspendAll) for vTaskSuspendAll
    queue.o(i.xQueueGenericReceive) refers to tasks.o(i.xTaskCheckForTimeOut) for xTaskCheckForTimeOut
    queue.o(i.xQueueGenericReceive) refers to queue.o(i.prvIsQueueEmpty) for prvIsQueueEmpty
    queue.o(i.xQueueGenericReceive) refers to tasks.o(i.vTaskPriorityInherit) for vTaskPriorityInherit
[...]
    prvHeapInit                              0x0800c769   Thumb Code    42  heap_2.o(i.prvHeapInit)
    i.prvIdleTask                            0x0800c7a0   Section        0  tasks.o(i.prvIdleTask)
    prvIdleTask                              0x0800c7a1   Thumb Code    32  tasks.o(i.prvIdleTask)
    i.prvInitialiseMutex                     0x0800c7c8   Section        0  queue.o(i.prvInitialiseMutex)
    prvInitialiseMutex                       0x0800c7c9   Thumb Code    28  queue.o(i.prvInitialiseMutex)
    i.prvInitialiseNewQueue                  0x0800c7e4   Section        0  queue.o(i.prvInitialiseNewQueue)
    prvInitialiseNewQueue                    0x0800c7e5   Thumb Code    38  queue.o(i.prvInitialiseNewQueue)
    i.prvInitialiseNewTask                   0x0800c80a   Section        0  tasks.o(i.prvInitialiseNewTask)
    prvInitialiseNewTask                     0x0800c80b   Thumb Code   134  tasks.o(i.prvInitialiseNewTask)
    i.prvInitialiseTaskLists                 0x0800c890   Section        0  tasks.o(i.prvInitialiseTaskLists)
    prvInitialiseTaskLists                   0x0800c891   Thumb Code    70  tasks.o(i.prvInitialiseTaskLists)
    i.prvIsQueueEmpty                        0x0800c8f8   Section        0  queue.o(i.prvIsQueueEmpty)
    prvIsQueueEmpty                          0x0800c8f9   Thumb Code    26  queue.o(i.prvIsQueueEmpty)
    i.prvIsQueueFull                         0x0800c912   Section        0  queue.o(i.prvIsQueueFull)
    prvIsQueueFull                           0x0800c913   Thumb Code    30  queue.o(i.prvIsQueueFull)
    i.prvResetNextTaskUnblockTime            0x0800c930   Section        0  tasks.o(i.prvResetNextTaskUnblockTime)
    prvResetNextTaskUnblockTime              0x0800c931   Thumb Code    42  tasks.o(i.prvResetNextTaskUnblockTime)
    i.prvTaskExitError                       0x0800c964   Section        0  port.o(i.prvTaskExitError)
    prvTaskExitError                         0x0800c965   Thumb Code    22  port.o(i.prvTaskExitError)
    i.prvUnlockQueue                         0x0800c97a   Section        0  queue.o(i.prvUnlockQueue)
    prvUnlockQueue                           0x0800c97b   Thumb Code   126  queue.o(i.prvUnlockQueue)
    i.pvPortMalloc                           0x0800c9f8   Section        0  heap_2.o(i.pvPortMalloc)
    i.pvTaskIncrementMutexHeldCount          0x0800cab0   Section        0  tasks.o(i.pvTaskIncrementMutexHeldCount)
    i.pxPortInitialiseStack                  0x0800cad0   Section        0  port.o(i.pxPortInitialiseStack)
    i.skip                                   0x0800caf4   Section        0  cjson.o(i.skip)
    skip                                     0x0800caf5   Thumb Code    18  cjson.o(i.skip)
    i.uxListRemove                           0x0800cb06   Section        0  list.o(i.uxListRemove)
    i.vListInitialise                        0x0800cb2e   Section        0  list.o(i.vListInitialise)
    i.vListInitialiseItem                    0x0800cb48   Section        0  list.o(i.vListInitialiseItem)
    i.vListInsert                            0x0800cb4e   Section        0  list.o(i.vListInsert)
    i.vListInsertEnd                         0x0800cb82   Section        0  list.o(i.vListInsertEnd)
    i.vPortEnterCritical                     0x0800cb9c   Section        0  port.o(i.vPortEnterCritical)
    i.vPortExitCritical                      0x0800cbc0   Section        0  port.o(i.vPortExitCritical)
    i.vPortFree                              0x0800cbe0   Section        0  heap_2.o(i.vPortFree)
    i.vPortSetupTimerInterrupt               0x0800cc20   Section        0  port.o(i.vPortSetupTimerInterrupt)
    i.vTaskDelay                             0x0800cc34   Section        0  tasks.o(i.vTaskDelay)
    i.vTaskDelete                            0x0800cc68   Section        0  tasks.o(i.vTaskDelete)
    i.vTaskMissedYield                       0x0800cd34   Section        0  tasks.o(i.vTaskMissedYield)
    i.vTaskPlaceOnEventList                  0x0800cd40   Section        0  tasks.o(i.vTaskPlaceOnEventList)
    i.vTaskPriorityInherit                   0x0800cd60   Section        0  tasks.o(i.vTaskPriorityInherit)
    i.vTaskSetTimeOutState                   0x0800ce10   Section        0  tasks.o(i.vTaskSetTimeOutState)
    i.vTaskStartScheduler                    0x0800ce28   Section        0  tasks.o(i.vTaskStartScheduler)
    i.vTaskSuspendAll                        0x0800ce8c   Section        0  tasks.o(i.vTaskSuspendAll)
    i.vTaskSwitchContext                     0x0800ce9c   Section        0  tasks.o(i.vTaskSwitchContext)
    i.vUARTInterruptHandler                  0x0800cefc   Section        0  lm_uudp.o(i.vUARTInterruptHandler)
    i.xPortStartScheduler                    0x0800cf84   Section        0  port.o(i.xPortStartScheduler)
    i.xPortSysTickHandler                    0x0800cfb8   Section        0  port.o(i.xPortSysTickHandler)
    i.xQueueCreateMutex                      0x0800cfec   Section        0  queue.o(i.xQueueCreateMutex)
    i.xQueueGenericCreate                    0x0800d00e   Section        0  queue.o(i.xQueueGenericCreate)
    i.xQueueGenericReceive                   0x0800d048   Section        0  queue.o(i.xQueueGenericReceive)
    i.xQueueGenericReset                     0x0800d1a4   Section        0  queue.o(i.xQueueGenericReset)
    i.xQueueGenericSend                      0x0800d224   Section        0  queue.o(i.xQueueGenericSend)
    i.xTaskCheckForTimeOut                   0x0800d33c   Section        0  tasks.o(i.xTaskCheckForTimeOut)
    i.xTaskCreate                            0x0800d398   Section        0  tasks.o(i.xTaskCreate)
    i.xTaskIncrementTick                     0x0800d3f8   Section        0  tasks.o(i.xTaskIncrementTick)
    i.xTaskPriorityDisinherit                0x0800d514   Section        0  tasks.o(i.xTaskPriorityDisinherit)
    i.xTaskRemoveFromEventList               0x0800d598   Section        0  tasks.o(i.xTaskRemoveFromEventList)
    i.xTaskResumeAll                         0x0800d618   Section        0  tasks.o(i.xTaskResumeAll)
    locale$$code                             0x0800d700   Section       44  lc_ctype_c.o(locale$$code)
    locale$$code                             0x0800d72c   Section       44  lc_numeric_c.o(locale$$code)
    x$fpl$d2f                                0x0800d758   Section       98  d2f.o(x$fpl$d2f)
    x$fpl$dadd                               0x0800d7bc   Section      336  daddsub_clz.o(x$fpl$dadd)
    _dadd1                                   0x0800d7cd   Thumb Code     0  daddsub_clz.o(x$fpl$dadd)
    x$fpl$dfix                               0x0800d90c   Section       94  dfix.o(x$fpl$dfix)
    x$fpl$dflt                               0x0800d96a   Section       46  dflt_clz.o(x$fpl$dflt)
    x$fpl$dmul                               0x0800d998   Section      340  dmul.o(x$fpl$dmul)
    x$fpl$dnaninf                            0x0800daec   Section      156  dnaninf.o(x$fpl$dnaninf)
    x$fpl$dretinf                            0x0800db88   Section       12  dretinf.o(x$fpl$dretinf)
    x$fpl$dsub                               0x0800db94   Section      468  daddsub_clz.o(x$fpl$dsub)
    _dsub1                                   0x0800dba5   Thumb Code     0  daddsub_clz.o(x$fpl$dsub)
    x$fpl$f2d                                0x0800dd68   Section       86  f2d.o(x$fpl$f2d)
    x$fpl$fnaninf                            0x0800ddbe   Section      140  fnaninf.o(x$fpl$fnaninf)
    x$fpl$fretinf                            0x0800de4a   Section       10  fretinf.o(x$fpl$fretinf)
    x$fpl$printf1                            0x0800de54   Section        4  printf1.o(x$fpl$printf1)
    .constdata                               0x0800de58   Section       45  lmst_headnode_localctrl.o(.constdata)
    x$fpl$usenofp                            0x0800de58   Section        0  usenofp.o(x$fpl$usenofp)
    __func__                                 0x0800de58   Data          11  lmst_headnode_localctrl.o(.constdata)
    __func__                                 0x0800de63   Data           8  lmst_headnode_localctrl.o(.constdata)
    __func__                                 0x0800de6b   Data          26  lmst_headnode_localctrl.o(.constdata)
    .constdata                               0x0800de85   Section        7  cjson.o(.constdata)
    firstByteMark                            0x0800de85   Data           7  cjson.o(.constdata)
    .constdata                               0x0800de8c   Section        8  _printf_wctomb.o(.constdata)
    initial_mbstate                          0x0800de8c   Data           8  _printf_wctomb.o(.constdata)
    .constdata                               0x0800de94   Section       40  _printf_hex_int.o(.constdata)
    uc_hextab                                0x0800de94   Data          20  _printf_hex_int.o(.constdata)
    lc_hextab                                0x0800dea8   Data          20  _printf_hex_int.o(.constdata)
    .constdata                               0x0800debc   Section       17  __printf_flags_ss_wp.o(.constdata)
    maptable                                 0x0800debc   Data          17  __printf_flags_ss_wp.o(.constdata)
    .constdata                               0x0800ded0   Section      148  bigflt0.o(.constdata)
    tenpwrs_x                                0x0800ded0   Data          60  bigflt0.o(.constdata)
    tenpwrs_i                                0x0800df0c   Data          64  bigflt0.o(.constdata)
    locale$$data                             0x0800df84   Section      272  lc_ctype_c.o(locale$$data)
    __lcctype_c_name                         0x0800df88   Data           2  lc_ctype_c.o(locale$$data)
    __lcctype_c_start                        0x0800df90   Data           0  lc_ctype_c.o(locale$$data)
    locale$$data                             0x0800e094   Section       28  lc_numeric_c.o(locale$$data)
    __lcctype_c_end                          0x0800e094   Data           0  lc_ctype_c.o(locale$$data)
    __lcnum_c_name                           0x0800e098   Data           2  lc_numeric_c.o(locale$$data)
    __lcnum_c_start                          0x0800e0a0   Data           0  lc_numeric_c.o(locale$$data)
    __lcnum_c_point                          0x0800e0ac   Data           0  lc_numeric_c.o(locale$$data)
    __lcnum_c_thousands                      0x0800e0ae   Data           0  lc_numeric_c.o(locale$$data)
    __lcnum_c_grouping                       0x0800e0af   Data           0  lc_numeric_c.o(locale$$data)
    __lcnum_c_end                            0x0800e0b0   Data           0  lc_numeric_c.o(locale$$data)
    .data                                    0x20000000   Section       24  heap_2.o(.data)
    xStart                                   0x20000000   Data           8  heap_2.o(.data)
    xEnd                                     0x20000008   Data           8  heap_2.o(.data)
    xFreeBytesRemaining                      0x20000010   Data           4  heap_2.o(.data)
    xHeapHasBeenInitialised                  0x20000014   Data           4  heap_2.o(.data)
    .data                                    0x20000018   Section        4  port.o(.data)
    uxCriticalNesting                        0x20000018   Data           4  port.o(.data)
    .data                                    0x2000001c   Section       60  tasks.o(.data)
    pxDelayedTaskList                        0x20000020   Data           4  tasks.o(.data)
    pxOverflowDelayedTaskList                0x20000024   Data           4  tasks.o(.data)
    uxDeletedTasksWaitingCleanUp             0x20000028   Data           4  tasks.o(.data)
    uxCurrentNumberOfTasks                   0x2000002c   Data           4  tasks.o(.data)
    xTickCount                               0x20000030   Data           4  tasks.o(.data)
    uxTopReadyPriority                       0x20000034   Data           4  tasks.o(.data)
    xSchedulerRunning                        0x20000038   Data           4  tasks.o(.data)
    uxPendedTicks                            0x2000003c   Data           4  tasks.o(.data)
    xYieldPending                            0x20000040   Data           4  tasks.o(.data)
    xNumOfOverflows                          0x20000044   Data           4  tasks.o(.data)
    uxTaskNumber                             0x20000048   Data           4  tasks.o(.data)
    xNextTaskUnblockTime                     0x2000004c   Data           4  tasks.o(.data)
    xIdleTaskHandle                          0x20000050   Data           4  tasks.o(.data)
    uxSchedulerSuspended                     0x20000054   Data           4  tasks.o(.data)
    .data                                    0x20000058   Section       20  stm32f10x_rcc.o(.data)
    APBAHBPrescTable                         0x20000058   Data          16  stm32f10x_rcc.o(.data)
    ADCPrescTable                            0x20000068   Data           4  stm32f10x_rcc.o(.data)
    .data                                    0x2000006c   Section        4  lm_uudp.o(.data)
    g_UudpCore                               0x2000006c   Data           4  lm_uudp.o(.data)
    .data                                    0x20000070   Section        4  lm_systemclock.o(.data)
    g_SysClockCore                           0x20000070   Data           4  lm_systemclock.o(.data)
    .data                                    0x20000074   Section        4  cjson.o(.data)
    ep                                       0x20000074   Data           4  cjson.o(.data)
    .data                                    0x20000078   Section       12  lmst_nodecommon.o(.data)
    .bss                                     0x20000084   Section    12288  heap_2.o(.bss)
    ucHeap                                   0x20000084   Data       12288  heap_2.o(.bss)
    .bss                                     0x20003084   Section      200  tasks.o(.bss)
    pxReadyTasksLists                        0x20003084   Data         100  tasks.o(.bss)
    xDelayedTaskList1                        0x200030e8   Data          20  tasks.o(.bss)
    xDelayedTaskList2                        0x200030fc   Data          20  tasks.o(.bss)
    xPendingReadyList                        0x20003110   Data          20  tasks.o(.bss)
    xTasksWaitingTermination                 0x20003124   Data          20  tasks.o(.bss)
    xSuspendedTaskList                       0x20003138   Data          20  tasks.o(.bss)
    .bss                                     0x2000314c   Section     2896  lm_cudp_m3.o(.bss)
    g_core                                   0x2000314c   Data          80  lm_cudp_m3.o(.bss)
    g_RecvBuf                                0x2000319c   Data        1280  lm_cudp_m3.o(.bss)
    g_SendBuf                                0x2000369c   Data        1280  lm_cudp_m3.o(.bss)
    g_RecvTmp                                0x20003b9c   Data         256  lm_cudp_m3.o(.bss)
    .bss                                     0x20003c9c   Section      384  lmst_nodecommon.o(.bss)
    .bss                                     0x20003e1c   Section       96  libspace.o(.bss)
    HEAP                                     0x20003e80   Section        0  stm32f10x.o(HEAP)
    STACK                                    0x20003e80   Section      512  stm32f10x.o(STACK)
    Heap_Mem                                 0x20003e80   Data           0  stm32f10x.o(HEAP)
    Stack_Mem                                0x20003e80   Data         512  stm32f10x.o(STACK)
    __initial_sp                             0x20004080   Data           0  stm32f10x.o(STACK)

    Global Symbols

    Symbol Name                              Value     Ov Type        Size  Object(Section)

    BuildAttributes$$THM_ISAv4$P$D$K$B$S$PE$A:L22UL41UL21$X:L11$S22US41US21$IEEE1$IW$USESV6$~STKCKD$USESV7$~SHL$OTIME$ROPI$IEEEJ$EBA8$UX$STANDARDLIB$REQ8$PRES8$EABIv2 0x00000000   Number         0  anon$$obj.o ABSOLUTE
    __ARM_use_no_argv                        0x00000000   Number         0  smarttuna.o ABSOLUTE
    _printf_flags                            0x00000000   Number         0  printf_stubs.o ABSOLUTE
    _printf_return_value                     0x00000000   Number         0  printf_stubs.o ABSOLUTE
    _printf_sizespec                         0x00000000   Number         0  printf_stubs.o ABSOLUTE
    _printf_widthprec                        0x00000000   Number         0  printf_stubs.o ABSOLUTE
    __ARM_exceptions_init                     - Undefined Weak Reference
    __alloca_initialize                       - Undefined Weak Reference
    __arm_preinit_                            - Undefined Weak Reference
    __cpp_initialize__aeabi_                  - Undefined Weak Reference
    __cxa_finalize                            - Undefined Weak Reference
    __sigvec_lookup                           - Undefined Weak Reference
    __user_heap_extent                        - Undefined Weak Reference
    _atexit_init                              - Undefined Weak Reference
    _call_atexit_fns                          - Undefined Weak Reference
    _clock_init                               - Undefined Weak Reference
    _fp_trap_init                             - Undefined Weak Reference
    _fp_trap_shutdown                         - Undefined Weak Reference
    _get_lc_collate                           - Undefined Weak Reference
    _get_lc_monetary                          - Undefined Weak Reference
    _get_lc_time                              - Undefined Weak Reference
    _getenv_init                              - Undefined Weak Reference
    _handle_redirection                       - Undefined Weak Reference
    _initio                                   - Undefined Weak Reference
    _mutex_acquire                            - Undefined Weak Reference
    _mutex_free                               - Undefined Weak Reference
    _mutex_release                            - Undefined Weak Reference
    _printf_mbtowc                            - Undefined Weak Reference
    _printf_wc                                - Undefined Weak Reference
    _rand_init                                - Undefined Weak Reference
    _signal_finish                            - Undefined Weak Reference
    _signal_init                              - Undefined Weak Reference
    _terminateio                              - Undefined Weak Reference
    __Vectors                                0x08008000   Data           4  stm32f10x.o(RESET)
    __main                                   0x080080ed   Thumb Code     8  __main.o(!!!main)
    __scatterload                            0x080080f5   Thumb Code     0  __scatter.o(!!!scatter)
    __scatterload_rt2                        0x080080f5   Thumb Code    44  __scatter.o(!!!scatter)
    __scatterload_rt2_thumb_only             0x080080f5   Thumb Code     0  __scatter.o(!!!scatter)
    __scatterload_null                       0x08008103   Thumb Code     0  __scatter.o(!!!scatter)
    __scatterload_copy                       0x08008129   Thumb Code    26  __scatter_copy.o(!!handler_copy)
    __scatterload_zeroinit                   0x08008145   Thumb Code    28  __scatter_zi.o(!!handler_zi)
    _printf_f                                0x08008161   Thumb Code     0  _printf_f.o(.ARM.Collect$$_printf_percent$$00000003)
    _printf_percent                          0x08008161   Thumb Code     0  _printf_percent.o(.ARM.Collect$$_printf_percent$$00000000)
    _printf_i                                0x08008167   Thumb Code     0  _printf_i.o(.ARM.Collect$$_printf_percent$$00000008)
    _printf_d                                0x0800816d   Thumb Code     0  _printf_d.o(.ARM.Collect$$_printf_percent$$00000009)
    _printf_u                                0x08008173   Thumb Code     0  _printf_u.o(.ARM.Collect$$_printf_percent$$0000000A)
    _printf_o                                0x08008179   Thumb Code     0  _printf_o.o(.ARM.Collect$$_printf_percent$$0000000B)
    _printf_x                                0x0800817f   Thumb Code     0  _printf_x.o(.ARM.Collect$$_printf_percent$$0000000C)
    _printf_l                                0x08008185   Thumb Code     0  _printf_l.o(.ARM.Collect$$_printf_percent$$00000012)
    _printf_c                                0x0800818f   Thumb Code     0  _printf_c.o(.ARM.Collect$$_printf_percent$$00000013)
    _printf_s                                0x08008195   Thumb Code     0  _printf_s.o(.ARM.Collect$$_printf_percent$$00000014)
    _printf_lc                               0x0800819b   Thumb Code     0  _printf_lc.o(.ARM.Collect$$_printf_percent$$00000015)
    _printf_percent_end                      0x080081a1   Thumb Code     0  _printf_percent_end.o(.ARM.Collect$$_printf_percent$$00000017)
    __rt_lib_init                            0x080081a5   Thumb Code     0  libinit.o(.ARM.Collect$$libinit$$00000000)
    __rt_lib_init_fp_1                       0x080081a7   Thumb Code     0  libinit2.o(.ARM.Collect$$libinit$$00000002)
    __rt_lib_init_heap_1                     0x080081a7   Thumb Code     0  libinit2.o(.ARM.Collect$$libinit$$0000000A)
    __rt_lib_init_lc_common                  0x080081a7   Thumb Code     0  libinit2.o(.ARM.Collect$$libinit$$0000000F)
    __rt_lib_init_preinit_1                  0x080081a7   Thumb Code     0  libinit2.o(.ARM.Collect$$libinit$$00000004)
    __rt_lib_init_rand_1                     0x080081a7   Thumb Code     0  libinit2.o(.ARM.Collect$$libinit$$0000000E)
    __rt_lib_init_user_alloc_1               0x080081a7   Thumb Code     0  libinit2.o(.ARM.Collect$$libinit$$0000000C)
    __rt_lib_init_lc_collate_1               0x080081ad   Thumb Code     0  libinit2.o(.ARM.Collect$$libinit$$00000011)
    __rt_lib_init_lc_ctype_2                 0x080081ad   Thumb Code     0  libinit2.o(.ARM.Collect$$libinit$$00000012)
    __rt_lib_init_lc_ctype_1                 0x080081b9   Thumb Code     0  libinit2.o(.ARM.Collect$$libinit$$00000013)
    __rt_lib_init_lc_monetary_1              0x080081b9   Thumb Code     0  libinit2.o(.ARM.Collect$$libinit$$00000015)
    __rt_lib_init_lc_numeric_2               0x080081b9   Thumb Code     0  libinit2.o(.ARM.Collect$$libinit$$00000016)
    __rt_lib_init_alloca_1                   0x080081c3   Thumb Code     0  libinit2.o(.ARM.Collect$$libinit$$0000002E)
    __rt_lib_init_argv_1                     0x080081c3   Thumb Code     0  libinit2.o(.ARM.Collect$$libinit$$0000002C)
    __rt_lib_init_atexit_1                   0x080081c3   Thumb Code     0  libinit2.o(.ARM.Collect$$libinit$$0000001B)
    __rt_lib_init_clock_1                    0x080081c3   Thumb Code     0  libinit2.o(.ARM.Collect$$libinit$$00000021)
    __rt_lib_init_cpp_1                      0x080081c3   Thumb Code     0  libinit2.o(.ARM.Collect$$libinit$$00000032)
    __rt_lib_init_exceptions_1               0x080081c3   Thumb Code     0  libinit2.o(.ARM.Collect$$libinit$$00000030)
    __rt_lib_init_fp_trap_1                  0x080081c3   Thumb Code     0  libinit2.o(.ARM.Collect$$libinit$$0000001F)
    __rt_lib_init_getenv_1                   0x080081c3   Thumb Code     0  libinit2.o(.ARM.Collect$$libinit$$00000023)
    __rt_lib_init_lc_numeric_1               0x080081c3   Thumb Code     0  libinit2.o(.ARM.Collect$$libinit$$00000017)
    __rt_lib_init_lc_time_1                  0x080081c3   Thumb Code     0  libinit2.o(.ARM.Collect$$libinit$$00000019)
    __rt_lib_init_return                     0x080081c3   Thumb Code     0  libinit2.o(.ARM.Collect$$libinit$$00000033)
    __rt_lib_init_signal_1                   0x080081c3   Thumb Code     0  libinit2.o(.ARM.Collect$$libinit$$0000001D)
    __rt_lib_init_stdio_1                    0x080081c3   Thumb Code     0  libinit2.o(.ARM.Collect$$libinit$$00000025)
    __rt_lib_shutdown                        0x080081c5   Thumb Code     0  libshutdown.o(.ARM.Collect$$libshutdown$$00000000)
    __rt_lib_shutdown_cpp_1                  0x080081c7   Thumb Code     0  libshutdown2.o(.ARM.Collect$$libshutdown$$00000002)
    __rt_lib_shutdown_fp_trap_1              0x080081c7   Thumb Code     0  libshutdown2.o(.ARM.Collect$$libshutdown$$00000007)
    __rt_lib_shutdown_heap_1                 0x080081c7   Thumb Code     0  libshutdown2.o(.ARM.Collect$$libshutdown$$0000000F)
    __rt_lib_shutdown_return                 0x080081c7   Thumb Code     0  libshutdown2.o(.ARM.Collect$$libshutdown$$00000010)
    __rt_lib_shutdown_signal_1               0x080081c7   Thumb Code     0  libshutdown2.o(.ARM.Collect$$libshutdown$$0000000A)
    __rt_lib_shutdown_stdio_1                0x080081c7   Thumb Code     0  libshutdown2.o(.ARM.Collect$$libshutdown$$00000004)
    __rt_lib_shutdown_user_alloc_1           0x080081c7   Thumb Code     0  libshutdown2.o(.ARM.Collect$$libshutdown$$0000000C)
    __rt_entry                               0x080081c9   Thumb Code     0  __rtentry.o(.ARM.Collect$$rtentry$$00000000)
    __rt_entry_presh_1                       0x080081c9   Thumb Code     0  __rtentry2.o(.ARM.Collect$$rtentry$$00000002)
    __rt_entry_sh                            0x080081c9   Thumb Code     0  __rtentry4.o(.ARM.Collect$$rtentry$$00000004)
    __rt_entry_li                            0x080081cf   Thumb Code     0  __rtentry2.o(.ARM.Collect$$rtentry$$0000000A)
    __rt_entry_postsh_1                      0x080081cf   Thumb Code     0  __rtentry2.o(.ARM.Collect$$rtentry$$00000009)
    __rt_entry_main                          0x080081d3   Thumb Code     0  __rtentry2.o(.ARM.Collect$$rtentry$$0000000D)
    __rt_entry_postli_1                      0x080081d3   Thumb Code     0  __rtentry2.o(.ARM.Collect$$rtentry$$0000000C)
    __rt_exit                                0x080081db   Thumb Code     0  rtexit.o(.ARM.Collect$$rtexit$$00000000)
    __rt_exit_ls                             0x080081dd   Thumb Code     0  rtexit2.o(.ARM.Collect$$rtexit$$00000003)
    __rt_exit_prels_1                        0x080081dd   Thumb Code     0  rtexit2.o(.ARM.Collect$$rtexit$$00000002)
    __rt_exit_exit                           0x080081e1   Thumb Code     0  rtexit2.o(.ARM.Collect$$rtexit$$00000004)
    vPortSVCHandler                          0x080081e9   Thumb Code    32  port.o(.emb_text)
    __asm___6_port_c_39a90d8d__prvStartFirstTask 0x0800820d   Thumb Code    28  port.o(.emb_text)
    xPortPendSVHandler                       0x0800822d   Thumb Code    72  port.o(.emb_text)
    vPortGetIPSR                             0x08008279   Thumb Code     6  port.o(.emb_text)
    Reset_Handler                            0x08008281   Thumb Code     8  stm32f10x.o(.text)
    NMI_Handler                              0x08008289   Thumb Code     2  stm32f10x.o(.text)
    HardFault_Handler                        0x0800828b   Thumb Code     2  stm32f10x.o(.text)
    MemManage_Handler                        0x0800828d   Thumb Code     2  stm32f10x.o(.text)
    BusFault_Handler                         0x0800828f   Thumb Code     2  stm32f10x.o(.text)
    UsageFault_Handler                       0x08008291   Thumb Code     2  stm32f10x.o(.text)
    SVC_Handler                              0x08008293   Thumb Code     2  stm32f10x.o(.text)
    DebugMon_Handler                         0x08008295   Thumb Code     2  stm32f10x.o(.text)
    PendSV_Handler                           0x08008297   Thumb Code     2  stm32f10x.o(.text)
    SysTick_Handler                          0x08008299   Thumb Code     2  stm32f10x.o(.text)
    ADC_IRQHandler                           0x0800829b   Thumb Code     0  stm32f10x.o(.text)
    CAN_RX1_IRQHandler                       0x0800829b   Thumb Code     0  stm32f10x.o(.text)
    CAN_SCE_IRQHandler                       0x0800829b   Thumb Code     0  stm32f10x.o(.text)
    DMAChannel1_IRQHandler                   0x0800829b   Thumb Code     0  stm32f10x.o(.text)
    DMAChannel2_IRQHandler                   0x0800829b   Thumb Code     0  stm32f10x.o(.text)
    DMAChannel3_IRQHandler                   0x0800829b   Thumb Code     0  stm32f10x.o(.text)
    DMAChannel4_IRQHandler                   0x0800829b   Thumb Code     0  stm32f10x.o(.text)
    DMAChannel5_IRQHandler                   0x0800829b   Thumb Code     0  stm32f10x.o(.text)
    DMAChannel6_IRQHandler                   0x0800829b   Thumb Code     0  stm32f10x.o(.text)
    DMAChannel7_IRQHandler                   0x0800829b   Thumb Code     0  stm32f10x.o(.text)
    EXTI0_IRQHandler                         0x0800829b   Thumb Code     0  stm32f10x.o(.text)
    EXTI15_10_IRQHandler                     0x0800829b   Thumb Code     0  stm32f10x.o(.text)
    EXTI1_IRQHandler                         0x0800829b   Thumb Code     0  stm32f10x.o(.text)
    EXTI2_IRQHandler                         0x0800829b   Thumb Code     0  stm32f10x.o(.text)
    EXTI3_IRQHandler                         0x0800829b   Thumb Code     0  stm32f10x.o(.text)
    EXTI4_IRQHandler                         0x0800829b   Thumb Code     0  stm32f10x.o(.text)
    EXTI9_5_IRQHandler                       0x0800829b   Thumb Code     0  stm32f10x.o(.text)
    FLASH_IRQHandler                         0x0800829b   Thumb Code     0  stm32f10x.o(.text)
    I2C1_ER_IRQHandler                       0x0800829b   Thumb Code     0  stm32f10x.o(.text)
    I2C1_EV_IRQHandler                       0x0800829b   Thumb Code     0  stm32f10x.o(.text)
    I2C2_ER_IRQHandler                       0x0800829b   Thumb Code     0  stm32f10x.o(.text)
    I2C2_EV_IRQHandler                       0x0800829b   Thumb Code     0  stm32f10x.o(.text)
    PVD_IRQHandler                           0x0800829b   Thumb Code     0  stm32f10x.o(.text)
    RCC_IRQHandler                           0x0800829b   Thumb Code     0  stm32f10x.o(.text)
    RTCAlarm_IRQHandler                      0x0800829b   Thumb Code     0  stm32f10x.o(.text)
    RTC_IRQHandler                           0x0800829b   Thumb Code     0  stm32f10x.o(.text)
    SPI1_IRQHandler                          0x0800829b   Thumb Code     0  stm32f10x.o(.text)
    SPI2_IRQHandler                          0x0800829b   Thumb Code     0  stm32f10x.o(.text)
    TAMPER_IRQHandler                        0x0800829b   Thumb Code     0  stm32f10x.o(.text)
    TIM1_BRK_IRQHandler                      0x0800829b   Thumb Code     0  stm32f10x.o(.text)
    TIM1_CC_IRQHandler                       0x0800829b   Thumb Code     0  stm32f10x.o(.text)
    TIM1_TRG_COM_IRQHandler                  0x0800829b   Thumb Code     0  stm32f10x.o(.text)
    TIM1_UP_IRQHandler                       0x0800829b   Thumb Code     0  stm32f10x.o(.text)
    TIM2_IRQHandler                          0x0800829b   Thumb Code     0  stm32f10x.o(.text)
    TIM3_IRQHandler                          0x0800829b   Thumb Code     0  stm32f10x.o(.text)
    TIM4_IRQHandler                          0x0800829b   Thumb Code     0  stm32f10x.o(.text)
    USART1_IRQHandler                        0x0800829b   Thumb Code     0  stm32f10x.o(.text)
    USART2_IRQHandler                        0x0800829b   Thumb Code     0  stm32f10x.o(.text)
    USART3_IRQHandler                        0x0800829b   Thumb Code     0  stm32f10x.o(.text)
    USBWakeUp_IRQHandler                     0x0800829b   Thumb Code     0  stm32f10x.o(.text)
    USB_HP_CAN_TX_IRQHandler                 0x0800829b   Thumb Code     0  stm32f10x.o(.text)
    USB_LP_CAN_RX0_IRQHandler                0x0800829b   Thumb Code     0  stm32f10x.o(.text)
    WWDG_IRQHandler                          0x0800829b   Thumb Code     0  stm32f10x.o(.text)
    __user_initial_stackheap                 0x0800829d   Thumb Code     0  stm32f10x.o(.text)
    free                                     0x080082bd   Thumb Code    78  h1_free.o(.text)
    tolower                                  0x0800830b   Thumb Code    26  tolower.o(.text)
    __2snprintf                              0x08008325   Thumb Code    48  noretval__2snprintf.o(.text)
    _printf_pre_padding                      0x08008359   Thumb Code    44  _printf_pad.o(.text)
    _printf_post_padding                     0x08008385   Thumb Code    34  _printf_pad.o(.text)
    _printf_truncate_signed                  0x080083a7   Thumb Code    18  _printf_truncate.o(.text)
    _printf_truncate_unsigned                0x080083b9   Thumb Code    18  _printf_truncate.o(.text)
    _printf_str                              0x080083cb   Thumb Code    82  _printf_str.o(.text)
    _printf_int_dec                          0x0800841d   Thumb Code   104  _printf_dec.o(.text)
    _printf_wctomb                           0x08008495   Thumb Code   182  _printf_wctomb.o(.text)
    _printf_int_oct                          0x08008551   Thumb Code    74  _printf_oct_int.o(.text)
    _printf_longlong_oct                     0x08008551   Thumb Code     0  _printf_oct_int.o(.text)
    _printf_int_hex                          0x080085a5   Thumb Code    84  _printf_hex_int.o(.text)
    _printf_longlong_hex                     0x080085a5   Thumb Code     0  _printf_hex_int.o(.text)
    __printf                                 0x080085fd   Thumb Code   388  __printf_flags_ss_wp.o(.text)
    strlen                                   0x08008785   Thumb Code    62  strlen.o(.text)
    strncmp                                  0x080087c3   Thumb Code   150  strncmp.o(.text)
    __aeabi_memcpy                           0x08008859   Thumb Code     0  rt_memcpy_v6.o(.text)
    __rt_memcpy                              0x08008859   Thumb Code   138  rt_memcpy_v6.o(.text)
    _memcpy_lastbytes                        0x080088bf   Thumb Code     0  rt_memcpy_v6.o(.text)
    __aeabi_memcpy4                          0x080088e3   Thumb Code     0  rt_memcpy_w.o(.text)
    __aeabi_memcpy8                          0x080088e3   Thumb Code     0  rt_memcpy_w.o(.text)
    __rt_memcpy_w                            0x080088e3   Thumb Code   100  rt_memcpy_w.o(.text)
    _memcpy_lastbytes_aligned                0x0800892b   Thumb Code     0  rt_memcpy_w.o(.text)
    __aeabi_memclr4                          0x08008947   Thumb Code     0  rt_memclr_w.o(.text)
    __aeabi_memclr8                          0x08008947   Thumb Code     0  rt_memclr_w.o(.text)
    __rt_memclr_w                            0x08008947   Thumb Code    78  rt_memclr_w.o(.text)
    _memset_w                                0x0800894b   Thumb Code     0  rt_memclr_w.o(.text)
    strcmp                                   0x08008995   Thumb Code   128  strcmpv7m.o(.text)
    __use_two_region_memory                  0x08008a15   Thumb Code     2  heapauxi.o(.text)
    __rt_heap_escrow                         0x08008a17   Thumb Code     2  heapauxi.o(.text)
    __rt_heap_expand                         0x08008a19   Thumb Code     2  heapauxi.o(.text)
    __rt_ctype_table                         0x08008a1d   Thumb Code    16  rt_ctype_table.o(.text)
    __rt_heap_descriptor                     0x08008a2d   Thumb Code     8  rt_heap_descriptor_intlibspace.o(.text)
    _printf_int_common                       0x08008a35   Thumb Code   178  _printf_intcommon.o(.text)
    __lib_sel_fp_printf                      0x08008ae7   Thumb Code     2  _printf_fp_dec.o(.text)
    _printf_fp_dec_real                      0x08008c95   Thumb Code   620  _printf_fp_dec.o(.text)
    _printf_char_common                      0x08008f0b   Thumb Code    32  _printf_char_common.o(.text)
    _sputc                                   0x08008f31   Thumb Code    10  _sputc.o(.text)
    _snputc                                  0x08008f3b   Thumb Code    16  _snputc.o(.text)
    _printf_cs_common                        0x08008f4b   Thumb Code    20  _printf_char.o(.text)
    _printf_char                             0x08008f5f   Thumb Code    16  _printf_char.o(.text)
    _printf_string                           0x08008f6f   Thumb Code     8  _printf_char.o(.text)
    _printf_lcs_common                       0x08008f77   Thumb Code    20  _printf_wchar.o(.text)
    _printf_wchar                            0x08008f8b   Thumb Code    16  _printf_wchar.o(.text)
    _printf_wstring                          0x08008f9b   Thumb Code     8  _printf_wchar.o(.text)
    _wcrtomb                                 0x08008fa3   Thumb Code    64  _wcrtomb.o(.text)
    __user_libspace                          0x08008fe5   Thumb Code     8  libspace.o(.text)
    __user_perproc_libspace                  0x08008fe5   Thumb Code     0  libspace.o(.text)
    __user_perthread_libspace                0x08008fe5   Thumb Code     0  libspace.o(.text)
    __rt_locale                              0x08008fed   Thumb Code     8  rt_locale_intlibspace.o(.text)
    _ll_udiv10                               0x08008ff5   Thumb Code   138  lludiv10.o(.text)
    _printf_fp_infnan                        0x08009081   Thumb Code   112  _printf_fp_infnan.o(.text)
    _btod_etento                             0x08009101   Thumb Code   216  bigflt0.o(.text)
    __user_setup_stackheap                   0x080091dd   Thumb Code    74  sys_stackheap_outer.o(.text)
    exit                                     0x08009227   Thumb Code    18  exit.o(.text)
    _sys_exit                                0x08009239   Thumb Code     8  sys_exit.o(.text)
    __I$use$semihosting                      0x08009245   Thumb Code     0  use_no_semi.o(.text)
    __use_no_semihosting_swi                 0x08009245   Thumb Code     2  use_no_semi.o(.text)
    __semihosting_library_function           0x08009247   Thumb Code     0  indicate_semi.o(.text)
    _btod_d2e                                0x08009247   Thumb Code    62  btod.o(CL$$btod_d2e)
    _d2e_denorm_low                          0x08009285   Thumb Code    70  btod.o(CL$$btod_d2e_denorm_low)
    _d2e_norm_op1                            0x080092cb   Thumb Code    96  btod.o(CL$$btod_d2e_norm_op1)
    __btod_div_common                        0x0800932b   Thumb Code   696  btod.o(CL$$btod_div_common)
    _e2e                                     0x08009663   Thumb Code   198  btod.o(CL$$btod_e2e)
    _btod_ediv                               0x08009729   Thumb Code    40  btod.o(CL$$btod_ediv)
    _btod_emul                               0x08009751   Thumb Code    40  btod.o(CL$$btod_emul)
    __btod_mult_common                       0x08009779   Thumb Code   580  btod.o(CL$$btod_mult_common)
    CAN_DeInit                               0x080099bd   Thumb Code    50  stm32f10x_can.o(i.CAN_DeInit)
    CAN_FilterInit                           0x080099f5   Thumb Code   258  stm32f10x_can.o(i.CAN_FilterInit)
    CAN_ITConfig                             0x08009afd   Thumb Code    18  stm32f10x_can.o(i.CAN_ITConfig)
    CAN_Init                                 0x08009b0f   Thumb Code   276  stm32f10x_can.o(i.CAN_Init)
    CAN_Receive                              0x08009c23   Thumb Code   240  stm32f10x_can.o(i.CAN_Receive)
    CAN_StructInit                           0x08009d13   Thumb Code    32  stm32f10x_can.o(i.CAN_StructInit)
    CAN_Transmit                             0x08009d33   Thumb Code   294  stm32f10x_can.o(i.CAN_Transmit)
    FlashReadBytes                           0x08009eb9   Thumb Code    24  onchip.o(i.FlashReadBytes)
    FlashReadWords                           0x08009ed1   Thumb Code    26  onchip.o(i.FlashReadWords)
    GPIO_Init                                0x08009eeb   Thumb Code   278  stm32f10x_gpio.o(i.GPIO_Init)
    GPIO_ResetBits                           0x0800a001   Thumb Code     4  stm32f10x_gpio.o(i.GPIO_ResetBits)
    GPIO_SetBits                             0x0800a005   Thumb Code     4  stm32f10x_gpio.o(i.GPIO_SetBits)
    HiCreateQueue                            0x0800a1f1   Thumb Code    58  lm_queue_m3_freertos.o(i.HiCreateQueue)
    HiDeQueue                                0x0800a22b   Thumb Code   118  lm_queue_m3_freertos.o(i.HiDeQueue)
    HiDeQueue_nolock                         0x0800a2a1   Thumb Code    74  lm_queue_m3_freertos.o(i.HiDeQueue_nolock)
    HiEnQueue                                0x0800a2eb   Thumb Code   112  lm_queue_m3_freertos.o(i.HiEnQueue)
    HiEnQueue_nolock                         0x0800a35b   Thumb Code    68  lm_queue_m3_freertos.o(i.HiEnQueue_nolock)
    HiGetQueueDataLen                        0x0800a39f   Thumb Code     6  lm_queue_m3_freertos.o(i.HiGetQueueDataLen)
    HiGetQueueIdleNum                        0x0800a3a5   Thumb Code    10  lm_queue_m3_freertos.o(i.HiGetQueueIdleNum)
    HiPeakQueue                              0x0800a3af   Thumb Code   140  lm_queue_m3_freertos.o(i.HiPeakQueue)
    IWDG_Enable                              0x0800a43d   Thumb Code    10  stm32f10x_iwdg.o(i.IWDG_Enable)
    IWDG_ReloadCounter                       0x0800a44d   Thumb Code    10  stm32f10x_iwdg.o(i.IWDG_ReloadCounter)
    IWDG_SetPrescaler                        0x0800a45d   Thumb Code     6  stm32f10x_iwdg.o(i.IWDG_SetPrescaler)
    IWDG_SetReload                           0x0800a469   Thumb Code     6  stm32f10x_iwdg.o(i.IWDG_SetReload)
    IWDG_WriteAccessCmd                      0x0800a475   Thumb Code     6  stm32f10x_iwdg.o(i.IWDG_WriteAccessCmd)
    NVIC_Init                                0x0800a6ed   Thumb Code   100  misc.o(i.NVIC_Init)
    NVIC_SetVectorTable                      0x0800a75d   Thumb Code    12  misc.o(i.NVIC_SetVectorTable)
    RCC_APB1PeriphClockCmd                   0x0800aac9   Thumb Code    26  stm32f10x_rcc.o(i.RCC_APB1PeriphClockCmd)
    RCC_APB1PeriphResetCmd                   0x0800aae9   Thumb Code    26  stm32f10x_rcc.o(i.RCC_APB1PeriphResetCmd)
    RCC_APB2PeriphClockCmd                   0x0800ab09   Thumb Code    26  stm32f10x_rcc.o(i.RCC_APB2PeriphClockCmd)
    RCC_GetClocksFreq                        0x0800ab45   Thumb Code   192  stm32f10x_rcc.o(i.RCC_GetClocksFreq)
    SystemInit                               0x0800af7d   Thumb Code    78  system_stm32f10x.o(i.SystemInit)
    UARTInit                                 0x0800b0a9   Thumb Code   186  lm_uudp.o(i.UARTInit)
    USART_ClearITPendingBit                  0x0800b16d   Thumb Code    30  stm32f10x_usart.o(i.USART_ClearITPendingBit)
    USART_Cmd                                0x0800b18b   Thumb Code    24  stm32f10x_usart.o(i.USART_Cmd)
    USART_GetITStatus                        0x0800b1a3   Thumb Code    84  stm32f10x_usart.o(i.USART_GetITStatus)
    USART_ITConfig                           0x0800b1f7   Thumb Code    74  stm32f10x_usart.o(i.USART_ITConfig)
    USART_Init                               0x0800b241   Thumb Code   210  stm32f10x_usart.o(i.USART_Init)
    USART_ReceiveData                        0x0800b319   Thumb Code    10  stm32f10x_usart.o(i.USART_ReceiveData)
    USART_SendData                           0x0800b323   Thumb Code     8  stm32f10x_usart.o(i.USART_SendData)
    USB_LP_CAN1_RX0_IRQHandler               0x0800b32d   Thumb Code   216  lm_cudp_m3.o(i.USB_LP_CAN1_RX0_IRQHandler)
    YJ_AplGetAddr                            0x0800b40d   Thumb Code    26  lmst_nodecommon.o(i.YJ_AplGetAddr)
    YJ_AplGetType                            0x0800b427   Thumb Code    26  lmst_nodecommon.o(i.YJ_AplGetType)
    YJ_CudpInit                              0x0800b441   Thumb Code    44  lm_cudp_m3.o(i.YJ_CudpInit)
    YJ_CudpRecv                              0x0800b49b   Thumb Code   136  lm_cudp_m3.o(i.YJ_CudpRecv)
    YJ_CudpSendTo                            0x0800b523   Thumb Code   100  lm_cudp_m3.o(i.YJ_CudpSendTo)
    YJ_CudpUnInit                            0x0800b587   Thumb Code    24  lm_cudp_m3.o(i.YJ_CudpUnInit)
    YJ_DEBUG                                 0x0800b5a1   Thumb Code    54  lmst_nodecommon.o(i.YJ_DEBUG)
    YJ_DeletCudpObj                          0x0800b5dd   Thumb Code    28  lm_cudp_m3.o(i.YJ_DeletCudpObj)
    YJ_ERR                                   0x0800b5fd   Thumb Code    54  lmst_nodecommon.o(i.YJ_ERR)
    YJ_GetNodeType                           0x0800b639   Thumb Code    16  onchip.o(i.YJ_GetNodeType)
    YJ_GetSysClock_ms                        0x0800b64d   Thumb Code    22  lm_systemclock.o(i.YJ_GetSysClock_ms)
    YJ_HeadNodeTask_LocalCtrl                0x0800b669   Thumb Code   238  lmst_headnode_localctrl.o(i.YJ_HeadNodeTask_LocalCtrl)
    YJ_HeadNodeTask__                        0x0800b7bd   Thumb Code    60  lmst_headnode_localctrl.o(i.YJ_HeadNodeTask__)
    YJ_InitCudpObj                           0x0800b7fd   Thumb Code    70  lm_cudp_m3.o(i.YJ_InitCudpObj)
    YJ_InitLed                               0x0800b855   Thumb Code    46  lmst_headnode_localctrl.o(i.YJ_InitLed)
    YJ_InitSystem                            0x0800b889   Thumb Code    76  lmst_nodecommon.o(i.YJ_InitSystem)
    YJ_IsTimeOut                             0x0800b8e1   Thumb Code    34  lm_common.o(i.YJ_IsTimeOut)
    YJ_IwdgInit                              0x0800b905   Thumb Code    54  lmst_nodecommon.o(i.YJ_IwdgInit)
    YJ_PackedApl                             0x0800b94d   Thumb Code   108  lmst_nodecommon.o(i.YJ_PackedApl)
    YJ_ReBoot                                0x0800b9b9   Thumb Code    32  lmst_nodecommon.o(i.YJ_ReBoot)
    YJ_SendMsg                               0x0800b9d9   Thumb Code    54  lmst_nodecommon.o(i.YJ_SendMsg)
    YJ_SetTimeOut_ms                         0x0800ba15   Thumb Code    32  lm_common.o(i.YJ_SetTimeOut_ms)
    YJ_SysClockInit                          0x0800ba35   Thumb Code    52  lm_systemclock.o(i.YJ_SysClockInit)
    YJ_SysClockUninit                        0x0800ba81   Thumb Code     6  lm_systemclock.o(i.YJ_SysClockUninit)
    YJ_UnInitSystem                          0x0800ba89   Thumb Code    32  lmst_nodecommon.o(i.YJ_UnInitSystem)
    YJ_UudpInit                              0x0800bab5   Thumb Code    72  lm_uudp.o(i.YJ_UudpInit)
    YJ_UudpRecv                              0x0800bb01   Thumb Code   130  lm_uudp.o(i.YJ_UudpRecv)
    YJ_UudpSend                              0x0800bb85   Thumb Code   202  lm_uudp.o(i.YJ_UudpSend)
    YJ_UudpUninit                            0x0800bc55   Thumb Code    48  lm_uudp.o(i.YJ_UudpUninit)
    __ARM_fpclassify                         0x0800bc89   Thumb Code    40  fpclassify.o(i.__ARM_fpclassify)
    _is_digit                                0x0800bcb1   Thumb Code    14  __printf_wp.o(i._is_digit)
    cJSON_Delete                             0x0800bcbf   Thumb Code    68  cjson.o(i.cJSON_Delete)
    cJSON_GetObjectItem                      0x0800bd03   Thumb Code    30  cjson.o(i.cJSON_GetObjectItem)
    cJSON_Parse                              0x0800bd39   Thumb Code    16  cjson.o(i.cJSON_Parse)
    cJSON_ParseWithOpts                      0x0800bd49   Thumb Code    96  cjson.o(i.cJSON_ParseWithOpts)
    main                                     0x0800be19   Thumb Code    44  smarttuna.o(i.main)
    pvPortMalloc                             0x0800c9f9   Thumb Code   166  heap_2.o(i.pvPortMalloc)
    pvTaskIncrementMutexHeldCount            0x0800cab1   Thumb Code    26  tasks.o(i.pvTaskIncrementMutexHeldCount)
    pxPortInitialiseStack                    0x0800cad1   Thumb Code    30  port.o(i.pxPortInitialiseStack)
    uxListRemove                             0x0800cb07   Thumb Code    40  list.o(i.uxListRemove)
    vListInitialise                          0x0800cb2f   Thumb Code    26  list.o(i.vListInitialise)
    vListInitialiseItem                      0x0800cb49   Thumb Code     6  list.o(i.vListInitialiseItem)
    vListInsert                              0x0800cb4f   Thumb Code    52  list.o(i.vListInsert)
    vListInsertEnd                           0x0800cb83   Thumb Code    24  list.o(i.vListInsertEnd)
    vPortEnterCritical                       0x0800cb9d   Thumb Code    30  port.o(i.vPortEnterCritical)
    vPortExitCritical                        0x0800cbc1   Thumb Code    28  port.o(i.vPortExitCritical)
    vPortFree                                0x0800cbe1   Thumb Code    56  heap_2.o(i.vPortFree)
    vPortSetupTimerInterrupt                 0x0800cc21   Thumb Code    14  port.o(i.vPortSetupTimerInterrupt)
    vTaskDelay                               0x0800cc35   Thumb Code    46  tasks.o(i.vTaskDelay)
    vTaskDelete                              0x0800cc69   Thumb Code   166  tasks.o(i.vTaskDelete)
    vTaskMissedYield                         0x0800cd35   Thumb Code     8  tasks.o(i.vTaskMissedYield)
    vTaskPlaceOnEventList                    0x0800cd41   Thumb Code    28  tasks.o(i.vTaskPlaceOnEventList)
    vTaskPriorityInherit                     0x0800cd61   Thumb Code   164  tasks.o(i.vTaskPriorityInherit)
    vTaskSetTimeOutState                     0x0800ce11   Thumb Code    14  tasks.o(i.vTaskSetTimeOutState)
    vTaskStartScheduler                      0x0800ce29   Thumb Code    72  tasks.o(i.vTaskStartScheduler)
    vTaskSuspendAll                          0x0800ce8d   Thumb Code    12  tasks.o(i.vTaskSuspendAll)
    vTaskSwitchContext                       0x0800ce9d   Thumb Code    76  tasks.o(i.vTaskSwitchContext)
    vUARTInterruptHandler                    0x0800cefd   Thumb Code   128  lm_uudp.o(i.vUARTInterruptHandler)
    xPortStartScheduler                      0x0800cf85   Thumb Code    42  port.o(i.xPortStartScheduler)
    xPortSysTickHandler                      0x0800cfb9   Thumb Code    46  port.o(i.xPortSysTickHandler)
    xQueueCreateMutex                        0x0800cfed   Thumb Code    34  queue.o(i.xQueueCreateMutex)
    xQueueGenericCreate                      0x0800d00f   Thumb Code    56  queue.o(i.xQueueGenericCreate)
    xQueueGenericReceive                     0x0800d049   Thumb Code   342  queue.o(i.xQueueGenericReceive)
    xQueueGenericReset                       0x0800d1a5   Thumb Code   122  queue.o(i.xQueueGenericReset)
    xQueueGenericSend                        0x0800d225   Thumb Code   276  queue.o(i.xQueueGenericSend)
    xTaskCheckForTimeOut                     0x0800d33d   Thumb Code    84  tasks.o(i.xTaskCheckForTimeOut)
    xTaskCreate                              0x0800d399   Thumb Code    96  tasks.o(i.xTaskCreate)
    xTaskIncrementTick                       0x0800d3f9   Thumb Code   238  tasks.o(i.xTaskIncrementTick)
    xTaskPriorityDisinherit                  0x0800d515   Thumb Code   122  tasks.o(i.xTaskPriorityDisinherit)
    xTaskRemoveFromEventList                 0x0800d599   Thumb Code   104  tasks.o(i.xTaskRemoveFromEventList)
    xTaskResumeAll                           0x0800d619   Thumb Code   196  tasks.o(i.xTaskResumeAll)
    _get_lc_ctype                            0x0800d701   Thumb Code    44  lc_ctype_c.o(locale$$code)
    _get_lc_numeric                          0x0800d72d   Thumb Code    44  lc_numeric_c.o(locale$$code)
    __aeabi_d2f                              0x0800d759   Thumb Code     0  d2f.o(x$fpl$d2f)
    _d2f                                     0x0800d759   Thumb Code    98  d2f.o(x$fpl$d2f)
    __aeabi_dadd                             0x0800d7bd   Thumb Code     0  daddsub_clz.o(x$fpl$dadd)
    _dadd                                    0x0800d7bd   Thumb Code   332  daddsub_clz.o(x$fpl$dadd)
    __aeabi_d2iz                             0x0800d90d   Thumb Code     0  dfix.o(x$fpl$dfix)
    _dfix                                    0x0800d90d   Thumb Code    94  dfix.o(x$fpl$dfix)
    __aeabi_i2d                              0x0800d96b   Thumb Code     0  dflt_clz.o(x$fpl$dflt)
    _dflt                                    0x0800d96b   Thumb Code    46  dflt_clz.o(x$fpl$dflt)
    __aeabi_dmul                             0x0800d999   Thumb Code     0  dmul.o(x$fpl$dmul)
    _dmul                                    0x0800d999   Thumb Code   332  dmul.o(x$fpl$dmul)
    __fpl_dnaninf                            0x0800daed   Thumb Code   156  dnaninf.o(x$fpl$dnaninf)
    __fpl_dretinf                            0x0800db89   Thumb Code    12  dretinf.o(x$fpl$dretinf)
    __aeabi_dsub                             0x0800db95   Thumb Code     0  daddsub_clz.o(x$fpl$dsub)
    _dsub                                    0x0800db95   Thumb Code   464  daddsub_clz.o(x$fpl$dsub)
    __aeabi_f2d                              0x0800dd69   Thumb Code     0  f2d.o(x$fpl$f2d)
    _f2d                                     0x0800dd69   Thumb Code    86  f2d.o(x$fpl$f2d)
    __fpl_fnaninf                            0x0800ddbf   Thumb Code   140  fnaninf.o(x$fpl$fnaninf)
    __fpl_fretinf                            0x0800de4b   Thumb Code    10  fretinf.o(x$fpl$fretinf)
    _printf_fp_dec                           0x0800de55   Thumb Code     4  printf1.o(x$fpl$printf1)
    __I$use$fp                               0x0800de58   Number         0  usenofp.o(x$fpl$usenofp)
    Region$$Table$$Base                      0x0800df64   Number         0  anon$$obj.o(Region$$Table)
    Region$$Table$$Limit                     0x0800df84   Number         0  anon$$obj.o(Region$$Table)
    __ctype                                  0x0800df91   Data           0  lc_ctype_c.o(locale$$data)
    pxCurrentTCB                             0x2000001c   Data           4  tasks.o(.data)
    g_CudpCore                               0x20000078   Data           4  lmst_nodecommon.o(.data)
    g_UudpCore                               0x2000007c   Data           4  lmst_nodecommon.o(.data)
    g_SysClockCore                           0x20000080   Data           4  lmst_nodecommon.o(.data)
    g_NodeCommonBuff                         0x20003c9c   Data         384  lmst_nodecommon.o(.bss)
    __libspace_start                         0x20003e1c   Data          96  libspace.o(.bss)
    __temporary_stack_top$libspace           0x20003e7c   Data           0  libspace.o(.bss)



==============================================================================

Memory Map of the image

  Image Entry point : 0x080080ed

  Load Region LR_IROM1 (Base: 0x08008000, Size: 0x00006134, Max: 0x00008000, ABSOLUTE)

    Execution Region ER_IROM1 (Base: 0x08008000, Size: 0x000060b0, Max: 0x00008000, ABSOLUTE)

    Base Addr    Size         Type   Attr      Idx    E Section Name        Object

    0x08008000   0x000000ec   Data   RO         4650    RESET               stm32f10x.o
    0x080080ec   0x00000008   Code   RO         4856  * !!!main             c_w.l(__main.o)
    0x080080f4   0x00000034   Code   RO         5168    !!!scatter          c_w.l(__scatter.o)
    0x08008128   0x0000001a   Code   RO         5170    !!handler_copy      c_w.l(__scatter_copy.o)
    0x08008142   0x00000002   PAD
    0x08008144   0x0000001c   Code   RO         5172    !!handler_zi        c_w.l(__scatter_zi.o)
    0x08008160   0x00000000   Code   RO         4836    .ARM.Collect$$_printf_percent$$00000000  c_w.l(_printf_percent.o)
    0x08008160   0x00000006   Code   RO         4834    .ARM.Collect$$_printf_percent$$00000003  c_w.l(_printf_f.o)
    0x08008166   0x00000006   Code   RO         4831    .ARM.Collect$$_printf_percent$$00000008  c_w.l(_printf_i.o)
    0x0800816c   0x00000006   Code   RO         4832    .ARM.Collect$$_printf_percent$$00000009  c_w.l(_printf_d.o)
    0x08008172   0x00000006   Code   RO         4833    .ARM.Collect$$_printf_percent$$0000000A  c_w.l(_printf_u.o)
    0x08008178   0x00000006   Code   RO         4830    .ARM.Collect$$_printf_percent$$0000000B  c_w.l(_printf_o.o)
    0x0800817e   0x00000006   Code   RO         4829    .ARM.Collect$$_printf_percent$$0000000C  c_w.l(_printf_x.o)
    0x08008184   0x0000000a   Code   RO         4933    .ARM.Collect$$_printf_percent$$00000012  c_w.l(_printf_l.o)
    0x0800818e   0x00000006   Code   RO         4827    .ARM.Collect$$_printf_percent$$00000013  c_w.l(_printf_c.o)
    0x08008194   0x00000006   Code   RO         4828    .ARM.Collect$$_printf_percent$$00000014  c_w.l(_printf_s.o)
    0x0800819a   0x00000006   Code   RO         4837    .ARM.Collect$$_printf_percent$$00000015  c_w.l(_printf_lc.o)
    0x080081a0   0x00000004   Code   RO         4932    .ARM.Collect$$_printf_percent$$00000017  c_w.l(_printf_percent_end.o)
    0x080081a4   0x00000002   Code   RO         5098    .ARM.Collect$$libinit$$00000000  c_w.l(libinit.o)
    0x080081a6   0x00000000   Code   RO         5027    .ARM.Collect$$libinit$$00000002  c_w.l(libinit2.o)
    0x080081a6   0x00000000   Code   RO         5029    .ARM.Collect$$libinit$$00000004  c_w.l(libinit2.o)
    0x080081a6   0x00000000   Code   RO         5032    .ARM.Collect$$libinit$$0000000A  c_w.l(libinit2.o)
    0x080081a6   0x00000000   Code   RO         5034    .ARM.Collect$$libinit$$0000000C  c_w.l(libinit2.o)
    0x080081a6   0x00000000   Code   RO         5036    .ARM.Collect$$libinit$$0000000E  c_w.l(libinit2.o)
    0x080081a6   0x00000006   Code   RO         5037    .ARM.Collect$$libinit$$0000000F  c_w.l(libinit2.o)
    0x080081ac   0x00000000   Code   RO         5039    .ARM.Collect$$libinit$$00000011  c_w.l(libinit2.o)
    0x080081ac   0x0000000c   Code   RO         5040    .ARM.Collect$$libinit$$00000012  c_w.l(libinit2.o)
    0x080081b8   0x00000000   Code   RO         5041    .ARM.Collect$$libinit$$00000013  c_w.l(libinit2.o)
    0x080081b8   0x00000000   Code   RO         5043    .ARM.Collect$$libinit$$00000015  c_w.l(libinit2.o)
    0x080081b8   0x0000000a   Code   RO         5044    .ARM.Collect$$libinit$$00000016  c_w.l(libinit2.o)
    0x080081c2   0x00000000   Code   RO         5045    .ARM.Collect$$libinit$$00000017  c_w.l(libinit2.o)
    0x080081c2   0x00000000   Code   RO         5047    .ARM.Collect$$libinit$$00000019  c_w.l(libinit2.o)
    0x080081c2   0x00000000   Code   RO         5049    .ARM.Collect$$libinit$$0000001B  c_w.l(libinit2.o)
    0x080081c2   0x00000000   Code   RO         5051    .ARM.Collect$$libinit$$0000001D  c_w.l(libinit2.o)
    0x080081c2   0x00000000   Code   RO         5053    .ARM.Collect$$libinit$$0000001F  c_w.l(libinit2.o)
    0x080081c2   0x00000000   Code   RO         5055    .ARM.Collect$$libinit$$00000021  c_w.l(libinit2.o)
    0x080081c2   0x00000000   Code   RO         5057    .ARM.Collect$$libinit$$00000023  c_w.l(libinit2.o)
    0x080081c2   0x00000000   Code   RO         5059    .ARM.Collect$$libinit$$00000025  c_w.l(libinit2.o)
    0x080081c2   0x00000000   Code   RO         5063    .ARM.Collect$$libinit$$0000002C  c_w.l(libinit2.o)
    0x080081c2   0x00000000   Code   RO         5065    .ARM.Collect$$libinit$$0000002E  c_w.l(libinit2.o)
    0x080081c2   0x00000000   Code   RO         5067    .ARM.Collect$$libinit$$00000030  c_w.l(libinit2.o)
    0x080081c2   0x00000000   Code   RO         5069    .ARM.Collect$$libinit$$00000032  c_w.l(libinit2.o)
    0x080081c2   0x00000002   Code   RO         5070    .ARM.Collect$$libinit$$00000033  c_w.l(libinit2.o)
    0x080081c4   0x00000002   Code   RO         5165    .ARM.Collect$$libshutdown$$00000000  c_w.l(libshutdown.o)
    0x080081c6   0x00000000   Code   RO         5121    .ARM.Collect$$libshutdown$$00000002  c_w.l(libshutdown2.o)
    0x080081c6   0x00000000   Code   RO         5123    .ARM.Collect$$libshutdown$$00000004  c_w.l(libshutdown2.o)
    0x080081c6   0x00000000   Code   RO         5126    .ARM.Collect$$libshutdown$$00000007  c_w.l(libshutdown2.o)
    0x080081c6   0x00000000   Code   RO         5129    .ARM.Collect$$libshutdown$$0000000A  c_w.l(libshutdown2.o)
    0x080081c6   0x00000000   Code   RO         5131    .ARM.Collect$$libshutdown$$0000000C  c_w.l(libshutdown2.o)
    0x080081c6   0x00000000   Code   RO         5134    .ARM.Collect$$libshutdown$$0000000F  c_w.l(libshutdown2.o)
    0x080081c6   0x00000002   Code   RO         5135    .ARM.Collect$$libshutdown$$00000010  c_w.l(libshutdown2.o)
    0x080081c8   0x00000000   Code   RO         4888    .ARM.Collect$$rtentry$$00000000  c_w.l(__rtentry.o)
    0x080081c8   0x00000000   Code   RO         4951    .ARM.Collect$$rtentry$$00000002  c_w.l(__rtentry2.o)
    0x080081c8   0x00000006   Code   RO         4963    .ARM.Collect$$rtentry$$00000004  c_w.l(__rtentry4.o)
    0x080081ce   0x00000000   Code   RO         4953    .ARM.Collect$$rtentry$$00000009  c_w.l(__rtentry2.o)
    0x080081ce   0x00000004   Code   RO         4954    .ARM.Collect$$rtentry$$0000000A  c_w.l(__rtentry2.o)
    0x080081d2   0x00000000   Code   RO         4956    .ARM.Collect$$rtentry$$0000000C  c_w.l(__rtentry2.o)
    0x080081d2   0x00000008   Code   RO         4957    .ARM.Collect$$rtentry$$0000000D  c_w.l(__rtentry2.o)
    0x080081da   0x00000002   Code   RO         5106    .ARM.Collect$$rtexit$$00000000  c_w.l(rtexit.o)
    0x080081dc   0x00000000   Code   RO         5139    .ARM.Collect$$rtexit$$00000002  c_w.l(rtexit2.o)
    0x080081dc   0x00000004   Code   RO         5140    .ARM.Collect$$rtexit$$00000003  c_w.l(rtexit2.o)
    0x080081e0   0x00000006   Code   RO         5141    .ARM.Collect$$rtexit$$00000004  c_w.l(rtexit2.o)
    0x080081e6   0x00000002   PAD
    0x080081e8   0x00000096   Code   RO          113    .emb_text           port.o
    0x0800827e   0x00000002   PAD
    0x08008280   0x0000003c   Code   RO         4651    .text               stm32f10x.o
    0x080082bc   0x0000004e   Code   RO         4703    .text               c_w.l(h1_free.o)
    0x0800830a   0x0000001a   Code   RO         4757    .text               c_w.l(tolower.o)
    0x08008324   0x00000034   Code   RO         4765    .text               c_w.l(noretval__2snprintf.o)
    0x08008358   0x0000004e   Code   RO         4769    .text               c_w.l(_printf_pad.o)
    0x080083a6   0x00000024   Code   RO         4771    .text               c_w.l(_printf_truncate.o)
    0x080083ca   0x00000052   Code   RO         4773    .text               c_w.l(_printf_str.o)
    0x0800841c   0x00000078   Code   RO         4775    .text               c_w.l(_printf_dec.o)
    0x08008494   0x000000bc   Code   RO         4777    .text               c_w.l(_printf_wctomb.o)
    0x08008550   0x00000054   Code   RO         4782    .text               c_w.l(_printf_oct_int.o)
    0x080085a4   0x00000058   Code   RO         4789    .text               c_w.l(_printf_hex_int.o)
    0x080085fc   0x00000188   Code   RO         4824    .text               c_w.l(__printf_flags_ss_wp.o)
    0x08008784   0x0000003e   Code   RO         4842    .text               c_w.l(strlen.o)
    0x080087c2   0x00000096   Code   RO         4844    .text               c_w.l(strncmp.o)
    0x08008858   0x0000008a   Code   RO         4846    .text               c_w.l(rt_memcpy_v6.o)
    0x080088e2   0x00000064   Code   RO         4848    .text               c_w.l(rt_memcpy_w.o)
    0x08008946   0x0000004e   Code   RO         4850    .text               c_w.l(rt_memclr_w.o)
    0x08008994   0x00000080   Code   RO         4852    .text               c_w.l(strcmpv7m.o)
    0x08008a14   0x00000006   Code   RO         4854    .text               c_w.l(heapauxi.o)
    0x08008a1a   0x00000002   PAD
    0x08008a1c   0x00000010   Code   RO         4889    .text               c_w.l(rt_ctype_table.o)
    0x08008a2c   0x00000008   Code   RO         4894    .text               c_w.l(rt_heap_descriptor_intlibspace.o)
    0x08008a34   0x000000b2   Code   RO         4918    .text               c_w.l(_printf_intcommon.o)
    0x08008ae6   0x0000041a   Code   RO         4920    .text               c_w.l(_printf_fp_dec.o)
    0x08008f00   0x00000030   Code   RO         4922    .text               c_w.l(_printf_char_common.o)
    0x08008f30   0x0000000a   Code   RO         4924    .text               c_w.l(_sputc.o)
    0x08008f3a   0x00000010   Code   RO         4926    .text               c_w.l(_snputc.o)
    0x08008f4a   0x0000002c   Code   RO         4928    .text               c_w.l(_printf_char.o)
    0x08008f76   0x0000002c   Code   RO         4930    .text               c_w.l(_printf_wchar.o)
    0x08008fa2   0x00000040   Code   RO         4934    .text               c_w.l(_wcrtomb.o)
    0x08008fe2   0x00000002   PAD
    0x08008fe4   0x00000008   Code   RO         4947    .text               c_w.l(libspace.o)
    0x08008fec   0x00000008   Code   RO         4968    .text               c_w.l(rt_locale_intlibspace.o)
    0x08008ff4   0x0000008a   Code   RO         4980    .text               c_w.l(lludiv10.o)
    0x0800907e   0x00000002   PAD
    0x08009080   0x00000080   Code   RO         4982    .text               c_w.l(_printf_fp_infnan.o)
    0x08009100   0x000000dc   Code   RO         4986    .text               c_w.l(bigflt0.o)
    0x080091dc   0x0000004a   Code   RO         5077    .text               c_w.l(sys_stackheap_outer.o)
    0x08009226   0x00000012   Code   RO         5085    .text               c_w.l(exit.o)
    0x08009238   0x0000000c   Code   RO         5101    .text               c_w.l(sys_exit.o)
    0x08009244   0x00000002   Code   RO         5103    .text               c_w.l(use_no_semi.o)
    0x08009246   0x00000000   Code   RO         5105    .text               c_w.l(indicate_semi.o)
    0x08009246   0x0000003e   Code   RO         4989    CL$$btod_d2e        c_w.l(btod.o)
    0x08009284   0x00000046   Code   RO         4991    CL$$btod_d2e_denorm_low  c_w.l(btod.o)
    0x080092ca   0x00000060   Code   RO         4990    CL$$btod_d2e_norm_op1  c_w.l(btod.o)
    0x0800932a   0x00000338   Code   RO         4999    CL$$btod_div_common  c_w.l(btod.o)
    0x08009662   0x000000c6   Code   RO         4996    CL$$btod_e2e        c_w.l(btod.o)
    0x08009728   0x00000028   Code   RO         4993    CL$$btod_ediv       c_w.l(btod.o)
    0x08009750   0x00000028   Code   RO         4992    CL$$btod_emul       c_w.l(btod.o)
    0x08009778   0x00000244   Code   RO         4998    CL$$btod_mult_common  c_w.l(btod.o)
    0x080099bc   0x00000038   Code   RO         1152    i.CAN_DeInit        stm32f10x_can.o
    0x080099f4   0x00000108   Code   RO         1154    i.CAN_FilterInit    stm32f10x_can.o
    0x08009afc   0x00000012   Code   RO         1160    i.CAN_ITConfig      stm32f10x_can.o
    0x08009b0e   0x00000114   Code   RO         1161    i.CAN_Init          stm32f10x_can.o
    0x08009c22   0x000000f0   Code   RO         1164    i.CAN_Receive       stm32f10x_can.o
    0x08009d12   0x00000020   Code   RO         1167    i.CAN_StructInit    stm32f10x_can.o
    0x08009d32   0x00000126   Code   RO         1169    i.CAN_Transmit      stm32f10x_can.o
    0x08009e58   0x00000026   Code   RO         4017    i.Checksum          lm_uudp.o
    0x08009e7e   0x00000002   PAD
    0x08009e80   0x00000010   Code   RO          739    i.CloseHeadLight    lmst_headnode_localctrl.o
    0x08009e90   0x00000028   Code   RO         3821    i.CudpTask          lm_cudp_m3.o
    0x08009eb8   0x00000018   Code   RO         4146    i.FlashReadBytes    onchip.o
    0x08009ed0   0x0000001a   Code   RO         4147    i.FlashReadWords    onchip.o
    0x08009eea   0x00000116   Code   RO         1984    i.GPIO_Init         stm32f10x_gpio.o
    0x0800a000   0x00000004   Code   RO         1991    i.GPIO_ResetBits    stm32f10x_gpio.o
    0x0800a004   0x00000004   Code   RO         1992    i.GPIO_SetBits      stm32f10x_gpio.o
    0x0800a008   0x000001e8   Code   RO          740    i.GetMpuData        lmst_headnode_localctrl.o
    0x0800a1f0   0x0000003a   Code   RO         3940    i.HiCreateQueue     lm_queue_m3_freertos.o
    0x0800a22a   0x00000076   Code   RO         3941    i.HiDeQueue         lm_queue_m3_freertos.o
    0x0800a2a0   0x0000004a   Code   RO         3942    i.HiDeQueue_nolock  lm_queue_m3_freertos.o
    0x0800a2ea   0x00000070   Code   RO         3945    i.HiEnQueue         lm_queue_m3_freertos.o
    0x0800a35a   0x00000044   Code   RO         3946    i.HiEnQueue_nolock  lm_queue_m3_freertos.o
    0x0800a39e   0x00000006   Code   RO         3947    i.HiGetQueueDataLen  lm_queue_m3_freertos.o
    0x0800a3a4   0x0000000a   Code   RO         3948    i.HiGetQueueIdleNum  lm_queue_m3_freertos.o
    0x0800a3ae   0x0000008c   Code   RO         3949    i.HiPeakQueue       lm_queue_m3_freertos.o
    0x0800a43a   0x00000002   PAD
    0x0800a43c   0x00000010   Code   RO         2299    i.IWDG_Enable       stm32f10x_iwdg.o
    0x0800a44c   0x00000010   Code   RO         2301    i.IWDG_ReloadCounter  stm32f10x_iwdg.o
    0x0800a45c   0x0000000c   Code   RO         2302    i.IWDG_SetPrescaler  stm32f10x_iwdg.o
    0x0800a468   0x0000000c   Code   RO         2303    i.IWDG_SetReload    stm32f10x_iwdg.o
    0x0800a474   0x0000000c   Code   RO         2304    i.IWDG_WriteAccessCmd  stm32f10x_iwdg.o
    0x0800a480   0x000000e8   Code   RO         3822    i.InitCan           lm_cudp_m3.o
    0x0800a568   0x00000150   Code   RO         4018    i.ItRecvPrc         lm_uudp.o
    0x0800a6b8   0x00000010   Code   RO         4552    i.IwdgTask          lmst_nodecommon.o
    0x0800a6c8   0x00000022   Code   RO         3823    i.NVIC_Configuration  lm_cudp_m3.o
    0x0800a6ea   0x00000002   PAD
    0x0800a6ec   0x00000070   Code   RO          806    i.NVIC_Init         misc.o
    0x0800a75c   0x00000014   Code   RO          808    i.NVIC_SetVectorTable  misc.o
    0x0800a770   0x00000010   Code   RO          741    i.OpenHeadLight     lmst_headnode_localctrl.o
    0x0800a780   0x00000034   Code   RO         4019    i.PrcRecv_it        lm_uudp.o
    0x0800a7b4   0x000001a4   Code   RO          742    i.ProcMsg           lmst_headnode_localctrl.o
    0x0800a958   0x00000044   Code   RO         3824    i.ProcRecv          lm_cudp_m3.o
    0x0800a99c   0x0000012c   Code   RO         3825    i.ProcSend          lm_cudp_m3.o
    0x0800aac8   0x00000020   Code   RO         2409    i.RCC_APB1PeriphClockCmd  stm32f10x_rcc.o
    0x0800aae8   0x00000020   Code   RO         2410    i.RCC_APB1PeriphResetCmd  stm32f10x_rcc.o
    0x0800ab08   0x00000020   Code   RO         2411    i.RCC_APB2PeriphClockCmd  stm32f10x_rcc.o
    0x0800ab28   0x0000001c   Code   RO         3826    i.RCC_Configuration  lm_cudp_m3.o
    0x0800ab44   0x000000d4   Code   RO         2419    i.RCC_GetClocksFreq  stm32f10x_rcc.o
    0x0800ac18   0x0000005c   Code   RO          743    i.ReplyHeatBeat     lmst_headnode_localctrl.o
    0x0800ac74   0x0000004c   Code   RO         3827    i.SendCanFrame      lm_cudp_m3.o
    0x0800acc0   0x000001a8   Code   RO          744    i.ServoMotorCtrl    lmst_headnode_localctrl.o
    0x0800ae68   0x00000008   Code   RO         4665    i.SetSysClock       system_stm32f10x.o
    0x0800ae70   0x000000e0   Code   RO         4666    i.SetSysClockTo72   system_stm32f10x.o
    0x0800af50   0x0000002c   Code   RO         4105    i.SysClockTask      lm_systemclock.o
    0x0800af7c   0x00000060   Code   RO         4668    i.SystemInit        system_stm32f10x.o
    0x0800afdc   0x000000cc   Code   RO          745    i.TailCtrl          lmst_headnode_localctrl.o
    0x0800b0a8   0x000000c4   Code   RO         4020    i.UARTInit          lm_uudp.o
    0x0800b16c   0x0000001e   Code   RO         3585    i.USART_ClearITPendingBit  stm32f10x_usart.o
    0x0800b18a   0x00000018   Code   RO         3588    i.USART_Cmd         stm32f10x_usart.o
    0x0800b1a2   0x00000054   Code   RO         3592    i.USART_GetITStatus  stm32f10x_usart.o
    0x0800b1f6   0x0000004a   Code   RO         3594    i.USART_ITConfig    stm32f10x_usart.o
    0x0800b240   0x000000d8   Code   RO         3595    i.USART_Init        stm32f10x_usart.o
    0x0800b318   0x0000000a   Code   RO         3602    i.USART_ReceiveData  stm32f10x_usart.o
    0x0800b322   0x00000008   Code   RO         3605    i.USART_SendData    stm32f10x_usart.o
    0x0800b32a   0x00000002   PAD
    0x0800b32c   0x000000e0   Code   RO         3828    i.USB_LP_CAN1_RX0_IRQHandler  lm_cudp_m3.o
    0x0800b40c   0x0000001a   Code   RO         4553    i.YJ_AplGetAddr     lmst_nodecommon.o
    0x0800b426   0x0000001a   Code   RO         4554    i.YJ_AplGetType     lmst_nodecommon.o
    0x0800b440   0x00000040   Code   RO         3829    i.YJ_CudpInit       lm_cudp_m3.o
    0x0800b480   0x0000001a   Code   RO         3830    i.YJ_CudpProc       lm_cudp_m3.o
    0x0800b49a   0x00000088   Code   RO         3831    i.YJ_CudpRecv       lm_cudp_m3.o
    0x0800b522   0x00000064   Code   RO         3834    i.YJ_CudpSendTo     lm_cudp_m3.o
    0x0800b586   0x00000018   Code   RO         3835    i.YJ_CudpUnInit     lm_cudp_m3.o
    0x0800b59e   0x00000002   PAD
    0x0800b5a0   0x0000003c   Code   RO         4555    i.YJ_DEBUG          lmst_nodecommon.o
    0x0800b5dc   0x00000020   Code   RO         3836    i.YJ_DeletCudpObj   lm_cudp_m3.o
    0x0800b5fc   0x0000003c   Code   RO         4556    i.YJ_ERR            lmst_nodecommon.o
    0x0800b638   0x00000014   Code   RO         4152    i.YJ_GetNodeType    onchip.o
    0x0800b64c   0x0000001c   Code   RO         4106    i.YJ_GetSysClock_ms  lm_systemclock.o
    0x0800b668   0x00000154   Code   RO          746    i.YJ_HeadNodeTask_LocalCtrl  lmst_headnode_localctrl.o
    0x0800b7bc   0x00000040   Code   RO          747    i.YJ_HeadNodeTask__  lmst_headnode_localctrl.o
    0x0800b7fc   0x00000058   Code   RO         3837    i.YJ_InitCudpObj    lm_cudp_m3.o
    0x0800b854   0x00000034   Code   RO          748    i.YJ_InitLed        lmst_headnode_localctrl.o
    0x0800b888   0x00000058   Code   RO         4558    i.YJ_InitSystem     lmst_nodecommon.o
    0x0800b8e0   0x00000022   Code   RO         4087    i.YJ_IsTimeOut      lm_common.o
    0x0800b902   0x00000002   PAD
    0x0800b904   0x00000048   Code   RO         4559    i.YJ_IwdgInit       lmst_nodecommon.o
    0x0800b94c   0x0000006c   Code   RO         4560    i.YJ_PackedApl      lmst_nodecommon.o
    0x0800b9b8   0x00000020   Code   RO         4561    i.YJ_ReBoot         lmst_nodecommon.o
    0x0800b9d8   0x0000003c   Code   RO         4563    i.YJ_SendMsg        lmst_nodecommon.o
    0x0800ba14   0x00000020   Code   RO         4088    i.YJ_SetTimeOut_ms  lm_common.o
    0x0800ba34   0x0000004c   Code   RO         4107    i.YJ_SysClockInit   lm_systemclock.o
    0x0800ba80   0x00000006   Code   RO         4108    i.YJ_SysClockUninit  lm_systemclock.o
    0x0800ba86   0x00000002   PAD
    0x0800ba88   0x0000002c   Code   RO         4564    i.YJ_UnInitSystem   lmst_nodecommon.o
    0x0800bab4   0x0000004c   Code   RO         4021    i.YJ_UudpInit       lm_uudp.o
    0x0800bb00   0x00000082   Code   RO         4022    i.YJ_UudpRecv       lm_uudp.o
    0x0800bb82   0x00000002   PAD
    0x0800bb84   0x000000d0   Code   RO         4023    i.YJ_UudpSend       lm_uudp.o
    0x0800bc54   0x00000034   Code   RO         4024    i.YJ_UudpUninit     lm_uudp.o
    0x0800bc88   0x00000028   Code   RO         5073    i.__ARM_fpclassify  m_ws.l(fpclassify.o)
    0x0800bcb0   0x0000000e   Code   RO         4817    i._is_digit         c_w.l(__printf_wp.o)
    0x0800bcbe   0x00000044   Code   RO         4254    i.cJSON_Delete      cjson.o
    0x0800bd02   0x0000001e   Code   RO         4263    i.cJSON_GetObjectItem  cjson.o
    0x0800bd20   0x00000018   Code   RO         4265    i.cJSON_New_Item    cjson.o
    0x0800bd38   0x00000010   Code   RO         4266    i.cJSON_Parse       cjson.o
    0x0800bd48   0x00000064   Code   RO         4267    i.cJSON_ParseWithOpts  cjson.o
    0x0800bdac   0x0000004c   Code   RO         4272    i.cJSON_strcasecmp  cjson.o
    0x0800bdf8   0x00000020   Code   RO          647    i.delay_ms          smarttuna.o
    0x0800be18   0x0000003c   Code   RO          648    i.main              smarttuna.o
    0x0800be54   0x000000ac   Code   RO         4275    i.parse_array       cjson.o
    0x0800bf00   0x00000114   Code   RO         4276    i.parse_hex4        cjson.o
    0x0800c014   0x00000154   Code   RO         4277    i.parse_number      cjson.o
    0x0800c168   0x00000114   Code   RO         4278    i.parse_object      cjson.o
    0x0800c27c   0x000001c8   Code   RO         4279    i.parse_string      cjson.o
    0x0800c444   0x000000bc   Code   RO         4280    i.parse_value       cjson.o
    0x0800c500   0x00000098   Code   RO          347    i.prvAddCurrentTaskToDelayedList  tasks.o
    0x0800c598   0x000000b4   Code   RO          348    i.prvAddNewTaskToReadyList  tasks.o
    0x0800c64c   0x00000064   Code   RO          349    i.prvCheckTasksWaitingTermination  tasks.o
    0x0800c6b0   0x0000002a   Code   RO          191    i.prvCopyDataFromQueue  queue.o
    0x0800c6da   0x0000007c   Code   RO          192    i.prvCopyDataToQueue  queue.o
    0x0800c756   0x00000012   Code   RO          350    i.prvDeleteTCB      tasks.o
    0x0800c768   0x00000038   Code   RO            1    i.prvHeapInit       heap_2.o
    0x0800c7a0   0x00000028   Code   RO          351    i.prvIdleTask       tasks.o
    0x0800c7c8   0x0000001c   Code   RO          193    i.prvInitialiseMutex  queue.o
    0x0800c7e4   0x00000026   Code   RO          194    i.prvInitialiseNewQueue  queue.o
    0x0800c80a   0x00000086   Code   RO          352    i.prvInitialiseNewTask  tasks.o
    0x0800c890   0x00000068   Code   RO          353    i.prvInitialiseTaskLists  tasks.o
    0x0800c8f8   0x0000001a   Code   RO          195    i.prvIsQueueEmpty   queue.o
    0x0800c912   0x0000001e   Code   RO          196    i.prvIsQueueFull    queue.o
    0x0800c930   0x00000034   Code   RO          354    i.prvResetNextTaskUnblockTime  tasks.o
    0x0800c964   0x00000016   Code   RO          114    i.prvTaskExitError  port.o
    0x0800c97a   0x0000007e   Code   RO          197    i.prvUnlockQueue    queue.o
    0x0800c9f8   0x000000b8   Code   RO            2    i.pvPortMalloc      heap_2.o
    0x0800cab0   0x00000020   Code   RO          356    i.pvTaskIncrementMutexHeldCount  tasks.o
    0x0800cad0   0x00000024   Code   RO          115    i.pxPortInitialiseStack  port.o
    0x0800caf4   0x00000012   Code   RO         4287    i.skip              cjson.o
    0x0800cb06   0x00000028   Code   RO           77    i.uxListRemove      list.o
    0x0800cb2e   0x0000001a   Code   RO           78    i.vListInitialise   list.o
    0x0800cb48   0x00000006   Code   RO           79    i.vListInitialiseItem  list.o
    0x0800cb4e   0x00000034   Code   RO           80    i.vListInsert       list.o
    0x0800cb82   0x00000018   Code   RO           81    i.vListInsertEnd    list.o
    0x0800cb9a   0x00000002   PAD
    0x0800cb9c   0x00000024   Code   RO          117    i.vPortEnterCritical  port.o
    0x0800cbc0   0x00000020   Code   RO          118    i.vPortExitCritical  port.o
    0x0800cbe0   0x00000040   Code   RO            3    i.vPortFree         heap_2.o
    0x0800cc20   0x00000014   Code   RO          119    i.vPortSetupTimerInterrupt  port.o
    0x0800cc34   0x00000034   Code   RO          362    i.vTaskDelay        tasks.o
    0x0800cc68   0x000000cc   Code   RO          364    i.vTaskDelete       tasks.o
    0x0800cd34   0x0000000c   Code   RO          366    i.vTaskMissedYield  tasks.o
    0x0800cd40   0x00000020   Code   RO          368    i.vTaskPlaceOnEventList  tasks.o
    0x0800cd60   0x000000b0   Code   RO          370    i.vTaskPriorityInherit  tasks.o
    0x0800ce10   0x00000018   Code   RO          373    i.vTaskSetTimeOutState  tasks.o
    0x0800ce28   0x00000064   Code   RO          374    i.vTaskStartScheduler  tasks.o
    0x0800ce8c   0x00000010   Code   RO          376    i.vTaskSuspendAll   tasks.o
    0x0800ce9c   0x00000060   Code   RO          377    i.vTaskSwitchContext  tasks.o
    0x0800cefc   0x00000088   Code   RO         4025    i.vUARTInterruptHandler  lm_uudp.o
    0x0800cf84   0x00000034   Code   RO          120    i.xPortStartScheduler  port.o
    0x0800cfb8   0x00000034   Code   RO          121    i.xPortSysTickHandler  port.o
    0x0800cfec   0x00000022   Code   RO          203    i.xQueueCreateMutex  queue.o
    0x0800d00e   0x00000038   Code   RO          204    i.xQueueGenericCreate  queue.o
    0x0800d046   0x00000002   PAD
    0x0800d048   0x0000015c   Code   RO          205    i.xQueueGenericReceive  queue.o
    0x0800d1a4   0x00000080   Code   RO          206    i.xQueueGenericReset  queue.o
    0x0800d224   0x00000118   Code   RO          207    i.xQueueGenericSend  queue.o
    0x0800d33c   0x0000005c   Code   RO          378    i.xTaskCheckForTimeOut  tasks.o
    0x0800d398   0x00000060   Code   RO          379    i.xTaskCreate       tasks.o
    0x0800d3f8   0x0000011c   Code   RO          385    i.xTaskIncrementTick  tasks.o
    0x0800d514   0x00000084   Code   RO          388    i.xTaskPriorityDisinherit  tasks.o
    0x0800d598   0x00000080   Code   RO          389    i.xTaskRemoveFromEventList  tasks.o
    0x0800d618   0x000000e8   Code   RO          391    i.xTaskResumeAll    tasks.o
    0x0800d700   0x0000002c   Code   RO         5012    locale$$code        c_w.l(lc_ctype_c.o)
    0x0800d72c   0x0000002c   Code   RO         5015    locale$$code        c_w.l(lc_numeric_c.o)
    0x0800d758   0x00000062   Code   RO         4858    x$fpl$d2f           fz_ws.l(d2f.o)
    0x0800d7ba   0x00000002   PAD
    0x0800d7bc   0x00000150   Code   RO         4860    x$fpl$dadd          fz_ws.l(daddsub_clz.o)
    0x0800d90c   0x0000005e   Code   RO         4866    x$fpl$dfix          fz_ws.l(dfix.o)
    0x0800d96a   0x0000002e   Code   RO         4871    x$fpl$dflt          fz_ws.l(dflt_clz.o)
    0x0800d998   0x00000154   Code   RO         4878    x$fpl$dmul          fz_ws.l(dmul.o)
    0x0800daec   0x0000009c   Code   RO         4938    x$fpl$dnaninf       fz_ws.l(dnaninf.o)
    0x0800db88   0x0000000c   Code   RO         4940    x$fpl$dretinf       fz_ws.l(dretinf.o)
    0x0800db94   0x000001d4   Code   RO         4862    x$fpl$dsub          fz_ws.l(daddsub_clz.o)
    0x0800dd68   0x00000056   Code   RO         4882    x$fpl$f2d           fz_ws.l(f2d.o)
    0x0800ddbe   0x0000008c   Code   RO         4942    x$fpl$fnaninf       fz_ws.l(fnaninf.o)
    0x0800de4a   0x0000000a   Code   RO         4944    x$fpl$fretinf       fz_ws.l(fretinf.o)
    0x0800de54   0x00000004   Code   RO         4884    x$fpl$printf1       fz_ws.l(printf1.o)
    0x0800de58   0x00000000   Code   RO         4946    x$fpl$usenofp       fz_ws.l(usenofp.o)
    0x0800de58   0x0000002d   Data   RO          749    .constdata          lmst_headnode_localctrl.o
    0x0800de85   0x00000007   Data   RO         4289    .constdata          cjson.o
    0x0800de8c   0x00000008   Data   RO         4778    .constdata          c_w.l(_printf_wctomb.o)
    0x0800de94   0x00000028   Data   RO         4790    .constdata          c_w.l(_printf_hex_int.o)
    0x0800debc   0x00000011   Data   RO         4825    .constdata          c_w.l(__printf_flags_ss_wp.o)
    0x0800decd   0x00000003   PAD
    0x0800ded0   0x00000094   Data   RO         4987    .constdata          c_w.l(bigflt0.o)
    0x0800df64   0x00000020   Data   RO         5166    Region$$Table       anon$$obj.o
    0x0800df84   0x00000110   Data   RO         5011    locale$$data        c_w.l(lc_ctype_c.o)
    0x0800e094   0x0000001c   Data   RO         5014    locale$$data        c_w.l(lc_numeric_c.o)


    Execution Region RW_IRAM1 (Base: 0x20000000, Size: 0x00004080, Max: 0x00005000, ABSOLUTE)

    Base Addr    Size         Type   Attr      Idx    E Section Name        Object

    0x20000000   0x00000018   Data   RW            7    .data               heap_2.o
    0x20000018   0x00000004   Data   RW          122    .data               port.o
    0x2000001c   0x0000003c   Data   RW          394    .data               tasks.o
    0x20000058   0x00000014   Data   RW         2439    .data               stm32f10x_rcc.o
    0x2000006c   0x00000004   Data   RW         4026    .data               lm_uudp.o
    0x20000070   0x00000004   Data   RW         4109    .data               lm_systemclock.o
    0x20000074   0x00000004   Data   RW         4290    .data               cjson.o
    0x20000078   0x0000000c   Data   RW         4566    .data               lmst_nodecommon.o
    0x20000084   0x00003000   Zero   RW            6    .bss                heap_2.o
    0x20003084   0x000000c8   Zero   RW          393    .bss                tasks.o
    0x2000314c   0x00000b50   Zero   RW         3838    .bss                lm_cudp_m3.o
    0x20003c9c   0x00000180   Zero   RW         4565    .bss                lmst_nodecommon.o
    0x20003e1c   0x00000060   Zero   RW         4948    .bss                c_w.l(libspace.o)
    0x20003e7c   0x00000004   PAD
    0x20003e80   0x00000000   Zero   RW         4649    HEAP                stm32f10x.o
    0x20003e80   0x00000200   Zero   RW         4648    STACK               stm32f10x.o


==============================================================================

Image component sizes


      Code (inc. data)   RO Data    RW Data    ZI Data      Debug   Object Name

      2040         62          7          4          0      10349   cjson.o
       304         40          0         24      12288      16687   heap_2.o
       148          0          0          0          0       3166   list.o
        66          0          0          0          0       1642   lm_common.o
      1472         68          0          0       2896      13712   lm_cudp_m3.o
       586          0          0          0          0       5636   lm_queue_m3_freertos.o
       154         30          0          4          0       3398   lm_systemclock.o
      1224         38          0          4          0       7612   lm_uudp.o
      2116        740         45          0          0       7489   lmst_headnode_localctrl.o
       592         60          0         12        384       7736   lmst_nodecommon.o
       132         20          0          0          0       1674   misc.o
        70          4          0          0          0       2083   onchip.o
       400         50          0          4          0       8912   port.o
      1260         16          0          0          0      20830   queue.o
        92         16          0          0          0     236806   smarttuna.o
        60         22        236          0        512        792   stm32f10x.o
      1180         12          0          0          0      14042   stm32f10x_can.o
       286          0          0          0          0       3184   stm32f10x_gpio.o
        68         30          0          0          0       2654   stm32f10x_iwdg.o
       308         38          0         20          0       5235   stm32f10x_rcc.o
       446          6          0          0          0       6477   stm32f10x_usart.o
       328         28          0          0          0       1965   system_stm32f10x.o
      2488        380          0         60        200      27160   tasks.o

    ----------------------------------------------------------------------
     15842       1660        320        132      16280     409241   Object Totals
         0          0         32          0          0          0   (incl. Generated)
        22          0          0          0          0          0   (incl. Padding)

    ----------------------------------------------------------------------

      Code (inc. data)   RO Data    RW Data    ZI Data      Debug   Library Member Name

         8          0          0          0          0         68   __main.o
       392          4         17          0          0         92   __printf_flags_ss_wp.o
        14          0          0          0          0         68   __printf_wp.o
         0          0          0          0          0          0   __rtentry.o
        12          0          0          0          0          0   __rtentry2.o
         6          0          0          0          0          0   __rtentry4.o
        52          8          0          0          0          0   __scatter.o
        26          0          0          0          0          0   __scatter_copy.o
        28          0          0          0          0          0   __scatter_zi.o
         6          0          0          0          0          0   _printf_c.o
        44          0          0          0          0        108   _printf_char.o
        48          6          0          0          0         96   _printf_char_common.o
         6          0          0          0          0          0   _printf_d.o
       120         16          0          0          0         92   _printf_dec.o
         6          0          0          0          0          0   _printf_f.o
      1050          0          0          0          0        216   _printf_fp_dec.o
       128         16          0          0          0         84   _printf_fp_infnan.o
        88          4         40          0          0         88   _printf_hex_int.o
         6          0          0          0          0          0   _printf_i.o
       178          0          0          0          0         88   _printf_intcommon.o
        10          0          0          0          0          0   _printf_l.o
         6          0          0          0          0          0   _printf_lc.o
         6          0          0          0          0          0   _printf_o.o
        84         10          0          0          0         88   _printf_oct_int.o
        78          0          0          0          0        108   _printf_pad.o
         0          0          0          0          0          0   _printf_percent.o
         4          0          0          0          0          0   _printf_percent_end.o
         6          0          0          0          0          0   _printf_s.o
        82          0          0          0          0         80   _printf_str.o
        36          0          0          0          0         84   _printf_truncate.o
         6          0          0          0          0          0   _printf_u.o
        44          0          0          0          0        108   _printf_wchar.o
       188          6          8          0          0         92   _printf_wctomb.o
         6          0          0          0          0          0   _printf_x.o
        16          0          0          0          0         68   _snputc.o
        10          0          0          0          0         68   _sputc.o
        64          0          0          0          0         92   _wcrtomb.o
       220          4        148          0          0         96   bigflt0.o
      1910        128          0          0          0        672   btod.o
        18          0          0          0          0         80   exit.o
        78          0          0          0          0         80   h1_free.o
         6          0          0          0          0        152   heapauxi.o
         0          0          0          0          0          0   indicate_semi.o
        44         10        272          0          0         76   lc_ctype_c.o
        44         10         28          0          0         76   lc_numeric_c.o
         2          0          0          0          0          0   libinit.o
        30          0          0          0          0          0   libinit2.o
         2          0          0          0          0          0   libshutdown.o
         2          0          0          0          0          0   libshutdown2.o
         8          4          0          0         96         68   libspace.o
       138          0          0          0          0         80   lludiv10.o
        52          4          0          0          0         84   noretval__2snprintf.o
        16          4          0          0          0         76   rt_ctype_table.o
         8          4          0          0          0         68   rt_heap_descriptor_intlibspace.o
         8          4          0          0          0         68   rt_locale_intlibspace.o
        78          0          0          0          0         80   rt_memclr_w.o
       138          0          0          0          0         68   rt_memcpy_v6.o
       100          0          0          0          0         80   rt_memcpy_w.o
         2          0          0          0          0          0   rtexit.o
        10          0          0          0          0          0   rtexit2.o
       128          0          0          0          0         68   strcmpv7m.o
        62          0          0          0          0         76   strlen.o
       150          0          0          0          0         80   strncmp.o
        12          4          0          0          0         68   sys_exit.o
        74          0          0          0          0         80   sys_stackheap_outer.o
        26          0          0          0          0         76   tolower.o
         2          0          0          0          0         68   use_no_semi.o
        98          4          0          0          0         92   d2f.o
       804         16          0          0          0        272   daddsub_clz.o
        94          4          0          0          0         92   dfix.o
        46          0          0          0          0         68   dflt_clz.o
       340         12          0          0          0        104   dmul.o
       156          4          0          0          0         92   dnaninf.o
        12          0          0          0          0         68   dretinf.o
        86          4          0          0          0         84   f2d.o
       140          4          0          0          0         84   fnaninf.o
        10          0          0          0          0         68   fretinf.o
         4          0          0          0          0         68   printf1.o
         0          0          0          0          0          0   usenofp.o
        40          0          0          0          0         68   fpclassify.o

    ----------------------------------------------------------------------
      8074        294        516          0        100       5368   Library Totals
        12          0          3          0          4          0   (incl. Padding)

    ----------------------------------------------------------------------

      Code (inc. data)   RO Data    RW Data    ZI Data      Debug   Library Name

      6232        246        513          0         96       4208   c_w.l
      1790         48          0          0          0       1092   fz_ws.l
        40          0          0          0          0         68   m_ws.l

    ----------------------------------------------------------------------
      8074        294        516          0        100       5368   Library Totals

    ----------------------------------------------------------------------

==============================================================================


      Code (inc. data)   RO Data    RW Data    ZI Data      Debug   

     23916       1954        836        132      16380     403373   Grand Totals
     23916       1954        836        132      16380     403373   ELF Image Totals
     23916       1954        836        132          0          0   ROM Totals

==============================================================================

    Total RO  Size (Code + RO Data)                24752 (  24.17kB)
    Total RW  Size (RW Data + ZI Data)             16512 (  16.13kB)
    Total ROM Size (Code + RO Data + RW Data)      24884 (  24.30kB)

==============================================================================

