Component: ARM Compiler 5.06 update 2 (build 183) Tool: armlink [4d35b7]

==============================================================================

Section Cross References

    heap_2.o(i.prvHeapInit) refers to heap_2.o(.bss) for ucHeap
    heap_2.o(i.prvHeapInit) refers to heap_2.o(.data) for xStart
    heap_2.o(i.pvPortMalloc) refers to tasks.o(i.vTaskSuspendAll) for vTaskSuspendAll
    heap_2.o(i.pvPortMalloc) refers to heap_2.o(i.prvHeapInit) for prvHeapInit
    heap_2.o(i.pvPortMalloc) refers to tasks.o(i.xTaskResumeAll) for xTaskResumeAll
    heap_2.o(i.pvPortMalloc) refers to heap_2.o(.data) for xHeapHasBeenInitialised
    heap_2.o(i.vPortFree) refers to tasks.o(i.vTaskSuspendAll) for vTaskSuspendAll
    heap_2.o(i.vPortFree) refers to tasks.o(i.xTaskResumeAll) for xTaskResumeAll
    heap_2.o(i.vPortFree) refers to heap_2.o(.data) for xStart
    heap_2.o(i.xPortGetFreeHeapSize) refers to heap_2.o(.data) for xFreeBytesRemaining
    port.o(.emb_text) refers to tasks.o(i.vTaskSwitchContext) for vTaskSwitchContext
    port.o(.emb_text) refers to tasks.o(.data) for pxCurrentTCB
    port.o(i.pxPortInitialiseStack) refers to port.o(i.prvTaskExitError) for prvTaskExitError
    port.o(i.vPortEnterCritical) refers to port.o(.data) for uxCriticalNesting
    port.o(i.vPortExitCritical) refers to port.o(.data) for uxCriticalNesting
    port.o(i.xPortStartScheduler) refers to port.o(i.vPortSetupTimerInterrupt) for vPortSetupTimerInterrupt
    port.o(i.xPortStartScheduler) refers to port.o(.emb_text) for __asm___6_port_c_39a90d8d__prvStartFirstTask
    port.o(i.xPortStartScheduler) refers to port.o(.data) for uxCriticalNesting
    port.o(i.xPortSysTickHandler) refers to tasks.o(i.xTaskIncrementTick) for xTaskIncrementTick
    queue.o(i.prvCopyDataFromQueue) refers to rt_memcpy_v6.o(.text) for __aeabi_memcpy
    queue.o(i.prvCopyDataToQueue) refers to tasks.o(i.xTaskPriorityDisinherit) for xTaskPriorityDisinherit
    queue.o(i.prvCopyDataToQueue) refers to rt_memcpy_v6.o(.text) for __aeabi_memcpy
    queue.o(i.prvInitialiseMutex) refers to queue.o(i.xQueueGenericSend) for xQueueGenericSend
    queue.o(i.prvInitialiseNewQueue) refers to queue.o(i.xQueueGenericReset) for xQueueGenericReset
    queue.o(i.prvIsQueueEmpty) refers to port.o(i.vPortEnterCritical) for vPortEnterCritical
    queue.o(i.prvIsQueueEmpty) refers to port.o(i.vPortExitCritical) for vPortExitCritical
    queue.o(i.prvIsQueueFull) refers to port.o(i.vPortEnterCritical) for vPortEnterCritical
    queue.o(i.prvIsQueueFull) refers to port.o(i.vPortExitCritical) for vPortExitCritical
    queue.o(i.prvUnlockQueue) refers to port.o(i.vPortEnterCritical) for vPortEnterCritical
    queue.o(i.prvUnlockQueue) refers to tasks.o(i.xTaskRemoveFromEventList) for xTaskRemoveFromEventList
    queue.o(i.prvUnlockQueue) refers to tasks.o(i.vTaskMissedYield) for vTaskMissedYield
    queue.o(i.prvUnlockQueue) refers to port.o(i.vPortExitCritical) for vPortExitCritical
    queue.o(i.uxQueueMessagesWaiting) refers to port.o(i.vPortEnterCritical) for vPortEnterCritical
    queue.o(i.uxQueueMessagesWaiting) refers to port.o(i.vPortExitCritical) for vPortExitCritical
    queue.o(i.uxQueueSpacesAvailable) refers to port.o(i.vPortEnterCritical) for vPortEnterCritical
    queue.o(i.uxQueueSpacesAvailable) refers to port.o(i.vPortExitCritical) for vPortExitCritical
    queue.o(i.vQueueDelete) refers to heap_2.o(i.vPortFree) for vPortFree
    queue.o(i.xQueueCreateCountingSemaphore) refers to queue.o(i.xQueueGenericCreate) for xQueueGenericCreate
    queue.o(i.xQueueCreateMutex) refers to queue.o(i.xQueueGenericCreate) for xQueueGenericCreate
    queue.o(i.xQueueCreateMutex) refers to queue.o(i.prvInitialiseMutex) for prvInitialiseMutex
    queue.o(i.xQueueGenericCreate) refers to heap_2.o(i.pvPortMalloc) for pvPortMalloc
    queue.o(i.xQueueGenericCreate) refers to queue.o(i.prvInitialiseNewQueue) for prvInitialiseNewQueue
    queue.o(i.xQueueGenericReceive) refers to port.o(i.vPortEnterCritical) for vPortEnterCritical
    queue.o(i.xQueueGenericReceive) refers to queue.o(i.prvCopyDataFromQueue) for prvCopyDataFromQueue
    queue.o(i.xQueueGenericReceive) refers to tasks.o(i.pvTaskIncrementMutexHeldCount) for pvTaskIncrementMutexHeldCount
    queue.o(i.xQueueGenericReceive) refers to tasks.o(i.xTaskRemoveFromEventList) for xTaskRemoveFromEventList
    queue.o(i.xQueueGenericReceive) refers to port.o(i.vPortExitCritical) for vPortExitCritical
    queue.o(i.xQueueGenericReceive) refers to tasks.o(i.vTaskSetTimeOutState) for vTaskSetTimeOutState
    queue.o(i.xQueueGenericReceive) refers to tasks.o(i.vTaskSuspendAll) for vTaskSuspendAll
    queue.o(i.xQueueGenericReceive) refers to tasks.o(i.xTaskCheckForTimeOut) for xTaskCheckForTimeOut
    queue.o(i.xQueueGenericReceive) refers to queue.o(i.prvIsQueueEmpty) for prvIsQueueEmpty
    queue.o(i.xQueueGenericReceive) refers to tasks.o(i.vTaskPriorityInherit) for vTaskPriorityInherit
[...]
    DMAChannel6_IRQHandler                   0x080082eb   Thumb Code     0  stm32f10x.o(.text)
    DMAChannel7_IRQHandler                   0x080082eb   Thumb Code     0  stm32f10x.o(.text)
    EXTI0_IRQHandler                         0x080082eb   Thumb Code     0  stm32f10x.o(.text)
    EXTI15_10_IRQHandler                     0x080082eb   Thumb Code     0  stm32f10x.o(.text)
    EXTI1_IRQHandler                         0x080082eb   Thumb Code     0  stm32f10x.o(.text)
    EXTI2_IRQHandler                         0x080082eb   Thumb Code     0  stm32f10x.o(.text)
    EXTI3_IRQHandler                         0x080082eb   Thumb Code     0  stm32f10x.o(.text)
    EXTI4_IRQHandler                         0x080082eb   Thumb Code     0  stm32f10x.o(.text)
    EXTI9_5_IRQHandler                       0x080082eb   Thumb Code     0  stm32f10x.o(.text)
    FLASH_IRQHandler                         0x080082eb   Thumb Code     0  stm32f10x.o(.text)
    I2C1_ER_IRQHandler                       0x080082eb   Thumb Code     0  stm32f10x.o(.text)
    I2C1_EV_IRQHandler                       0x080082eb   Thumb Code     0  stm32f10x.o(.text)
    I2C2_ER_IRQHandler                       0x080082eb   Thumb Code     0  stm32f10x.o(.text)
    I2C2_EV_IRQHandler                       0x080082eb   Thumb Code     0  stm32f10x.o(.text)
    PVD_IRQHandler                           0x080082eb   Thumb Code     0  stm32f10x.o(.text)
    RCC_IRQHandler                           0x080082eb   Thumb Code     0  stm32f10x.o(.text)
    RTCAlarm_IRQHandler                      0x080082eb   Thumb Code     0  stm32f10x.o(.text)
    RTC_IRQHandler                           0x080082eb   Thumb Code     0  stm32f10x.o(.text)
    SPI1_IRQHandler                          0x080082eb   Thumb Code     0  stm32f10x.o(.text)
    SPI2_IRQHandler                          0x080082eb   Thumb Code     0  stm32f10x.o(.text)
    TAMPER_IRQHandler                        0x080082eb   Thumb Code     0  stm32f10x.o(.text)
    TIM1_BRK_IRQHandler                      0x080082eb   Thumb Code     0  stm32f10x.o(.text)
    TIM1_CC_IRQHandler                       0x080082eb   Thumb Code     0  stm32f10x.o(.text)
    TIM1_TRG_COM_IRQHandler                  0x080082eb   Thumb Code     0  stm32f10x.o(.text)
    TIM1_UP_IRQHandler                       0x080082eb   Thumb Code     0  stm32f10x.o(.text)
    TIM3_IRQHandler                          0x080082eb   Thumb Code     0  stm32f10x.o(.text)
    USART1_IRQHandler                        0x080082eb   Thumb Code     0  stm32f10x.o(.text)
    USART2_IRQHandler                        0x080082eb   Thumb Code     0  stm32f10x.o(.text)
    USART3_IRQHandler                        0x080082eb   Thumb Code     0  stm32f10x.o(.text)
    USBWakeUp_IRQHandler                     0x080082eb   Thumb Code     0  stm32f10x.o(.text)
    USB_HP_CAN_TX_IRQHandler                 0x080082eb   Thumb Code     0  stm32f10x.o(.text)
    USB_LP_CAN_RX0_IRQHandler                0x080082eb   Thumb Code     0  stm32f10x.o(.text)
    WWDG_IRQHandler                          0x080082eb   Thumb Code     0  stm32f10x.o(.text)
    __user_initial_stackheap                 0x080082ed   Thumb Code     0  stm32f10x.o(.text)
    free                                     0x0800830d   Thumb Code    78  h1_free.o(.text)
    __aeabi_ldivmod                          0x0800835b   Thumb Code     0  llsdiv.o(.text)
    _ll_sdiv                                 0x0800835b   Thumb Code    72  llsdiv.o(.text)
    tolower                                  0x080083a3   Thumb Code    26  tolower.o(.text)
    __2snprintf                              0x080083bd   Thumb Code    48  noretval__2snprintf.o(.text)
    _printf_pre_padding                      0x080083f1   Thumb Code    44  _printf_pad.o(.text)
    _printf_post_padding                     0x0800841d   Thumb Code    34  _printf_pad.o(.text)
    _printf_truncate_signed                  0x0800843f   Thumb Code    18  _printf_truncate.o(.text)
    _printf_truncate_unsigned                0x08008451   Thumb Code    18  _printf_truncate.o(.text)
    _printf_str                              0x08008463   Thumb Code    82  _printf_str.o(.text)
    _printf_int_dec                          0x080084b5   Thumb Code   104  _printf_dec.o(.text)
    _printf_wctomb                           0x0800852d   Thumb Code   182  _printf_wctomb.o(.text)
    _printf_int_oct                          0x080085e9   Thumb Code    74  _printf_oct_int.o(.text)
    _printf_longlong_oct                     0x080085e9   Thumb Code     0  _printf_oct_int.o(.text)
    _printf_int_hex                          0x0800863d   Thumb Code    84  _printf_hex_int.o(.text)
    _printf_longlong_hex                     0x0800863d   Thumb Code     0  _printf_hex_int.o(.text)
    __printf                                 0x08008695   Thumb Code   388  __printf_flags_ss_wp.o(.text)
    strlen                                   0x0800881d   Thumb Code    62  strlen.o(.text)
    strncmp                                  0x0800885b   Thumb Code   150  strncmp.o(.text)
    __aeabi_memcpy                           0x080088f1   Thumb Code     0  rt_memcpy_v6.o(.text)
    __rt_memcpy                              0x080088f1   Thumb Code   138  rt_memcpy_v6.o(.text)
    _memcpy_lastbytes                        0x08008957   Thumb Code     0  rt_memcpy_v6.o(.text)
    __aeabi_memcpy4                          0x0800897b   Thumb Code     0  rt_memcpy_w.o(.text)
    __aeabi_memcpy8                          0x0800897b   Thumb Code     0  rt_memcpy_w.o(.text)
    __rt_memcpy_w                            0x0800897b   Thumb Code   100  rt_memcpy_w.o(.text)
    _memcpy_lastbytes_aligned                0x080089c3   Thumb Code     0  rt_memcpy_w.o(.text)
    __aeabi_memclr4                          0x080089df   Thumb Code     0  rt_memclr_w.o(.text)
    __aeabi_memclr8                          0x080089df   Thumb Code     0  rt_memclr_w.o(.text)
    __rt_memclr_w                            0x080089df   Thumb Code    78  rt_memclr_w.o(.text)
    _memset_w                                0x080089e3   Thumb Code     0  rt_memclr_w.o(.text)
    strcmp                                   0x08008a2d   Thumb Code   128  strcmpv7m.o(.text)
    __use_two_region_memory                  0x08008aad   Thumb Code     2  heapauxi.o(.text)
    __rt_heap_escrow                         0x08008aaf   Thumb Code     2  heapauxi.o(.text)
    __rt_heap_expand                         0x08008ab1   Thumb Code     2  heapauxi.o(.text)
    __rt_ctype_table                         0x08008ab5   Thumb Code    16  rt_ctype_table.o(.text)
    __rt_heap_descriptor                     0x08008ac5   Thumb Code     8  rt_heap_descriptor_intlibspace.o(.text)
    __aeabi_uldivmod                         0x08008acd   Thumb Code     0  lludivv7m.o(.text)
    _ll_udiv                                 0x08008acd   Thumb Code   238  lludivv7m.o(.text)
    __read_errno                             0x08008bbb   Thumb Code    10  _rserrno.o(.text)
    __set_errno                              0x08008bc5   Thumb Code    12  _rserrno.o(.text)
    _printf_int_common                       0x08008bd1   Thumb Code   178  _printf_intcommon.o(.text)
    __lib_sel_fp_printf                      0x08008c83   Thumb Code     2  _printf_fp_dec.o(.text)
    _printf_fp_dec_real                      0x08008e31   Thumb Code   620  _printf_fp_dec.o(.text)
    _printf_fp_hex_real                      0x0800909d   Thumb Code   756  _printf_fp_hex.o(.text)
    _printf_char_common                      0x080093a3   Thumb Code    32  _printf_char_common.o(.text)
    _sputc                                   0x080093c9   Thumb Code    10  _sputc.o(.text)
    _snputc                                  0x080093d3   Thumb Code    16  _snputc.o(.text)
    _printf_cs_common                        0x080093e3   Thumb Code    20  _printf_char.o(.text)
    _printf_char                             0x080093f7   Thumb Code    16  _printf_char.o(.text)
    _printf_string                           0x08009407   Thumb Code     8  _printf_char.o(.text)
    _printf_lcs_common                       0x0800940f   Thumb Code    20  _printf_wchar.o(.text)
    _printf_wchar                            0x08009423   Thumb Code    16  _printf_wchar.o(.text)
    _printf_wstring                          0x08009433   Thumb Code     8  _printf_wchar.o(.text)
    _wcrtomb                                 0x0800943b   Thumb Code    64  _wcrtomb.o(.text)
    __user_libspace                          0x0800947d   Thumb Code     8  libspace.o(.text)
    __user_perproc_libspace                  0x0800947d   Thumb Code     0  libspace.o(.text)
    __user_perthread_libspace                0x0800947d   Thumb Code     0  libspace.o(.text)
    __rt_locale                              0x08009485   Thumb Code     8  rt_locale_intlibspace.o(.text)
    __aeabi_errno_addr                       0x0800948d   Thumb Code     8  rt_errno_addr_intlibspace.o(.text)
    __errno$intlibspace                      0x0800948d   Thumb Code     0  rt_errno_addr_intlibspace.o(.text)
    __rt_errno_addr$intlibspace              0x0800948d   Thumb Code     0  rt_errno_addr_intlibspace.o(.text)
    _ll_udiv10                               0x08009495   Thumb Code   138  lludiv10.o(.text)
    _printf_fp_infnan                        0x08009521   Thumb Code   112  _printf_fp_infnan.o(.text)
    _btod_etento                             0x080095a1   Thumb Code   216  bigflt0.o(.text)
    __user_setup_stackheap                   0x0800967d   Thumb Code    74  sys_stackheap_outer.o(.text)
    exit                                     0x080096c7   Thumb Code    18  exit.o(.text)
    _sys_exit                                0x080096d9   Thumb Code     8  sys_exit.o(.text)
    __I$use$semihosting                      0x080096e5   Thumb Code     0  use_no_semi.o(.text)
    __use_no_semihosting_swi                 0x080096e5   Thumb Code     2  use_no_semi.o(.text)
    __semihosting_library_function           0x080096e7   Thumb Code     0  indicate_semi.o(.text)
    _btod_d2e                                0x080096e7   Thumb Code    62  btod.o(CL$$btod_d2e)
    _d2e_denorm_low                          0x08009725   Thumb Code    70  btod.o(CL$$btod_d2e_denorm_low)
    _d2e_norm_op1                            0x0800976b   Thumb Code    96  btod.o(CL$$btod_d2e_norm_op1)
    __btod_div_common                        0x080097cb   Thumb Code   696  btod.o(CL$$btod_div_common)
    _e2e                                     0x08009b03   Thumb Code   198  btod.o(CL$$btod_e2e)
    _btod_ediv                               0x08009bc9   Thumb Code    40  btod.o(CL$$btod_ediv)
    _btod_emul                               0x08009bf1   Thumb Code    40  btod.o(CL$$btod_emul)
    __btod_mult_common                       0x08009c19   Thumb Code   580  btod.o(CL$$btod_mult_common)
    Accel_Read                               0x08009e5d   Thumb Code    66  lm_dcm.o(i.Accel_Read)
    CAN_DeInit                               0x08009eb9   Thumb Code    50  stm32f10x_can.o(i.CAN_DeInit)
    CAN_FilterInit                           0x08009ef1   Thumb Code   258  stm32f10x_can.o(i.CAN_FilterInit)
    CAN_ITConfig                             0x08009ff9   Thumb Code    18  stm32f10x_can.o(i.CAN_ITConfig)
    CAN_Init                                 0x0800a00b   Thumb Code   276  stm32f10x_can.o(i.CAN_Init)
    CAN_Receive                              0x0800a11f   Thumb Code   240  stm32f10x_can.o(i.CAN_Receive)
    CAN_StructInit                           0x0800a20f   Thumb Code    32  stm32f10x_can.o(i.CAN_StructInit)
    CAN_Transmit                             0x0800a22f   Thumb Code   294  stm32f10x_can.o(i.CAN_Transmit)
    Compass_Heading                          0x0800a37d   Thumb Code   266  lm_dcm.o(i.Compass_Heading)
    Delayms                                  0x0800a65d   Thumb Code    40  lm_iic.o(i.Delayms)
    Drift_correction                         0x0800a685   Thumb Code   378  lm_dcm.o(i.Drift_correction)
    Euler_angles                             0x0800a841   Thumb Code   116  lm_dcm.o(i.Euler_angles)
    FlashReadBytes                           0x0800a8c5   Thumb Code    24  onchip.o(i.FlashReadBytes)
    FlashReadWords                           0x0800a8dd   Thumb Code    26  onchip.o(i.FlashReadWords)
    GPIO_Init                                0x0800a8f7   Thumb Code   278  stm32f10x_gpio.o(i.GPIO_Init)
    GetDeg_Pitch                             0x0800aa0d   Thumb Code    32  lm_dcm.o(i.GetDeg_Pitch)
    GetDeg_Roll                              0x0800aa39   Thumb Code    32  lm_dcm.o(i.GetDeg_Roll)
    GetDeg_Yaw                               0x0800aa65   Thumb Code    32  lm_dcm.o(i.GetDeg_Yaw)
    Gyro_Read                                0x0800aa91   Thumb Code    66  lm_dcm.o(i.Gyro_Read)
    HiCreateQueue                            0x0800aaed   Thumb Code    58  lm_queue_m3_freertos.o(i.HiCreateQueue)
    HiDeQueue                                0x0800ab27   Thumb Code   118  lm_queue_m3_freertos.o(i.HiDeQueue)
    HiEnQueue                                0x0800ab9d   Thumb Code   112  lm_queue_m3_freertos.o(i.HiEnQueue)
    HiEnQueue_nolock                         0x0800ac0d   Thumb Code    68  lm_queue_m3_freertos.o(i.HiEnQueue_nolock)
    HiGetQueueDataLen                        0x0800ac51   Thumb Code     6  lm_queue_m3_freertos.o(i.HiGetQueueDataLen)
    HiGetQueueIdleNum                        0x0800ac57   Thumb Code    10  lm_queue_m3_freertos.o(i.HiGetQueueIdleNum)
    HiPeakQueue                              0x0800ac61   Thumb Code   140  lm_queue_m3_freertos.o(i.HiPeakQueue)
    I2C_NoAck                                0x0800aced   Thumb Code    48  lm_iic.o(i.I2C_NoAck)
    I2C_RadeByte                             0x0800ad21   Thumb Code    78  lm_iic.o(i.I2C_RadeByte)
    I2C_SendByte                             0x0800ad75   Thumb Code    78  lm_iic.o(i.I2C_SendByte)
    I2C_Start                                0x0800adc9   Thumb Code    84  lm_iic.o(i.I2C_Start)
    I2C_Stop                                 0x0800ae21   Thumb Code    48  lm_iic.o(i.I2C_Stop)
    I2C_WaitAck                              0x0800ae55   Thumb Code    76  lm_iic.o(i.I2C_WaitAck)
    I2C_delay                                0x0800aea5   Thumb Code    14  lm_iic.o(i.I2C_delay)
    IWDG_Enable                              0x0800b129   Thumb Code    10  stm32f10x_iwdg.o(i.IWDG_Enable)
    IWDG_ReloadCounter                       0x0800b139   Thumb Code    10  stm32f10x_iwdg.o(i.IWDG_ReloadCounter)
    IWDG_SetPrescaler                        0x0800b149   Thumb Code     6  stm32f10x_iwdg.o(i.IWDG_SetPrescaler)
    IWDG_SetReload                           0x0800b155   Thumb Code     6  stm32f10x_iwdg.o(i.IWDG_SetReload)
    IWDG_WriteAccessCmd                      0x0800b161   Thumb Code     6  stm32f10x_iwdg.o(i.IWDG_WriteAccessCmd)
    Init_HMC5883L                            0x0800b255   Thumb Code    54  lm_ahrs.o(i.Init_HMC5883L)
    Init_MPU6050                             0x0800b28b   Thumb Code    54  lm_ahrs.o(i.Init_MPU6050)
    Matrix_Multiply                          0x0800b421   Thumb Code   118  lm_dcm.o(i.Matrix_Multiply)
    Matrix_update                            0x0800b499   Thumb Code   374  lm_dcm.o(i.Matrix_update)
    NVIC_Init                                0x0800b6dd   Thumb Code   100  misc.o(i.NVIC_Init)
    NVIC_SetVectorTable                      0x0800b74d   Thumb Code    12  misc.o(i.NVIC_SetVectorTable)
    Normalize                                0x0800b761   Thumb Code   262  lm_dcm.o(i.Normalize)
    RCC_APB1PeriphClockCmd                   0x0800bb81   Thumb Code    26  stm32f10x_rcc.o(i.RCC_APB1PeriphClockCmd)
    RCC_APB1PeriphResetCmd                   0x0800bba1   Thumb Code    26  stm32f10x_rcc.o(i.RCC_APB1PeriphResetCmd)
    RCC_APB2PeriphClockCmd                   0x0800bbc1   Thumb Code    26  stm32f10x_rcc.o(i.RCC_APB2PeriphClockCmd)
    READ_HMC5883L                            0x0800bbfd   Thumb Code   144  lm_ahrs.o(i.READ_HMC5883L)
    READ_MPU6050                             0x0800bc9d   Thumb Code   244  lm_ahrs.o(i.READ_MPU6050)
    Single_Read                              0x0800bf51   Thumb Code    94  lm_iic.o(i.Single_Read)
    Single_Write                             0x0800bfb5   Thumb Code    80  lm_iic.o(i.Single_Write)
    SystemInit                               0x0800c031   Thumb Code    78  system_stm32f10x.o(i.SystemInit)
    TIM2_IRQHandler                          0x0800c091   Thumb Code   244  lm_timer.o(i.TIM2_IRQHandler)
    TIM4_IRQHandler                          0x0800c1a1   Thumb Code   394  lm_timer.o(i.TIM4_IRQHandler)
    TIM_ClearITPendingBit                    0x0800c365   Thumb Code     6  stm32f10x_tim.o(i.TIM_ClearITPendingBit)
    TIM_GetCapture3                          0x0800c36b   Thumb Code     6  stm32f10x_tim.o(i.TIM_GetCapture3)
    TIM_GetCapture4                          0x0800c371   Thumb Code     8  stm32f10x_tim.o(i.TIM_GetCapture4)
    TIM_GetITStatus                          0x0800c379   Thumb Code    34  stm32f10x_tim.o(i.TIM_GetITStatus)
    USART_ClearITPendingBit                  0x0800c39b   Thumb Code    30  stm32f10x_usart.o(i.USART_ClearITPendingBit)
    USART_GetITStatus                        0x0800c3b9   Thumb Code    84  stm32f10x_usart.o(i.USART_GetITStatus)
    USART_ITConfig                           0x0800c40d   Thumb Code    74  stm32f10x_usart.o(i.USART_ITConfig)
    USART_ReceiveData                        0x0800c457   Thumb Code    10  stm32f10x_usart.o(i.USART_ReceiveData)
    USART_SendData                           0x0800c461   Thumb Code     8  stm32f10x_usart.o(i.USART_SendData)
    USB_LP_CAN1_RX0_IRQHandler               0x0800c469   Thumb Code   216  lm_cudp_m3.o(i.USB_LP_CAN1_RX0_IRQHandler)
    Vector_Add                               0x0800c549   Thumb Code    40  lm_dcm.o(i.Vector_Add)
    Vector_Cross_Product                     0x0800c571   Thumb Code    98  lm_dcm.o(i.Vector_Cross_Product)
    Vector_Dot_Product                       0x0800c5d3   Thumb Code    48  lm_dcm.o(i.Vector_Dot_Product)
    Vector_Scale                             0x0800c603   Thumb Code    38  lm_dcm.o(i.Vector_Scale)
    YJ_AhrsInit                              0x0800c629   Thumb Code    46  lm_ahrs.o(i.YJ_AhrsInit)
    YJ_AplGetType                            0x0800c65d   Thumb Code    30  lmst_nodecommon.o(i.YJ_AplGetType)
    YJ_BMP180Init                            0x0800c67d   Thumb Code   138  lm_bmp180.o(i.YJ_BMP180Init)
    YJ_CudpInit                              0x0800c735   Thumb Code    44  lm_cudp_m3.o(i.YJ_CudpInit)
    YJ_CudpRecv                              0x0800c78f   Thumb Code   136  lm_cudp_m3.o(i.YJ_CudpRecv)
    YJ_CudpSendTo                            0x0800c817   Thumb Code   100  lm_cudp_m3.o(i.YJ_CudpSendTo)
    YJ_CudpUnInit                            0x0800c87b   Thumb Code    24  lm_cudp_m3.o(i.YJ_CudpUnInit)
    YJ_DEBUG                                 0x0800c895   Thumb Code    56  lmst_nodecommon.o(i.YJ_DEBUG)
    YJ_DeletCudpObj                          0x0800c8d1   Thumb Code    28  lm_cudp_m3.o(i.YJ_DeletCudpObj)
    YJ_ERR                                   0x0800c8f1   Thumb Code    56  lmst_nodecommon.o(i.YJ_ERR)
    YJ_GetAhrsParam                          0x0800c92d   Thumb Code    48  lm_ahrs.o(i.YJ_GetAhrsParam)
    YJ_GetBMP180Press                        0x0800c95d   Thumb Code    20  lm_bmp180.o(i.YJ_GetBMP180Press)
    YJ_GetBMP180Temp                         0x0800c975   Thumb Code    20  lm_bmp180.o(i.YJ_GetBMP180Temp)
    YJ_GetNodeType                           0x0800c98d   Thumb Code    16  onchip.o(i.YJ_GetNodeType)
    YJ_GetSysClock_ms                        0x0800c9a1   Thumb Code    22  lm_systemclock.o(i.YJ_GetSysClock_ms)
    YJ_I2C_Init                              0x0800c9bd   Thumb Code    64  lm_iic.o(i.YJ_I2C_Init)
    YJ_InitCudpObj                           0x0800ca01   Thumb Code    70  lm_cudp_m3.o(i.YJ_InitCudpObj)
    YJ_InitSystem                            0x0800ca59   Thumb Code    72  lmst_nodecommon.o(i.YJ_InitSystem)
    YJ_IsTimeOut                             0x0800caa9   Thumb Code    34  lm_common.o(i.YJ_IsTimeOut)
    YJ_IwdgInit                              0x0800cacd   Thumb Code    54  lmst_nodecommon.o(i.YJ_IwdgInit)
    YJ_PackedApl                             0x0800cb15   Thumb Code   108  lmst_nodecommon.o(i.YJ_PackedApl)
    YJ_ReBoot                                0x0800cb81   Thumb Code    32  lmst_nodecommon.o(i.YJ_ReBoot)
    YJ_RecvMsg                               0x0800cba1   Thumb Code    74  lmst_nodecommon.o(i.YJ_RecvMsg)
    YJ_SendMsg                               0x0800cbf1   Thumb Code    56  lmst_nodecommon.o(i.YJ_SendMsg)
    YJ_SensorNodeTask                        0x0800cc2d   Thumb Code   130  lmst_sensornode.o(i.YJ_SensorNodeTask)
    YJ_SetTimeOut_ms                         0x0800ccdd   Thumb Code    32  lm_common.o(i.YJ_SetTimeOut_ms)
    YJ_SysClockInit                          0x0800ccfd   Thumb Code    52  lm_systemclock.o(i.YJ_SysClockInit)
    YJ_SysClockUninit                        0x0800cd49   Thumb Code     6  lm_systemclock.o(i.YJ_SysClockUninit)
    YJ_UnInitSystem                          0x0800cd51   Thumb Code    24  lmst_nodecommon.o(i.YJ_UnInitSystem)
    __ARM_fpclassify                         0x0800cd71   Thumb Code    40  fpclassify.o(i.__ARM_fpclassify)
    __ieee754_rem_pio2                       0x0800cd99   Thumb Code   828  rred.o(i.__ieee754_rem_pio2)
    __kernel_cos                             0x0800d121   Thumb Code   230  cos_i.o(i.__kernel_cos)
    __kernel_poly                            0x0800d21d   Thumb Code   170  poly.o(i.__kernel_poly)
    __kernel_sin                             0x0800d2c9   Thumb Code   224  sin_i.o(i.__kernel_sin)
    __mathlib_dbl_divzero                    0x0800d3b5   Thumb Code    12  dunder.o(i.__mathlib_dbl_divzero)
    __mathlib_dbl_infnan                     0x0800d3c5   Thumb Code     6  dunder.o(i.__mathlib_dbl_infnan)
    __mathlib_dbl_infnan2                    0x0800d3cb   Thumb Code     4  dunder.o(i.__mathlib_dbl_infnan2)
    __mathlib_dbl_invalid                    0x0800d3cf   Thumb Code    12  dunder.o(i.__mathlib_dbl_invalid)
    __mathlib_dbl_overflow                   0x0800d3db   Thumb Code    14  dunder.o(i.__mathlib_dbl_overflow)
    __mathlib_dbl_underflow                  0x0800d3e9   Thumb Code    10  dunder.o(i.__mathlib_dbl_underflow)
    _is_digit                                0x0800d3f9   Thumb Code    14  __printf_wp.o(i._is_digit)
    asin                                     0x0800d409   Thumb Code   572  asin.o(i.asin)
    atan                                     0x0800d679   Thumb Code   474  atan.o(i.atan)
    atan2                                    0x0800d899   Thumb Code   346  atan2.o(i.atan2)
    cJSON_Delete                             0x0800dbc9   Thumb Code    68  cjson.o(i.cJSON_Delete)
    cJSON_GetObjectItem                      0x0800dc0d   Thumb Code    30  cjson.o(i.cJSON_GetObjectItem)
    cJSON_Parse                              0x0800dc43   Thumb Code    16  cjson.o(i.cJSON_Parse)
    cJSON_ParseWithOpts                      0x0800dc55   Thumb Code    96  cjson.o(i.cJSON_ParseWithOpts)
    constrain                                0x0800dd05   Thumb Code    40  lm_dcm.o(i.constrain)
    cos                                      0x0800dd2d   Thumb Code   622  cpgcore.o(i.cos)
    main                                     0x0800e015   Thumb Code    46  smarttuna.o(i.main)
    pow                                      0x0800e769   Thumb Code  2512  pow.o(i.pow)
    pvPortMalloc                             0x0800f639   Thumb Code   166  heap_2.o(i.pvPortMalloc)
    pvTaskIncrementMutexHeldCount            0x0800f6f1   Thumb Code    26  tasks.o(i.pvTaskIncrementMutexHeldCount)
    pxPortInitialiseStack                    0x0800f711   Thumb Code    30  port.o(i.pxPortInitialiseStack)
    sin                                      0x0800f735   Thumb Code   150  sin.o(i.sin)
    sqrt                                     0x0800f7e7   Thumb Code    76  sqrt.o(i.sqrt)
    uxListRemove                             0x0800f833   Thumb Code    40  list.o(i.uxListRemove)
    vListInitialise                          0x0800f85b   Thumb Code    26  list.o(i.vListInitialise)
    vListInitialiseItem                      0x0800f875   Thumb Code     6  list.o(i.vListInitialiseItem)
    vListInsert                              0x0800f87b   Thumb Code    52  list.o(i.vListInsert)
    vListInsertEnd                           0x0800f8af   Thumb Code    24  list.o(i.vListInsertEnd)
    vPortEnterCritical                       0x0800f8c9   Thumb Code    30  port.o(i.vPortEnterCritical)
    vPortExitCritical                        0x0800f8ed   Thumb Code    28  port.o(i.vPortExitCritical)
    vPortFree                                0x0800f90d   Thumb Code    56  heap_2.o(i.vPortFree)
    vPortSetupTimerInterrupt                 0x0800f94d   Thumb Code    14  port.o(i.vPortSetupTimerInterrupt)
    vTaskDelay                               0x0800f961   Thumb Code    46  tasks.o(i.vTaskDelay)
    vTaskDelete                              0x0800f995   Thumb Code   166  tasks.o(i.vTaskDelete)
    vTaskMissedYield                         0x0800fa61   Thumb Code     8  tasks.o(i.vTaskMissedYield)
    vTaskPlaceOnEventList                    0x0800fa6d   Thumb Code    28  tasks.o(i.vTaskPlaceOnEventList)
    vTaskPriorityInherit                     0x0800fa8d   Thumb Code   164  tasks.o(i.vTaskPriorityInherit)
    vTaskSetTimeOutState                     0x0800fb3d   Thumb Code    14  tasks.o(i.vTaskSetTimeOutState)
    vTaskStartScheduler                      0x0800fb55   Thumb Code    72  tasks.o(i.vTaskStartScheduler)
    vTaskSuspendAll                          0x0800fbb9   Thumb Code    12  tasks.o(i.vTaskSuspendAll)
    vTaskSwitchContext                       0x0800fbc9   Thumb Code    76  tasks.o(i.vTaskSwitchContext)
    vUARTInterruptHandler                    0x0800fc29   Thumb Code   128  lm_uudp.o(i.vUARTInterruptHandler)
    xPortStartScheduler                      0x0800fcb1   Thumb Code    42  port.o(i.xPortStartScheduler)
    xPortSysTickHandler                      0x0800fce5   Thumb Code    46  port.o(i.xPortSysTickHandler)
    xQueueCreateMutex                        0x0800fd19   Thumb Code    34  queue.o(i.xQueueCreateMutex)
    xQueueGenericCreate                      0x0800fd3b   Thumb Code    56  queue.o(i.xQueueGenericCreate)
    xQueueGenericReceive                     0x0800fd75   Thumb Code   342  queue.o(i.xQueueGenericReceive)
    xQueueGenericReset                       0x0800fed1   Thumb Code   122  queue.o(i.xQueueGenericReset)
    xQueueGenericSend                        0x0800ff51   Thumb Code   276  queue.o(i.xQueueGenericSend)
    xTaskCheckForTimeOut                     0x08010069   Thumb Code    84  tasks.o(i.xTaskCheckForTimeOut)
    xTaskCreate                              0x080100c5   Thumb Code    96  tasks.o(i.xTaskCreate)
    xTaskIncrementTick                       0x08010125   Thumb Code   238  tasks.o(i.xTaskIncrementTick)
    xTaskPriorityDisinherit                  0x08010241   Thumb Code   122  tasks.o(i.xTaskPriorityDisinherit)
    xTaskRemoveFromEventList                 0x080102c5   Thumb Code   104  tasks.o(i.xTaskRemoveFromEventList)
    xTaskResumeAll                           0x08010345   Thumb Code   196  tasks.o(i.xTaskResumeAll)
    _get_lc_ctype                            0x0801042d   Thumb Code    44  lc_ctype_c.o(locale$$code)
    _get_lc_numeric                          0x08010459   Thumb Code    44  lc_numeric_c.o(locale$$code)
    __aeabi_d2f                              0x08010485   Thumb Code     0  d2f.o(x$fpl$d2f)
    _d2f                                     0x08010485   Thumb Code    98  d2f.o(x$fpl$d2f)
    __aeabi_dadd                             0x080104e9   Thumb Code     0  daddsub_clz.o(x$fpl$dadd)
    _dadd                                    0x080104e9   Thumb Code   332  daddsub_clz.o(x$fpl$dadd)
    __fpl_dcheck_NaN1                        0x08010639   Thumb Code    10  dcheck1.o(x$fpl$dcheck1)
    __fpl_dcmp_Inf                           0x08010649   Thumb Code    24  dcmpi.o(x$fpl$dcmpinf)
    __aeabi_ddiv                             0x08010661   Thumb Code     0  ddiv.o(x$fpl$ddiv)
    _ddiv                                    0x08010661   Thumb Code   552  ddiv.o(x$fpl$ddiv)
    __aeabi_d2iz                             0x08010911   Thumb Code     0  dfix.o(x$fpl$dfix)
    _dfix                                    0x08010911   Thumb Code    94  dfix.o(x$fpl$dfix)
    __aeabi_i2d                              0x0801096f   Thumb Code     0  dflt_clz.o(x$fpl$dflt)
    _dflt                                    0x0801096f   Thumb Code    46  dflt_clz.o(x$fpl$dflt)
    __aeabi_ui2d                             0x0801099d   Thumb Code     0  dflt_clz.o(x$fpl$dfltu)
    _dfltu                                   0x0801099d   Thumb Code    38  dflt_clz.o(x$fpl$dfltu)
    __aeabi_cdcmple                          0x080109c5   Thumb Code     0  dleqf.o(x$fpl$dleqf)
    _dcmple                                  0x080109c5   Thumb Code   120  dleqf.o(x$fpl$dleqf)
    __fpl_dcmple_InfNaN                      0x08010a27   Thumb Code     0  dleqf.o(x$fpl$dleqf)
    __aeabi_dmul                             0x08010a3d   Thumb Code     0  dmul.o(x$fpl$dmul)
    _dmul                                    0x08010a3d   Thumb Code   332  dmul.o(x$fpl$dmul)
    __fpl_dnaninf                            0x08010b91   Thumb Code   156  dnaninf.o(x$fpl$dnaninf)
    __fpl_dretinf                            0x08010c2d   Thumb Code    12  dretinf.o(x$fpl$dretinf)
    __aeabi_cdrcmple                         0x08010c39   Thumb Code     0  drleqf.o(x$fpl$drleqf)
    _drcmple                                 0x08010c39   Thumb Code   108  drleqf.o(x$fpl$drleqf)
    __aeabi_drsub                            0x08010ca5   Thumb Code     0  daddsub_clz.o(x$fpl$drsb)
    _drsb                                    0x08010ca5   Thumb Code    22  daddsub_clz.o(x$fpl$drsb)
    _dsqrt                                   0x08010cbd   Thumb Code   456  dsqrt_noumaal.o(x$fpl$dsqrt)
    __aeabi_dsub                             0x08010e89   Thumb Code     0  daddsub_clz.o(x$fpl$dsub)
    _dsub                                    0x08010e89   Thumb Code   464  daddsub_clz.o(x$fpl$dsub)
    __aeabi_f2d                              0x0801105d   Thumb Code     0  f2d.o(x$fpl$f2d)
    _f2d                                     0x0801105d   Thumb Code    86  f2d.o(x$fpl$f2d)
    __aeabi_fadd                             0x080110b5   Thumb Code     0  faddsub_clz.o(x$fpl$fadd)
    _fadd                                    0x080110b5   Thumb Code   196  faddsub_clz.o(x$fpl$fadd)
    __fpl_fcmp_Inf                           0x08011179   Thumb Code    24  fcmpi.o(x$fpl$fcmpinf)
    __aeabi_fdiv                             0x08011191   Thumb Code     0  fdiv.o(x$fpl$fdiv)
    _fdiv                                    0x08011191   Thumb Code   384  fdiv.o(x$fpl$fdiv)
    __aeabi_f2iz                             0x08011315   Thumb Code     0  ffix.o(x$fpl$ffix)
    _ffix                                    0x08011315   Thumb Code    54  ffix.o(x$fpl$ffix)
    __aeabi_i2f                              0x0801134d   Thumb Code     0  fflt_clz.o(x$fpl$fflt)
    _fflt                                    0x0801134d   Thumb Code    48  fflt_clz.o(x$fpl$fflt)
    __aeabi_cfcmple                          0x0801137d   Thumb Code     0  fleqf.o(x$fpl$fleqf)
    _fcmple                                  0x0801137d   Thumb Code   104  fleqf.o(x$fpl$fleqf)
    __fpl_fcmple_InfNaN                      0x080113cf   Thumb Code     0  fleqf.o(x$fpl$fleqf)
    __aeabi_fmul                             0x080113e5   Thumb Code     0  fmul.o(x$fpl$fmul)
    _fmul                                    0x080113e5   Thumb Code   258  fmul.o(x$fpl$fmul)
    __fpl_fnaninf                            0x080114e7   Thumb Code   140  fnaninf.o(x$fpl$fnaninf)
    __fpl_fretinf                            0x08011573   Thumb Code    10  fretinf.o(x$fpl$fretinf)
    __aeabi_cfrcmple                         0x0801157d   Thumb Code     0  frleqf.o(x$fpl$frleqf)
    _frcmple                                 0x0801157d   Thumb Code    98  frleqf.o(x$fpl$frleqf)
    __aeabi_frsub                            0x080115df   Thumb Code     0  faddsub_clz.o(x$fpl$frsb)
    _frsb                                    0x080115df   Thumb Code    20  faddsub_clz.o(x$fpl$frsb)
    __aeabi_fsub                             0x080115f5   Thumb Code     0  faddsub_clz.o(x$fpl$fsub)
    _fsub                                    0x080115f5   Thumb Code   234  faddsub_clz.o(x$fpl$fsub)
    _printf_fp_dec                           0x080116df   Thumb Code     4  printf1.o(x$fpl$printf1)
    _printf_fp_hex                           0x080116e3   Thumb Code     4  printf2.o(x$fpl$printf2)
    __fpl_return_NaN                         0x080116e7   Thumb Code   100  retnan.o(x$fpl$retnan)
    __ARM_scalbn                             0x0801174b   Thumb Code    92  scalbn.o(x$fpl$scalbn)
    __fpl_cmpreturn                          0x080117a7   Thumb Code    48  trapv.o(x$fpl$trapveneer)
    __I$use$fp                               0x080117d6   Number         0  usenofp.o(x$fpl$usenofp)
    __mathlib_zero                           0x08011a08   Data           8  qnan.o(.constdata)
    Region$$Table$$Base                      0x08011bec   Number         0  anon$$obj.o(Region$$Table)
    Region$$Table$$Limit                     0x08011c0c   Number         0  anon$$obj.o(Region$$Table)
    __ctype                                  0x08011c19   Data           0  lc_ctype_c.o(locale$$data)
    pxCurrentTCB                             0x2000001c   Data           4  tasks.o(.data)
    g_MtctCore                               0x20000064   Data           4  lmst_nodecommon.o(.data)
    g_CudpCore                               0x20000068   Data           4  lmst_nodecommon.o(.data)
    g_UudpCore                               0x2000006c   Data           4  lmst_nodecommon.o(.data)
    g_SysClockCore                           0x20000070   Data           4  lmst_nodecommon.o(.data)
    g_ButdCore                               0x20000074   Data           4  lmst_nodecommon.o(.data)
    g_Press                                  0x20000078   Data           4  lmst_sensornode.o(.data)
    g_Temp                                   0x2000007c   Data           4  lmst_sensornode.o(.data)
    TX_DATA                                  0x200000f0   Data           7  lm_ahrs.o(.data)
    T_X                                      0x200000f8   Data           2  lm_ahrs.o(.data)
    T_Y                                      0x200000fa   Data           2  lm_ahrs.o(.data)
    T_Z                                      0x200000fc   Data           2  lm_ahrs.o(.data)
    T_wX                                     0x200000fe   Data           2  lm_ahrs.o(.data)
    T_wY                                     0x20000100   Data           2  lm_ahrs.o(.data)
    T_wZ                                     0x20000102   Data           2  lm_ahrs.o(.data)
    T_yawX                                   0x20000104   Data           2  lm_ahrs.o(.data)
    T_yawY                                   0x20000106   Data           2  lm_ahrs.o(.data)
    T_yawZ                                   0x20000108   Data           2  lm_ahrs.o(.data)
    FF_X                                     0x2000010a   Data           2  lm_ahrs.o(.data)
    FF_Y                                     0x2000010c   Data           2  lm_ahrs.o(.data)
    FF_Z                                     0x2000010e   Data           2  lm_ahrs.o(.data)
    FF_wX                                    0x20000110   Data           2  lm_ahrs.o(.data)
    FF_wY                                    0x20000112   Data           2  lm_ahrs.o(.data)
    FF_wZ                                    0x20000114   Data           2  lm_ahrs.o(.data)
    FF_yawX                                  0x20000116   Data           2  lm_ahrs.o(.data)
    FF_yawY                                  0x20000118   Data           2  lm_ahrs.o(.data)
    FF_yawZ                                  0x2000011a   Data           2  lm_ahrs.o(.data)
    timer_int                                0x2000011c   Data           1  lm_ahrs.o(.data)
    Pitch                                    0x20000120   Data           8  lm_ahrs.o(.data)
    Roll                                     0x20000128   Data           8  lm_ahrs.o(.data)
    Yaw                                      0x20000130   Data           8  lm_ahrs.o(.data)
    SENSOR_SIGN                              0x20000150   Data          36  lm_dcm.o(.data)
    G_Dt                                     0x20000174   Data           4  lm_dcm.o(.data)
    timer                                    0x20000178   Data           4  lm_dcm.o(.data)
    timer_old                                0x2000017c   Data           4  lm_dcm.o(.data)
    timer24                                  0x20000180   Data           4  lm_dcm.o(.data)
    accel_x                                  0x20000184   Data           2  lm_dcm.o(.data)
    accel_y                                  0x20000186   Data           2  lm_dcm.o(.data)
    accel_z                                  0x20000188   Data           2  lm_dcm.o(.data)
    gyro_x                                   0x2000018a   Data           2  lm_dcm.o(.data)
    gyro_y                                   0x2000018c   Data           2  lm_dcm.o(.data)
    gyro_z                                   0x2000018e   Data           2  lm_dcm.o(.data)
    MAG_Heading                              0x20000190   Data           4  lm_dcm.o(.data)
    roll                                     0x20000194   Data           4  lm_dcm.o(.data)
    pitch                                    0x20000198   Data           4  lm_dcm.o(.data)
    yaw                                      0x2000019c   Data           4  lm_dcm.o(.data)
    DCM_Matrix                               0x200001a0   Data          36  lm_dcm.o(.data)
    Update_Matrix                            0x200001c4   Data          36  lm_dcm.o(.data)
    result_UT                                0x200001ec   Data           4  lm_bmp180.o(.data)
    result_UP                                0x200001f0   Data           4  lm_bmp180.o(.data)
    GPIO_InitStructure                       0x2000020a   Data           4  lm_iic.o(.data)
    HSEStartUpStatus                         0x2000020e   Data           1  lm_iic.o(.data)
    test                                     0x2000020f   Data           1  lm_iic.o(.data)
    g_NodeCommonBuff                         0x20003e28   Data         384  lmst_nodecommon.o(.bss)
    g_AhrsData                               0x20003fa8   Data          12  lmst_sensornode.o(.bss)
    BUF                                      0x20003fb4   Data          14  lm_ahrs.o(.bss)
    AN                                       0x20003fc4   Data          24  lm_dcm.o(.bss)
    AN_OFFSET                                0x20003fdc   Data          24  lm_dcm.o(.bss)
    Accel_Vector                             0x20003ff4   Data          12  lm_dcm.o(.bss)
    Gyro_Vector                              0x20004000   Data          12  lm_dcm.o(.bss)
    Omega_Vector                             0x2000400c   Data          12  lm_dcm.o(.bss)
    Omega_P                                  0x20004018   Data          12  lm_dcm.o(.bss)
    Omega_I                                  0x20004024   Data          12  lm_dcm.o(.bss)
    Omega                                    0x20004030   Data          12  lm_dcm.o(.bss)
    errorRollPitch                           0x2000403c   Data          12  lm_dcm.o(.bss)
    errorYaw                                 0x20004048   Data          12  lm_dcm.o(.bss)
    Temporary_Matrix                         0x20004054   Data          36  lm_dcm.o(.bss)
    __libspace_start                         0x20004090   Data          96  libspace.o(.bss)
    __temporary_stack_top$libspace           0x200040f0   Data           0  libspace.o(.bss)



==============================================================================

Memory Map of the image

  Image Entry point : 0x080080ed

  Load Region LR_IROM1 (Base: 0x08008000, Size: 0x00009f48, Max: 0x00020000, ABSOLUTE, COMPRESSED[0x00009d74])

    Execution Region ER_IROM1 (Base: 0x08008000, Size: 0x00009d38, Max: 0x00020000, ABSOLUTE)

    Base Addr    Size         Type   Attr      Idx    E Section Name        Object

    0x08008000   0x000000ec   Data   RO         5664    RESET               stm32f10x.o
    0x080080ec   0x00000008   Code   RO         5874  * !!!main             c_w.l(__main.o)
    0x080080f4   0x00000034   Code   RO         6347    !!!scatter          c_w.l(__scatter.o)
    0x08008128   0x0000005a   Code   RO         6345    !!dczerorl2         c_w.l(__dczerorl2.o)
    0x08008182   0x00000002   PAD
    0x08008184   0x0000001c   Code   RO         6349    !!handler_zi        c_w.l(__scatter_zi.o)
    0x080081a0   0x00000000   Code   RO         5854    .ARM.Collect$$_printf_percent$$00000000  c_w.l(_printf_percent.o)
    0x080081a0   0x00000006   Code   RO         5850    .ARM.Collect$$_printf_percent$$00000003  c_w.l(_printf_f.o)
    0x080081a6   0x00000006   Code   RO         5851    .ARM.Collect$$_printf_percent$$00000004  c_w.l(_printf_e.o)
    0x080081ac   0x00000006   Code   RO         5852    .ARM.Collect$$_printf_percent$$00000005  c_w.l(_printf_g.o)
    0x080081b2   0x00000006   Code   RO         5853    .ARM.Collect$$_printf_percent$$00000006  c_w.l(_printf_a.o)
    0x080081b8   0x00000006   Code   RO         5847    .ARM.Collect$$_printf_percent$$00000008  c_w.l(_printf_i.o)
    0x080081be   0x00000006   Code   RO         5848    .ARM.Collect$$_printf_percent$$00000009  c_w.l(_printf_d.o)
    0x080081c4   0x00000006   Code   RO         5849    .ARM.Collect$$_printf_percent$$0000000A  c_w.l(_printf_u.o)
    0x080081ca   0x00000006   Code   RO         5846    .ARM.Collect$$_printf_percent$$0000000B  c_w.l(_printf_o.o)
    0x080081d0   0x00000006   Code   RO         5845    .ARM.Collect$$_printf_percent$$0000000C  c_w.l(_printf_x.o)
    0x080081d6   0x0000000a   Code   RO         6042    .ARM.Collect$$_printf_percent$$00000012  c_w.l(_printf_l.o)
    0x080081e0   0x00000006   Code   RO         5843    .ARM.Collect$$_printf_percent$$00000013  c_w.l(_printf_c.o)
    0x080081e6   0x00000006   Code   RO         5844    .ARM.Collect$$_printf_percent$$00000014  c_w.l(_printf_s.o)
    0x080081ec   0x00000006   Code   RO         5855    .ARM.Collect$$_printf_percent$$00000015  c_w.l(_printf_lc.o)
    0x080081f2   0x00000004   Code   RO         6041    .ARM.Collect$$_printf_percent$$00000017  c_w.l(_printf_percent_end.o)
    0x080081f6   0x00000002   Code   RO         6267    .ARM.Collect$$libinit$$00000000  c_w.l(libinit.o)
    0x080081f8   0x00000000   Code   RO         6194    .ARM.Collect$$libinit$$00000002  c_w.l(libinit2.o)
    0x080081f8   0x00000000   Code   RO         6196    .ARM.Collect$$libinit$$00000004  c_w.l(libinit2.o)
    0x080081f8   0x00000000   Code   RO         6199    .ARM.Collect$$libinit$$0000000A  c_w.l(libinit2.o)
    0x080081f8   0x00000000   Code   RO         6201    .ARM.Collect$$libinit$$0000000C  c_w.l(libinit2.o)
    0x080081f8   0x00000000   Code   RO         6203    .ARM.Collect$$libinit$$0000000E  c_w.l(libinit2.o)
    0x080081f8   0x00000006   Code   RO         6204    .ARM.Collect$$libinit$$0000000F  c_w.l(libinit2.o)
    0x080081fe   0x00000000   Code   RO         6206    .ARM.Collect$$libinit$$00000011  c_w.l(libinit2.o)
    0x080081fe   0x0000000c   Code   RO         6207    .ARM.Collect$$libinit$$00000012  c_w.l(libinit2.o)
    0x0800820a   0x00000000   Code   RO         6208    .ARM.Collect$$libinit$$00000013  c_w.l(libinit2.o)
    0x0800820a   0x00000000   Code   RO         6210    .ARM.Collect$$libinit$$00000015  c_w.l(libinit2.o)
    0x0800820a   0x0000000a   Code   RO         6211    .ARM.Collect$$libinit$$00000016  c_w.l(libinit2.o)
    0x08008214   0x00000000   Code   RO         6212    .ARM.Collect$$libinit$$00000017  c_w.l(libinit2.o)
    0x08008214   0x00000000   Code   RO         6214    .ARM.Collect$$libinit$$00000019  c_w.l(libinit2.o)
    0x08008214   0x00000000   Code   RO         6216    .ARM.Collect$$libinit$$0000001B  c_w.l(libinit2.o)
    0x08008214   0x00000000   Code   RO         6218    .ARM.Collect$$libinit$$0000001D  c_w.l(libinit2.o)
    0x08008214   0x00000000   Code   RO         6220    .ARM.Collect$$libinit$$0000001F  c_w.l(libinit2.o)
    0x08008214   0x00000000   Code   RO         6222    .ARM.Collect$$libinit$$00000021  c_w.l(libinit2.o)
    0x08008214   0x00000000   Code   RO         6224    .ARM.Collect$$libinit$$00000023  c_w.l(libinit2.o)
    0x08008214   0x00000000   Code   RO         6226    .ARM.Collect$$libinit$$00000025  c_w.l(libinit2.o)
    0x08008214   0x00000000   Code   RO         6230    .ARM.Collect$$libinit$$0000002C  c_w.l(libinit2.o)
    0x08008214   0x00000000   Code   RO         6232    .ARM.Collect$$libinit$$0000002E  c_w.l(libinit2.o)
    0x08008214   0x00000000   Code   RO         6234    .ARM.Collect$$libinit$$00000030  c_w.l(libinit2.o)
    0x08008214   0x00000000   Code   RO         6236    .ARM.Collect$$libinit$$00000032  c_w.l(libinit2.o)
    0x08008214   0x00000002   Code   RO         6237    .ARM.Collect$$libinit$$00000033  c_w.l(libinit2.o)
    0x08008216   0x00000002   Code   RO         6342    .ARM.Collect$$libshutdown$$00000000  c_w.l(libshutdown.o)
    0x08008218   0x00000000   Code   RO         6296    .ARM.Collect$$libshutdown$$00000002  c_w.l(libshutdown2.o)
    0x08008218   0x00000000   Code   RO         6298    .ARM.Collect$$libshutdown$$00000004  c_w.l(libshutdown2.o)
    0x08008218   0x00000000   Code   RO         6301    .ARM.Collect$$libshutdown$$00000007  c_w.l(libshutdown2.o)
    0x08008218   0x00000000   Code   RO         6304    .ARM.Collect$$libshutdown$$0000000A  c_w.l(libshutdown2.o)
    0x08008218   0x00000000   Code   RO         6306    .ARM.Collect$$libshutdown$$0000000C  c_w.l(libshutdown2.o)
    0x08008218   0x00000000   Code   RO         6309    .ARM.Collect$$libshutdown$$0000000F  c_w.l(libshutdown2.o)
    0x08008218   0x00000002   Code   RO         6310    .ARM.Collect$$libshutdown$$00000010  c_w.l(libshutdown2.o)
    0x0800821a   0x00000000   Code   RO         5990    .ARM.Collect$$rtentry$$00000000  c_w.l(__rtentry.o)
    0x0800821a   0x00000000   Code   RO         6109    .ARM.Collect$$rtentry$$00000002  c_w.l(__rtentry2.o)
    0x0800821a   0x00000006   Code   RO         6121    .ARM.Collect$$rtentry$$00000004  c_w.l(__rtentry4.o)
    0x08008220   0x00000000   Code   RO         6111    .ARM.Collect$$rtentry$$00000009  c_w.l(__rtentry2.o)
    0x08008220   0x00000004   Code   RO         6112    .ARM.Collect$$rtentry$$0000000A  c_w.l(__rtentry2.o)
    0x08008224   0x00000000   Code   RO         6114    .ARM.Collect$$rtentry$$0000000C  c_w.l(__rtentry2.o)
    0x08008224   0x00000008   Code   RO         6115    .ARM.Collect$$rtentry$$0000000D  c_w.l(__rtentry2.o)
    0x0800822c   0x00000002   Code   RO         6277    .ARM.Collect$$rtexit$$00000000  c_w.l(rtexit.o)
    0x0800822e   0x00000000   Code   RO         6316    .ARM.Collect$$rtexit$$00000002  c_w.l(rtexit2.o)
    0x0800822e   0x00000004   Code   RO         6317    .ARM.Collect$$rtexit$$00000003  c_w.l(rtexit2.o)
    0x08008232   0x00000006   Code   RO         6318    .ARM.Collect$$rtexit$$00000004  c_w.l(rtexit2.o)
    0x08008238   0x00000096   Code   RO          113    .emb_text           port.o
    0x080082ce   0x00000002   PAD
    0x080082d0   0x0000003c   Code   RO         5665    .text               stm32f10x.o
    0x0800830c   0x0000004e   Code   RO         5717    .text               c_w.l(h1_free.o)
    0x0800835a   0x00000048   Code   RO         5771    .text               c_w.l(llsdiv.o)
    0x080083a2   0x0000001a   Code   RO         5773    .text               c_w.l(tolower.o)
    0x080083bc   0x00000034   Code   RO         5781    .text               c_w.l(noretval__2snprintf.o)
    0x080083f0   0x0000004e   Code   RO         5785    .text               c_w.l(_printf_pad.o)
    0x0800843e   0x00000024   Code   RO         5787    .text               c_w.l(_printf_truncate.o)
    0x08008462   0x00000052   Code   RO         5789    .text               c_w.l(_printf_str.o)
    0x080084b4   0x00000078   Code   RO         5791    .text               c_w.l(_printf_dec.o)
    0x0800852c   0x000000bc   Code   RO         5793    .text               c_w.l(_printf_wctomb.o)
    0x080085e8   0x00000054   Code   RO         5798    .text               c_w.l(_printf_oct_int.o)
    0x0800863c   0x00000058   Code   RO         5805    .text               c_w.l(_printf_hex_int.o)
    0x08008694   0x00000188   Code   RO         5840    .text               c_w.l(__printf_flags_ss_wp.o)
    0x0800881c   0x0000003e   Code   RO         5860    .text               c_w.l(strlen.o)
    0x0800885a   0x00000096   Code   RO         5862    .text               c_w.l(strncmp.o)
    0x080088f0   0x0000008a   Code   RO         5864    .text               c_w.l(rt_memcpy_v6.o)
    0x0800897a   0x00000064   Code   RO         5866    .text               c_w.l(rt_memcpy_w.o)
    0x080089de   0x0000004e   Code   RO         5868    .text               c_w.l(rt_memclr_w.o)
    0x08008a2c   0x00000080   Code   RO         5870    .text               c_w.l(strcmpv7m.o)
    0x08008aac   0x00000006   Code   RO         5872    .text               c_w.l(heapauxi.o)
    0x08008ab2   0x00000002   PAD
    0x08008ab4   0x00000010   Code   RO         5991    .text               c_w.l(rt_ctype_table.o)
    0x08008ac4   0x00000008   Code   RO         5996    .text               c_w.l(rt_heap_descriptor_intlibspace.o)
    0x08008acc   0x000000ee   Code   RO         6020    .text               c_w.l(lludivv7m.o)
    0x08008bba   0x00000016   Code   RO         6022    .text               c_w.l(_rserrno.o)
    0x08008bd0   0x000000b2   Code   RO         6024    .text               c_w.l(_printf_intcommon.o)
    0x08008c82   0x0000041a   Code   RO         6026    .text               c_w.l(_printf_fp_dec.o)
    0x0800909c   0x000002fc   Code   RO         6028    .text               c_w.l(_printf_fp_hex.o)
    0x08009398   0x00000030   Code   RO         6031    .text               c_w.l(_printf_char_common.o)
    0x080093c8   0x0000000a   Code   RO         6033    .text               c_w.l(_sputc.o)
    0x080093d2   0x00000010   Code   RO         6035    .text               c_w.l(_snputc.o)
    0x080093e2   0x0000002c   Code   RO         6037    .text               c_w.l(_printf_char.o)
    0x0800940e   0x0000002c   Code   RO         6039    .text               c_w.l(_printf_wchar.o)
    0x0800943a   0x00000040   Code   RO         6043    .text               c_w.l(_wcrtomb.o)
    0x0800947a   0x00000002   PAD
    0x0800947c   0x00000008   Code   RO         6105    .text               c_w.l(libspace.o)
    0x08009484   0x00000008   Code   RO         6130    .text               c_w.l(rt_locale_intlibspace.o)
    0x0800948c   0x00000008   Code   RO         6135    .text               c_w.l(rt_errno_addr_intlibspace.o)
    0x08009494   0x0000008a   Code   RO         6147    .text               c_w.l(lludiv10.o)
    0x0800951e   0x00000002   PAD
    0x08009520   0x00000080   Code   RO         6149    .text               c_w.l(_printf_fp_infnan.o)
    0x080095a0   0x000000dc   Code   RO         6153    .text               c_w.l(bigflt0.o)
    0x0800967c   0x0000004a   Code   RO         6244    .text               c_w.l(sys_stackheap_outer.o)
    0x080096c6   0x00000012   Code   RO         6254    .text               c_w.l(exit.o)
    0x080096d8   0x0000000c   Code   RO         6272    .text               c_w.l(sys_exit.o)
    0x080096e4   0x00000002   Code   RO         6274    .text               c_w.l(use_no_semi.o)
    0x080096e6   0x00000000   Code   RO         6276    .text               c_w.l(indicate_semi.o)
    0x080096e6   0x0000003e   Code   RO         6156    CL$$btod_d2e        c_w.l(btod.o)
    0x08009724   0x00000046   Code   RO         6158    CL$$btod_d2e_denorm_low  c_w.l(btod.o)
    0x0800976a   0x00000060   Code   RO         6157    CL$$btod_d2e_norm_op1  c_w.l(btod.o)
    0x080097ca   0x00000338   Code   RO         6166    CL$$btod_div_common  c_w.l(btod.o)
    0x08009b02   0x000000c6   Code   RO         6163    CL$$btod_e2e        c_w.l(btod.o)
    0x08009bc8   0x00000028   Code   RO         6160    CL$$btod_ediv       c_w.l(btod.o)
    0x08009bf0   0x00000028   Code   RO         6159    CL$$btod_emul       c_w.l(btod.o)
    0x08009c18   0x00000244   Code   RO         6165    CL$$btod_mult_common  c_w.l(btod.o)
    0x08009e5c   0x0000005c   Code   RO         2228    i.Accel_Read        lm_dcm.o
    0x08009eb8   0x00000038   Code   RO         3002    i.CAN_DeInit        stm32f10x_can.o
    0x08009ef0   0x00000108   Code   RO         3004    i.CAN_FilterInit    stm32f10x_can.o
    0x08009ff8   0x00000012   Code   RO         3010    i.CAN_ITConfig      stm32f10x_can.o
    0x0800a00a   0x00000114   Code   RO         3011    i.CAN_Init          stm32f10x_can.o
    0x0800a11e   0x000000f0   Code   RO         3014    i.CAN_Receive       stm32f10x_can.o
    0x0800a20e   0x00000020   Code   RO         3017    i.CAN_StructInit    stm32f10x_can.o
    0x0800a22e   0x00000126   Code   RO         3019    i.CAN_Transmit      stm32f10x_can.o
    0x0800a354   0x00000026   Code   RO         1004    i.Checksum          lm_uudp.o
    0x0800a37a   0x00000002   PAD
    0x0800a37c   0x00000118   Code   RO         2229    i.Compass_Heading   lm_dcm.o
    0x0800a494   0x000001a0   Code   RO         2155    i.ComputeArg        lm_ahrs.o
    0x0800a634   0x00000028   Code   RO         1074    i.CudpTask          lm_cudp_m3.o
    0x0800a65c   0x00000028   Code   RO         2432    i.Delayms           lm_iic.o
    0x0800a684   0x000001bc   Code   RO         2230    i.Drift_correction  lm_dcm.o
    0x0800a840   0x00000084   Code   RO         2231    i.Euler_angles      lm_dcm.o
    0x0800a8c4   0x00000018   Code   RO         1621    i.FlashReadBytes    onchip.o
    0x0800a8dc   0x0000001a   Code   RO         1622    i.FlashReadWords    onchip.o
    0x0800a8f6   0x00000116   Code   RO         3828    i.GPIO_Init         stm32f10x_gpio.o
    0x0800aa0c   0x0000002c   Code   RO         2233    i.GetDeg_Pitch      lm_dcm.o
    0x0800aa38   0x0000002c   Code   RO         2234    i.GetDeg_Roll       lm_dcm.o
    0x0800aa64   0x0000002c   Code   RO         2235    i.GetDeg_Yaw        lm_dcm.o
    0x0800aa90   0x0000005c   Code   RO         2236    i.Gyro_Read         lm_dcm.o
    0x0800aaec   0x0000003a   Code   RO          911    i.HiCreateQueue     lm_queue_m3_freertos.o
    0x0800ab26   0x00000076   Code   RO          912    i.HiDeQueue         lm_queue_m3_freertos.o
    0x0800ab9c   0x00000070   Code   RO          916    i.HiEnQueue         lm_queue_m3_freertos.o
    0x0800ac0c   0x00000044   Code   RO          917    i.HiEnQueue_nolock  lm_queue_m3_freertos.o
    0x0800ac50   0x00000006   Code   RO          918    i.HiGetQueueDataLen  lm_queue_m3_freertos.o
    0x0800ac56   0x0000000a   Code   RO          919    i.HiGetQueueIdleNum  lm_queue_m3_freertos.o
    0x0800ac60   0x0000008c   Code   RO          920    i.HiPeakQueue       lm_queue_m3_freertos.o
    0x0800acec   0x00000034   Code   RO         2434    i.I2C_NoAck         lm_iic.o
    0x0800ad20   0x00000054   Code   RO         2435    i.I2C_RadeByte      lm_iic.o
    0x0800ad74   0x00000054   Code   RO         2436    i.I2C_SendByte      lm_iic.o
    0x0800adc8   0x00000058   Code   RO         2437    i.I2C_Start         lm_iic.o
    0x0800ae20   0x00000034   Code   RO         2438    i.I2C_Stop          lm_iic.o
    0x0800ae54   0x00000050   Code   RO         2439    i.I2C_WaitAck       lm_iic.o
    0x0800aea4   0x0000000e   Code   RO         2440    i.I2C_delay         lm_iic.o
    0x0800aeb2   0x00000002   PAD
    0x0800aeb4   0x00000050   Code   RO         2340    i.IIC_Ack           lm_bmp180.o
    0x0800af04   0x00000050   Code   RO         2341    i.IIC_NAck          lm_bmp180.o
    0x0800af54   0x00000070   Code   RO         2342    i.IIC_Read_Byte     lm_bmp180.o
    0x0800afc4   0x00000068   Code   RO         2343    i.IIC_Send_Byte     lm_bmp180.o
    0x0800b02c   0x0000004c   Code   RO         2344    i.IIC_Start         lm_bmp180.o
    0x0800b078   0x0000004c   Code   RO         2345    i.IIC_Stop          lm_bmp180.o
    0x0800b0c4   0x00000064   Code   RO         2346    i.IIC_Wait_Ack      lm_bmp180.o
    0x0800b128   0x00000010   Code   RO         4143    i.IWDG_Enable       stm32f10x_iwdg.o
    0x0800b138   0x00000010   Code   RO         4145    i.IWDG_ReloadCounter  stm32f10x_iwdg.o
    0x0800b148   0x0000000c   Code   RO         4146    i.IWDG_SetPrescaler  stm32f10x_iwdg.o
    0x0800b154   0x0000000c   Code   RO         4147    i.IWDG_SetReload    stm32f10x_iwdg.o
    0x0800b160   0x0000000c   Code   RO         4148    i.IWDG_WriteAccessCmd  stm32f10x_iwdg.o
    0x0800b16c   0x000000e8   Code   RO         1075    i.InitCan           lm_cudp_m3.o
    0x0800b254   0x00000036   Code   RO         2156    i.Init_HMC5883L     lm_ahrs.o
    0x0800b28a   0x00000036   Code   RO         2157    i.Init_MPU6050      lm_ahrs.o
    0x0800b2c0   0x00000150   Code   RO         1005    i.ItRecvPrc         lm_uudp.o
    0x0800b410   0x00000010   Code   RO         1796    i.IwdgTask          lmst_nodecommon.o
    0x0800b420   0x00000076   Code   RO         2237    i.Matrix_Multiply   lm_dcm.o
    0x0800b496   0x00000002   PAD
    0x0800b498   0x000001c0   Code   RO         2238    i.Matrix_update     lm_dcm.o
    0x0800b658   0x00000062   Code   RO         2347    i.Multiple_read     lm_bmp180.o
    0x0800b6ba   0x00000022   Code   RO         1076    i.NVIC_Configuration  lm_cudp_m3.o
    0x0800b6dc   0x00000070   Code   RO         2659    i.NVIC_Init         misc.o
    0x0800b74c   0x00000014   Code   RO         2661    i.NVIC_SetVectorTable  misc.o
    0x0800b760   0x00000114   Code   RO         2239    i.Normalize         lm_dcm.o
    0x0800b874   0x00000034   Code   RO         1006    i.PrcRecv_it        lm_uudp.o
    0x0800b8a8   0x00000168   Code   RO         1960    i.ProcMsg           lmst_sensornode.o
    0x0800ba10   0x00000044   Code   RO         1077    i.ProcRecv          lm_cudp_m3.o
    0x0800ba54   0x0000012c   Code   RO         1078    i.ProcSend          lm_cudp_m3.o
    0x0800bb80   0x00000020   Code   RO         4250    i.RCC_APB1PeriphClockCmd  stm32f10x_rcc.o
    0x0800bba0   0x00000020   Code   RO         4251    i.RCC_APB1PeriphResetCmd  stm32f10x_rcc.o
    0x0800bbc0   0x00000020   Code   RO         4252    i.RCC_APB2PeriphClockCmd  stm32f10x_rcc.o
    0x0800bbe0   0x0000001c   Code   RO         1079    i.RCC_Configuration  lm_cudp_m3.o
    0x0800bbfc   0x000000a0   Code   RO         2158    i.READ_HMC5883L     lm_ahrs.o
    0x0800bc9c   0x00000110   Code   RO         2159    i.READ_MPU6050      lm_ahrs.o
    0x0800bdac   0x00000070   Code   RO         1961    i.ReplyHeatBeat     lmst_sensornode.o
    0x0800be1c   0x0000004c   Code   RO         1080    i.SendCanFrame      lm_cudp_m3.o
    0x0800be68   0x00000008   Code   RO         5679    i.SetSysClock       system_stm32f10x.o
    0x0800be70   0x000000e0   Code   RO         5680    i.SetSysClockTo72   system_stm32f10x.o
    0x0800bf50   0x00000064   Code   RO         2441    i.Single_Read       lm_iic.o
    0x0800bfb4   0x00000050   Code   RO         2442    i.Single_Write      lm_iic.o
    0x0800c004   0x0000002c   Code   RO         1248    i.SysClockTask      lm_systemclock.o
    0x0800c030   0x00000060   Code   RO         5682    i.SystemInit        system_stm32f10x.o
    0x0800c090   0x00000110   Code   RO         2118    i.TIM2_IRQHandler   lm_timer.o
    0x0800c1a0   0x000001c4   Code   RO         2119    i.TIM4_IRQHandler   lm_timer.o
    0x0800c364   0x00000006   Code   RO         4888    i.TIM_ClearITPendingBit  stm32f10x_tim.o
    0x0800c36a   0x00000006   Code   RO         4910    i.TIM_GetCapture3   stm32f10x_tim.o
    0x0800c370   0x00000008   Code   RO         4911    i.TIM_GetCapture4   stm32f10x_tim.o
    0x0800c378   0x00000022   Code   RO         4914    i.TIM_GetITStatus   stm32f10x_tim.o
    0x0800c39a   0x0000001e   Code   RO         5426    i.USART_ClearITPendingBit  stm32f10x_usart.o
    0x0800c3b8   0x00000054   Code   RO         5433    i.USART_GetITStatus  stm32f10x_usart.o
    0x0800c40c   0x0000004a   Code   RO         5435    i.USART_ITConfig    stm32f10x_usart.o
    0x0800c456   0x0000000a   Code   RO         5443    i.USART_ReceiveData  stm32f10x_usart.o
    0x0800c460   0x00000008   Code   RO         5446    i.USART_SendData    stm32f10x_usart.o
    0x0800c468   0x000000e0   Code   RO         1081    i.USB_LP_CAN1_RX0_IRQHandler  lm_cudp_m3.o
    0x0800c548   0x00000028   Code   RO         2240    i.Vector_Add        lm_dcm.o
    0x0800c570   0x00000062   Code   RO         2241    i.Vector_Cross_Product  lm_dcm.o
    0x0800c5d2   0x00000030   Code   RO         2242    i.Vector_Dot_Product  lm_dcm.o
    0x0800c602   0x00000026   Code   RO         2243    i.Vector_Scale      lm_dcm.o
    0x0800c628   0x00000034   Code   RO         2160    i.YJ_AhrsInit       lm_ahrs.o
    0x0800c65c   0x0000001e   Code   RO         1798    i.YJ_AplGetType     lmst_nodecommon.o
    0x0800c67a   0x00000002   PAD
    0x0800c67c   0x000000b8   Code   RO         2348    i.YJ_BMP180Init     lm_bmp180.o
    0x0800c734   0x00000040   Code   RO         1082    i.YJ_CudpInit       lm_cudp_m3.o
    0x0800c774   0x0000001a   Code   RO         1083    i.YJ_CudpProc       lm_cudp_m3.o
    0x0800c78e   0x00000088   Code   RO         1084    i.YJ_CudpRecv       lm_cudp_m3.o
    0x0800c816   0x00000064   Code   RO         1087    i.YJ_CudpSendTo     lm_cudp_m3.o
    0x0800c87a   0x00000018   Code   RO         1088    i.YJ_CudpUnInit     lm_cudp_m3.o
    0x0800c892   0x00000002   PAD
    0x0800c894   0x0000003c   Code   RO         1799    i.YJ_DEBUG          lmst_nodecommon.o
    0x0800c8d0   0x00000020   Code   RO         1089    i.YJ_DeletCudpObj   lm_cudp_m3.o
    0x0800c8f0   0x0000003c   Code   RO         1800    i.YJ_ERR            lmst_nodecommon.o
    0x0800c92c   0x00000030   Code   RO         2162    i.YJ_GetAhrsParam   lm_ahrs.o
    0x0800c95c   0x00000018   Code   RO         2349    i.YJ_GetBMP180Press  lm_bmp180.o
    0x0800c974   0x00000018   Code   RO         2350    i.YJ_GetBMP180Temp  lm_bmp180.o
    0x0800c98c   0x00000014   Code   RO         1627    i.YJ_GetNodeType    onchip.o
    0x0800c9a0   0x0000001c   Code   RO         1249    i.YJ_GetSysClock_ms  lm_systemclock.o
    0x0800c9bc   0x00000044   Code   RO         2443    i.YJ_I2C_Init       lm_iic.o
    0x0800ca00   0x00000058   Code   RO         1090    i.YJ_InitCudpObj    lm_cudp_m3.o
    0x0800ca58   0x00000050   Code   RO         1802    i.YJ_InitSystem     lmst_nodecommon.o
    0x0800caa8   0x00000022   Code   RO         1286    i.YJ_IsTimeOut      lm_common.o
    0x0800caca   0x00000002   PAD
    0x0800cacc   0x00000048   Code   RO         1803    i.YJ_IwdgInit       lmst_nodecommon.o
    0x0800cb14   0x0000006c   Code   RO         1804    i.YJ_PackedApl      lmst_nodecommon.o
    0x0800cb80   0x00000020   Code   RO         1805    i.YJ_ReBoot         lmst_nodecommon.o
    0x0800cba0   0x00000050   Code   RO         1806    i.YJ_RecvMsg        lmst_nodecommon.o
    0x0800cbf0   0x0000003c   Code   RO         1807    i.YJ_SendMsg        lmst_nodecommon.o
    0x0800cc2c   0x000000b0   Code   RO         1962    i.YJ_SensorNodeTask  lmst_sensornode.o
    0x0800ccdc   0x00000020   Code   RO         1287    i.YJ_SetTimeOut_ms  lm_common.o
    0x0800ccfc   0x0000004c   Code   RO         1250    i.YJ_SysClockInit   lm_systemclock.o
    0x0800cd48   0x00000006   Code   RO         1251    i.YJ_SysClockUninit  lm_systemclock.o
    0x0800cd4e   0x00000002   PAD
    0x0800cd50   0x00000020   Code   RO         1808    i.YJ_UnInitSystem   lmst_nodecommon.o
    0x0800cd70   0x00000028   Code   RO         6089    i.__ARM_fpclassify  m_ws.l(fpclassify.o)
    0x0800cd98   0x00000388   Code   RO         6094    i.__ieee754_rem_pio2  m_ws.l(rred.o)
    0x0800d120   0x000000fc   Code   RO         6072    i.__kernel_cos      m_ws.l(cos_i.o)
    0x0800d21c   0x000000aa   Code   RO         6091    i.__kernel_poly     m_ws.l(poly.o)
    0x0800d2c6   0x00000002   PAD
    0x0800d2c8   0x000000ec   Code   RO         6099    i.__kernel_sin      m_ws.l(sin_i.o)
    0x0800d3b4   0x00000010   Code   RO         6075    i.__mathlib_dbl_divzero  m_ws.l(dunder.o)
    0x0800d3c4   0x00000006   Code   RO         6076    i.__mathlib_dbl_infnan  m_ws.l(dunder.o)
    0x0800d3ca   0x00000004   Code   RO         6077    i.__mathlib_dbl_infnan2  m_ws.l(dunder.o)
    0x0800d3ce   0x0000000c   Code   RO         6078    i.__mathlib_dbl_invalid  m_ws.l(dunder.o)
    0x0800d3da   0x0000000e   Code   RO         6079    i.__mathlib_dbl_overflow  m_ws.l(dunder.o)
    0x0800d3e8   0x00000010   Code   RO         6081    i.__mathlib_dbl_underflow  m_ws.l(dunder.o)
    0x0800d3f8   0x0000000e   Code   RO         5833    i._is_digit         c_w.l(__printf_wp.o)
    0x0800d406   0x00000002   PAD
    0x0800d408   0x00000270   Code   RO         5945    i.asin              m_ws.l(asin.o)
    0x0800d678   0x00000220   Code   RO         6063    i.atan              m_ws.l(atan.o)
    0x0800d898   0x00000180   Code   RO         5955    i.atan2             m_ws.l(atan2.o)
    0x0800da18   0x00000120   Code   RO         2351    i.bmp180Convert     lm_bmp180.o
    0x0800db38   0x00000048   Code   RO         2352    i.bmp180ReadPressure  lm_bmp180.o
    0x0800db80   0x00000048   Code   RO         2353    i.bmp180ReadTemp    lm_bmp180.o
    0x0800dbc8   0x00000044   Code   RO         1320    i.cJSON_Delete      cjson.o
    0x0800dc0c   0x0000001e   Code   RO         1329    i.cJSON_GetObjectItem  cjson.o
    0x0800dc2a   0x00000018   Code   RO         1331    i.cJSON_New_Item    cjson.o
    0x0800dc42   0x00000010   Code   RO         1332    i.cJSON_Parse       cjson.o
    0x0800dc52   0x00000002   PAD
    0x0800dc54   0x00000064   Code   RO         1333    i.cJSON_ParseWithOpts  cjson.o
    0x0800dcb8   0x0000004c   Code   RO         1338    i.cJSON_strcasecmp  cjson.o
    0x0800dd04   0x00000028   Code   RO         2244    i.constrain         lm_dcm.o
    0x0800dd2c   0x00000298   Code   RO          654    i.cos               cpgcore.o
    0x0800dfc4   0x00000020   Code   RO          769    i.delay_ms          smarttuna.o
    0x0800dfe4   0x0000001a   Code   RO         2354    i.delay_ms          lm_bmp180.o
    0x0800dffe   0x00000014   Code   RO         2355    i.delay_us          lm_bmp180.o
    0x0800e012   0x00000002   PAD
    0x0800e014   0x00000040   Code   RO          770    i.main              smarttuna.o
    0x0800e054   0x000000ac   Code   RO         1341    i.parse_array       cjson.o
    0x0800e100   0x00000114   Code   RO         1342    i.parse_hex4        cjson.o
    0x0800e214   0x000001bc   Code   RO         1343    i.parse_number      cjson.o
    0x0800e3d0   0x00000114   Code   RO         1344    i.parse_object      cjson.o
    0x0800e4e4   0x000001c8   Code   RO         1345    i.parse_string      cjson.o
    0x0800e6ac   0x000000bc   Code   RO         1346    i.parse_value       cjson.o
    0x0800e768   0x000009d8   Code   RO         5963    i.pow               m_ws.l(pow.o)
    0x0800f140   0x00000098   Code   RO          347    i.prvAddCurrentTaskToDelayedList  tasks.o
    0x0800f1d8   0x000000b4   Code   RO          348    i.prvAddNewTaskToReadyList  tasks.o
    0x0800f28c   0x00000064   Code   RO          349    i.prvCheckTasksWaitingTermination  tasks.o
    0x0800f2f0   0x0000002a   Code   RO          191    i.prvCopyDataFromQueue  queue.o
    0x0800f31a   0x0000007c   Code   RO          192    i.prvCopyDataToQueue  queue.o
    0x0800f396   0x00000012   Code   RO          350    i.prvDeleteTCB      tasks.o
    0x0800f3a8   0x00000038   Code   RO            1    i.prvHeapInit       heap_2.o
    0x0800f3e0   0x00000028   Code   RO          351    i.prvIdleTask       tasks.o
    0x0800f408   0x0000001c   Code   RO          193    i.prvInitialiseMutex  queue.o
    0x0800f424   0x00000026   Code   RO          194    i.prvInitialiseNewQueue  queue.o
    0x0800f44a   0x00000086   Code   RO          352    i.prvInitialiseNewTask  tasks.o
    0x0800f4d0   0x00000068   Code   RO          353    i.prvInitialiseTaskLists  tasks.o
    0x0800f538   0x0000001a   Code   RO          195    i.prvIsQueueEmpty   queue.o
    0x0800f552   0x0000001e   Code   RO          196    i.prvIsQueueFull    queue.o
    0x0800f570   0x00000034   Code   RO          354    i.prvResetNextTaskUnblockTime  tasks.o
    0x0800f5a4   0x00000016   Code   RO          114    i.prvTaskExitError  port.o
    0x0800f5ba   0x0000007e   Code   RO          197    i.prvUnlockQueue    queue.o
    0x0800f638   0x000000b8   Code   RO            2    i.pvPortMalloc      heap_2.o
    0x0800f6f0   0x00000020   Code   RO          356    i.pvTaskIncrementMutexHeldCount  tasks.o
    0x0800f710   0x00000024   Code   RO          115    i.pxPortInitialiseStack  port.o
    0x0800f734   0x000000a0   Code   RO         5973    i.sin               m_ws.l(sin.o)
    0x0800f7d4   0x00000012   Code   RO         1353    i.skip              cjson.o
    0x0800f7e6   0x0000004c   Code   RO         5981    i.sqrt              m_ws.l(sqrt.o)
    0x0800f832   0x00000028   Code   RO           77    i.uxListRemove      list.o
    0x0800f85a   0x0000001a   Code   RO           78    i.vListInitialise   list.o
    0x0800f874   0x00000006   Code   RO           79    i.vListInitialiseItem  list.o
    0x0800f87a   0x00000034   Code   RO           80    i.vListInsert       list.o
    0x0800f8ae   0x00000018   Code   RO           81    i.vListInsertEnd    list.o
    0x0800f8c6   0x00000002   PAD
    0x0800f8c8   0x00000024   Code   RO          117    i.vPortEnterCritical  port.o
    0x0800f8ec   0x00000020   Code   RO          118    i.vPortExitCritical  port.o
    0x0800f90c   0x00000040   Code   RO            3    i.vPortFree         heap_2.o
    0x0800f94c   0x00000014   Code   RO          119    i.vPortSetupTimerInterrupt  port.o
    0x0800f960   0x00000034   Code   RO          362    i.vTaskDelay        tasks.o
    0x0800f994   0x000000cc   Code   RO          364    i.vTaskDelete       tasks.o
    0x0800fa60   0x0000000c   Code   RO          366    i.vTaskMissedYield  tasks.o
    0x0800fa6c   0x00000020   Code   RO          368    i.vTaskPlaceOnEventList  tasks.o
    0x0800fa8c   0x000000b0   Code   RO          370    i.vTaskPriorityInherit  tasks.o
    0x0800fb3c   0x00000018   Code   RO          373    i.vTaskSetTimeOutState  tasks.o
    0x0800fb54   0x00000064   Code   RO          374    i.vTaskStartScheduler  tasks.o
    0x0800fbb8   0x00000010   Code   RO          376    i.vTaskSuspendAll   tasks.o
    0x0800fbc8   0x00000060   Code   RO          377    i.vTaskSwitchContext  tasks.o
    0x0800fc28   0x00000088   Code   RO         1012    i.vUARTInterruptHandler  lm_uudp.o
    0x0800fcb0   0x00000034   Code   RO          120    i.xPortStartScheduler  port.o
    0x0800fce4   0x00000034   Code   RO          121    i.xPortSysTickHandler  port.o
    0x0800fd18   0x00000022   Code   RO          203    i.xQueueCreateMutex  queue.o
    0x0800fd3a   0x00000038   Code   RO          204    i.xQueueGenericCreate  queue.o
    0x0800fd72   0x00000002   PAD
    0x0800fd74   0x0000015c   Code   RO          205    i.xQueueGenericReceive  queue.o
    0x0800fed0   0x00000080   Code   RO          206    i.xQueueGenericReset  queue.o
    0x0800ff50   0x00000118   Code   RO          207    i.xQueueGenericSend  queue.o
    0x08010068   0x0000005c   Code   RO          378    i.xTaskCheckForTimeOut  tasks.o
    0x080100c4   0x00000060   Code   RO          379    i.xTaskCreate       tasks.o
    0x08010124   0x0000011c   Code   RO          385    i.xTaskIncrementTick  tasks.o
    0x08010240   0x00000084   Code   RO          388    i.xTaskPriorityDisinherit  tasks.o
    0x080102c4   0x00000080   Code   RO          389    i.xTaskRemoveFromEventList  tasks.o
    0x08010344   0x000000e8   Code   RO          391    i.xTaskResumeAll    tasks.o
    0x0801042c   0x0000002c   Code   RO         6179    locale$$code        c_w.l(lc_ctype_c.o)
    0x08010458   0x0000002c   Code   RO         6182    locale$$code        c_w.l(lc_numeric_c.o)
    0x08010484   0x00000062   Code   RO         5876    x$fpl$d2f           fz_ws.l(d2f.o)
    0x080104e6   0x00000002   PAD
    0x080104e8   0x00000150   Code   RO         5878    x$fpl$dadd          fz_ws.l(daddsub_clz.o)
    0x08010638   0x00000010   Code   RO         6238    x$fpl$dcheck1       fz_ws.l(dcheck1.o)
    0x08010648   0x00000018   Code   RO         6045    x$fpl$dcmpinf       fz_ws.l(dcmpi.o)
    0x08010660   0x000002b0   Code   RO         5885    x$fpl$ddiv          fz_ws.l(ddiv.o)
    0x08010910   0x0000005e   Code   RO         5888    x$fpl$dfix          fz_ws.l(dfix.o)
    0x0801096e   0x0000002e   Code   RO         5897    x$fpl$dflt          fz_ws.l(dflt_clz.o)
    0x0801099c   0x00000026   Code   RO         5896    x$fpl$dfltu         fz_ws.l(dflt_clz.o)
    0x080109c2   0x00000002   PAD
    0x080109c4   0x00000078   Code   RO         5902    x$fpl$dleqf         fz_ws.l(dleqf.o)
    0x08010a3c   0x00000154   Code   RO         5904    x$fpl$dmul          fz_ws.l(dmul.o)
    0x08010b90   0x0000009c   Code   RO         6047    x$fpl$dnaninf       fz_ws.l(dnaninf.o)
    0x08010c2c   0x0000000c   Code   RO         6049    x$fpl$dretinf       fz_ws.l(dretinf.o)
    0x08010c38   0x0000006c   Code   RO         5906    x$fpl$drleqf        fz_ws.l(drleqf.o)
    0x08010ca4   0x00000016   Code   RO         5879    x$fpl$drsb          fz_ws.l(daddsub_clz.o)
    0x08010cba   0x00000002   PAD
    0x08010cbc   0x000001cc   Code   RO         6051    x$fpl$dsqrt         fz_ws.l(dsqrt_noumaal.o)
    0x08010e88   0x000001d4   Code   RO         5880    x$fpl$dsub          fz_ws.l(daddsub_clz.o)
    0x0801105c   0x00000056   Code   RO         5908    x$fpl$f2d           fz_ws.l(f2d.o)
    0x080110b2   0x00000002   PAD
    0x080110b4   0x000000c4   Code   RO         5910    x$fpl$fadd          fz_ws.l(faddsub_clz.o)
    0x08011178   0x00000018   Code   RO         6053    x$fpl$fcmpinf       fz_ws.l(fcmpi.o)
    0x08011190   0x00000184   Code   RO         5917    x$fpl$fdiv          fz_ws.l(fdiv.o)
    0x08011314   0x00000036   Code   RO         5920    x$fpl$ffix          fz_ws.l(ffix.o)
    0x0801134a   0x00000002   PAD
    0x0801134c   0x00000030   Code   RO         5925    x$fpl$fflt          fz_ws.l(fflt_clz.o)
    0x0801137c   0x00000068   Code   RO         5930    x$fpl$fleqf         fz_ws.l(fleqf.o)
    0x080113e4   0x00000102   Code   RO         5932    x$fpl$fmul          fz_ws.l(fmul.o)
    0x080114e6   0x0000008c   Code   RO         6055    x$fpl$fnaninf       fz_ws.l(fnaninf.o)
    0x08011572   0x0000000a   Code   RO         6057    x$fpl$fretinf       fz_ws.l(fretinf.o)
    0x0801157c   0x00000062   Code   RO         5934    x$fpl$frleqf        fz_ws.l(frleqf.o)
    0x080115de   0x00000014   Code   RO         5911    x$fpl$frsb          fz_ws.l(faddsub_clz.o)
    0x080115f2   0x00000002   PAD
    0x080115f4   0x000000ea   Code   RO         5912    x$fpl$fsub          fz_ws.l(faddsub_clz.o)
    0x080116de   0x00000004   Code   RO         5936    x$fpl$printf1       fz_ws.l(printf1.o)
    0x080116e2   0x00000004   Code   RO         5938    x$fpl$printf2       fz_ws.l(printf2.o)
    0x080116e6   0x00000064   Code   RO         6270    x$fpl$retnan        fz_ws.l(retnan.o)
    0x0801174a   0x0000005c   Code   RO         6059    x$fpl$scalbn        fz_ws.l(scalbn.o)
    0x080117a6   0x00000030   Code   RO         6311    x$fpl$trapveneer    fz_ws.l(trapv.o)
    0x080117d6   0x00000000   Code   RO         6061    x$fpl$usenofp       fz_ws.l(usenofp.o)
    0x080117d6   0x00000007   Data   RO         1355    .constdata          cjson.o
    0x080117dd   0x0000001a   Data   RO         1964    .constdata          lmst_sensornode.o
    0x080117f7   0x00000001   PAD
    0x080117f8   0x00000008   Data   RO         5794    .constdata          c_w.l(_printf_wctomb.o)
    0x08011800   0x00000028   Data   RO         5806    .constdata          c_w.l(_printf_hex_int.o)
    0x08011828   0x00000011   Data   RO         5841    .constdata          c_w.l(__printf_flags_ss_wp.o)
    0x08011839   0x00000007   PAD
    0x08011840   0x00000050   Data   RO         5946    .constdata          m_ws.l(asin.o)
    0x08011890   0x00000088   Data   RO         5964    .constdata          m_ws.l(pow.o)
    0x08011918   0x00000026   Data   RO         6029    .constdata          c_w.l(_printf_fp_hex.o)
    0x0801193e   0x00000002   PAD
    0x08011940   0x00000098   Data   RO         6064    .constdata          m_ws.l(atan.o)
    0x080119d8   0x00000030   Data   RO         6073    .constdata          m_ws.l(cos_i.o)
    0x08011a08   0x00000008   Data   RO         6093    .constdata          m_ws.l(qnan.o)
    0x08011a10   0x000000c8   Data   RO         6096    .constdata          m_ws.l(rred.o)
    0x08011ad8   0x00000028   Data   RO         6100    .constdata          m_ws.l(sin_i.o)
    0x08011b00   0x00000094   Data   RO         6154    .constdata          c_w.l(bigflt0.o)
    0x08011b94   0x00000058   Data   RO         1965    .conststring        lmst_sensornode.o
    0x08011bec   0x00000020   Data   RO         6343    Region$$Table       anon$$obj.o
    0x08011c0c   0x00000110   Data   RO         6178    locale$$data        c_w.l(lc_ctype_c.o)
    0x08011d1c   0x0000001c   Data   RO         6181    locale$$data        c_w.l(lc_numeric_c.o)


    Execution Region RW_IRAM1 (Base: 0x20000000, Size: 0x000042f0, Max: 0x00005000, ABSOLUTE, COMPRESSED[0x0000003c])

    Base Addr    Size         Type   Attr      Idx    E Section Name        Object

    0x20000000   0x00000018   Data   RW            7    .data               heap_2.o
    0x20000018   0x00000004   Data   RW          122    .data               port.o
    0x2000001c   0x0000003c   Data   RW          394    .data               tasks.o
    0x20000058   0x00000004   Data   RW         1013    .data               lm_uudp.o
    0x2000005c   0x00000004   Data   RW         1252    .data               lm_systemclock.o
    0x20000060   0x00000004   Data   RW         1356    .data               cjson.o
    0x20000064   0x00000014   Data   RW         1810    .data               lmst_nodecommon.o
    0x20000078   0x00000008   Data   RW         1966    .data               lmst_sensornode.o
    0x20000080   0x00000070   Data   RW         2123    .data               lm_timer.o
    0x200000f0   0x00000060   Data   RW         2166    .data               lm_ahrs.o
    0x20000150   0x00000098   Data   RW         2246    .data               lm_dcm.o
    0x200001e8   0x00000022   Data   RW         2356    .data               lm_bmp180.o
    0x2000020a   0x00000006   Data   RW         2444    .data               lm_iic.o
    0x20000210   0x00003000   Zero   RW            6    .bss                heap_2.o
    0x20003210   0x000000c8   Zero   RW          393    .bss                tasks.o
    0x200032d8   0x00000b50   Zero   RW         1091    .bss                lm_cudp_m3.o
    0x20003e28   0x00000180   Zero   RW         1809    .bss                lmst_nodecommon.o
    0x20003fa8   0x0000000c   Zero   RW         1963    .bss                lmst_sensornode.o
    0x20003fb4   0x0000000e   Zero   RW         2165    .bss                lm_ahrs.o
    0x20003fc2   0x00000002   PAD
    0x20003fc4   0x000000cc   Zero   RW         2245    .bss                lm_dcm.o
    0x20004090   0x00000060   Zero   RW         6106    .bss                c_w.l(libspace.o)
    0x200040f0   0x00000000   Zero   RW         5663    HEAP                stm32f10x.o
    0x200040f0   0x00000200   Zero   RW         5662    STACK               stm32f10x.o


==============================================================================

Image component sizes


      Code (inc. data)   RO Data    RW Data    ZI Data      Debug   Object Name

      2144         68          7          4          0       9973   cjson.o
       664         42          0          0          0     247633   cpgcore.o
       304         40          0         24      12288      16463   heap_2.o
       148          0          0          0          0       2998   list.o
      1056        146          0         96         14       7242   lm_ahrs.o
      1436        202          0         34          0       8785   lm_bmp180.o
        66          0          0          0          0       1558   lm_common.o
      1472         68          0          0       2896      19016   lm_cudp_m3.o
      2278        272          0        152        204      11279   lm_dcm.o
       742         38          0          6          0       6235   lm_iic.o
       512          0          0          0          0       7125   lm_queue_m3_freertos.o
       154         30          0          4          0       3202   lm_systemclock.o
       724         86          0        112          0       2036   lm_timer.o
       562         14          0          4          0       3955   lm_uudp.o
         0          0          0          0          0        668   lmst_motionctrl.o
       630         52          0         20        384       7963   lmst_nodecommon.o
       648        180        114          8         12       2836   lmst_sensornode.o
       132         20          0          0          0       1590   misc.o
        70          4          0          0          0       1995   onchip.o
       400         50          0          4          0       8620   port.o
      1260         16          0          0          0      20354   queue.o
        96         18          0          0          0       2183   smarttuna.o
        60         22        236          0        512        776   stm32f10x.o
      1180         12          0          0          0       5522   stm32f10x_can.o
       278          0          0          0          0       1984   stm32f10x_gpio.o
        68         30          0          0          0       2514   stm32f10x_iwdg.o
        96         18          0          0          0       1743   stm32f10x_rcc.o
        54          0          0          0          0       2882   stm32f10x_tim.o
       206          0          0          0          0       4816   stm32f10x_usart.o
       328         28          0          0          0       1853   system_stm32f10x.o
      2488        380          0         60        200      26348   tasks.o

    ----------------------------------------------------------------------
     20280       1836        390        528      16512     442147   Object Totals
         0          0         32          0          0          0   (incl. Generated)
        24          0          1          0          2          0   (incl. Padding)

    ----------------------------------------------------------------------

      Code (inc. data)   RO Data    RW Data    ZI Data      Debug   Library Member Name

        90          0          0          0          0          0   __dczerorl2.o
         8          0          0          0          0         68   __main.o
       392          4         17          0          0         92   __printf_flags_ss_wp.o
        14          0          0          0          0         68   __printf_wp.o
         0          0          0          0          0          0   __rtentry.o
        12          0          0          0          0          0   __rtentry2.o
         6          0          0          0          0          0   __rtentry4.o
        52          8          0          0          0          0   __scatter.o
        28          0          0          0          0          0   __scatter_zi.o
         6          0          0          0          0          0   _printf_a.o
         6          0          0          0          0          0   _printf_c.o
        44          0          0          0          0        108   _printf_char.o
        48          6          0          0          0         96   _printf_char_common.o
         6          0          0          0          0          0   _printf_d.o
       120         16          0          0          0         92   _printf_dec.o
         6          0          0          0          0          0   _printf_e.o
         6          0          0          0          0          0   _printf_f.o
      1050          0          0          0          0        216   _printf_fp_dec.o
       764          8         38          0          0        100   _printf_fp_hex.o
       128         16          0          0          0         84   _printf_fp_infnan.o
         6          0          0          0          0          0   _printf_g.o
        88          4         40          0          0         88   _printf_hex_int.o
         6          0          0          0          0          0   _printf_i.o
       178          0          0          0          0         88   _printf_intcommon.o
        10          0          0          0          0          0   _printf_l.o
         6          0          0          0          0          0   _printf_lc.o
         6          0          0          0          0          0   _printf_o.o
        84         10          0          0          0         88   _printf_oct_int.o
        78          0          0          0          0        108   _printf_pad.o
         0          0          0          0          0          0   _printf_percent.o
         4          0          0          0          0          0   _printf_percent_end.o
         6          0          0          0          0          0   _printf_s.o
        82          0          0          0          0         80   _printf_str.o
        36          0          0          0          0         84   _printf_truncate.o
         6          0          0          0          0          0   _printf_u.o
        44          0          0          0          0        108   _printf_wchar.o
       188          6          8          0          0         92   _printf_wctomb.o
         6          0          0          0          0          0   _printf_x.o
        22          0          0          0          0        100   _rserrno.o
        16          0          0          0          0         68   _snputc.o
        10          0          0          0          0         68   _sputc.o
        64          0          0          0          0         92   _wcrtomb.o
       220          4        148          0          0         96   bigflt0.o
      1910        128          0          0          0        672   btod.o
        18          0          0          0          0         80   exit.o
        78          0          0          0          0         80   h1_free.o
         6          0          0          0          0        152   heapauxi.o
         0          0          0          0          0          0   indicate_semi.o
        44         10        272          0          0         76   lc_ctype_c.o
        44         10         28          0          0         76   lc_numeric_c.o
         2          0          0          0          0          0   libinit.o
        30          0          0          0          0          0   libinit2.o
         2          0          0          0          0          0   libshutdown.o
         2          0          0          0          0          0   libshutdown2.o
         8          4          0          0         96         68   libspace.o
        72          0          0          0          0         76   llsdiv.o
       138          0          0          0          0         80   lludiv10.o
       238          0          0          0          0        100   lludivv7m.o
        52          4          0          0          0         84   noretval__2snprintf.o
        16          4          0          0          0         76   rt_ctype_table.o
         8          4          0          0          0         68   rt_errno_addr_intlibspace.o
         8          4          0          0          0         68   rt_heap_descriptor_intlibspace.o
         8          4          0          0          0         68   rt_locale_intlibspace.o
        78          0          0          0          0         80   rt_memclr_w.o
       138          0          0          0          0         68   rt_memcpy_v6.o
       100          0          0          0          0         80   rt_memcpy_w.o
         2          0          0          0          0          0   rtexit.o
        10          0          0          0          0          0   rtexit2.o
       128          0          0          0          0         68   strcmpv7m.o
        62          0          0          0          0         76   strlen.o
       150          0          0          0          0         80   strncmp.o
        12          4          0          0          0         68   sys_exit.o
        74          0          0          0          0         80   sys_stackheap_outer.o
        26          0          0          0          0         76   tolower.o
         2          0          0          0          0         68   use_no_semi.o
        98          4          0          0          0         92   d2f.o
       826         16          0          0          0        348   daddsub_clz.o
        16          4          0          0          0         68   dcheck1.o
        24          0          0          0          0         68   dcmpi.o
       688        140          0          0          0        208   ddiv.o
        94          4          0          0          0         92   dfix.o
        84          0          0          0          0        136   dflt_clz.o
       120          4          0          0          0         92   dleqf.o
       340         12          0          0          0        104   dmul.o
       156          4          0          0          0         92   dnaninf.o
        12          0          0          0          0         68   dretinf.o
       108          0          0          0          0         80   drleqf.o
       460         56          0          0          0        120   dsqrt_noumaal.o
        86          4          0          0          0         84   f2d.o
       450          8          0          0          0        236   faddsub_clz.o
        24          0          0          0          0         68   fcmpi.o
       388         76          0          0          0         96   fdiv.o
        54          4          0          0          0         84   ffix.o
        48          0          0          0          0         68   fflt_clz.o
       104          4          0          0          0         84   fleqf.o
       258          4          0          0          0         84   fmul.o
       140          4          0          0          0         84   fnaninf.o
        10          0          0          0          0         68   fretinf.o
        98          0          0          0          0         68   frleqf.o
         4          0          0          0          0         68   printf1.o
         4          0          0          0          0         68   printf2.o
       100          0          0          0          0         68   retnan.o
        92          0          0          0          0         68   scalbn.o
        48          0          0          0          0         68   trapv.o
         0          0          0          0          0          0   usenofp.o
       624         52         80          0          0        168   asin.o
       544         70        152          0          0        124   atan.o
       384         38          0          0          0        144   atan2.o
       252         22         48          0          0        124   cos_i.o
        68         10          0          0          0        408   dunder.o
        40          0          0          0          0         68   fpclassify.o
       170          0          0          0          0         96   poly.o
      2520        190        136          0          0        324   pow.o
         0          0          8          0          0          0   qnan.o
       904         76        200          0          0        140   rred.o
       160         10          0          0          0        108   sin.o
       236         12         40          0          0        128   sin_i.o
        76          0          0          0          0         84   sqrt.o

    ----------------------------------------------------------------------
     18354       1086       1224          0         96       9500   Library Totals
        24          0          9          0          0          0   (incl. Padding)

    ----------------------------------------------------------------------

      Code (inc. data)   RO Data    RW Data    ZI Data      Debug   Library Name

      7418        258        551          0         96       4652   c_w.l
      4934        348          0          0          0       2932   fz_ws.l
      5978        480        664          0          0       1916   m_ws.l

    ----------------------------------------------------------------------
     18354       1086       1224          0         96       9500   Library Totals

    ----------------------------------------------------------------------

==============================================================================


      Code (inc. data)   RO Data    RW Data    ZI Data      Debug   

     38634       2922       1614        528      16608     436147   Grand Totals
     38634       2922       1614         60      16608     436147   ELF Image Totals (compressed)
     38634       2922       1614         60          0          0   ROM Totals

==============================================================================

    Total RO  Size (Code + RO Data)                40248 (  39.30kB)
    Total RW  Size (RW Data + ZI Data)             17136 (  16.73kB)
    Total ROM Size (Code + RO Data + RW Data)      40308 (  39.36kB)

==============================================================================

