Component: ARM Compiler 5.06 update 2 (build 183) Tool: armlink [4d35b7]

==============================================================================

Section Cross References

    heap_2.o(i.prvHeapInit) refers to heap_2.o(.bss) for ucHeap
    heap_2.o(i.prvHeapInit) refers to heap_2.o(.data) for xStart
    heap_2.o(i.pvPortMalloc) refers to tasks.o(i.vTaskSuspendAll) for vTaskSuspendAll
    heap_2.o(i.pvPortMalloc) refers to heap_2.o(i.prvHeapInit) for prvHeapInit
    heap_2.o(i.pvPortMalloc) refers to tasks.o(i.xTaskResumeAll) for xTaskResumeAll
    heap_2.o(i.pvPortMalloc) refers to heap_2.o(.data) for xHeapHasBeenInitialised
    heap_2.o(i.vPortFree) refers to tasks.o(i.vTaskSuspendAll) for vTaskSuspendAll
    heap_2.o(i.vPortFree) refers to tasks.o(i.xTaskResumeAll) for xTaskResumeAll
    heap_2.o(i.vPortFree) refers to heap_2.o(.data) for xStart
    heap_2.o(i.xPortGetFreeHeapSize) refers to heap_2.o(.data) for xFreeBytesRemaining
    port.o(.emb_text) refers to tasks.o(i.vTaskSwitchContext) for vTaskSwitchContext
    port.o(.emb_text) refers to tasks.o(.data) for pxCurrentTCB
    port.o(i.pxPortInitialiseStack) refers to port.o(i.prvTaskExitError) for prvTaskExitError
    port.o(i.vPortEnterCritical) refers to port.o(.data) for uxCriticalNesting
    port.o(i.vPortExitCritical) refers to port.o(.data) for uxCriticalNesting
    port.o(i.xPortStartScheduler) refers to port.o(i.vPortSetupTimerInterrupt) for vPortSetupTimerInterrupt
    port.o(i.xPortStartScheduler) refers to port.o(.emb_text) for __asm___6_port_c_39a90d8d__prvStartFirstTask
    port.o(i.xPortStartScheduler) refers to port.o(.data) for uxCriticalNesting
    port.o(i.xPortSysTickHandler) refers to tasks.o(i.xTaskIncrementTick) for xTaskIncrementTick
    queue.o(i.prvCopyDataFromQueue) refers to rt_memcpy_v6.o(.text) for __aeabi_memcpy
    queue.o(i.prvCopyDataToQueue) refers to tasks.o(i.xTaskPriorityDisinherit) for xTaskPriorityDisinherit
    queue.o(i.prvCopyDataToQueue) refers to rt_memcpy_v6.o(.text) for __aeabi_memcpy
    queue.o(i.prvInitialiseMutex) refers to queue.o(i.xQueueGenericSend) for xQueueGenericSend
    queue.o(i.prvInitialiseNewQueue) refers to queue.o(i.xQueueGenericReset) for xQueueGenericReset
    queue.o(i.prvIsQueueEmpty) refers to port.o(i.vPortEnterCritical) for vPortEnterCritical
    queue.o(i.prvIsQueueEmpty) refers to port.o(i.vPortExitCritical) for vPortExitCritical
    queue.o(i.prvIsQueueFull) refers to port.o(i.vPortEnterCritical) for vPortEnterCritical
    queue.o(i.prvIsQueueFull) refers to port.o(i.vPortExitCritical) for vPortExitCritical
    queue.o(i.prvUnlockQueue) refers to port.o(i.vPortEnterCritical) for vPortEnterCritical
    queue.o(i.prvUnlockQueue) refers to tasks.o(i.xTaskRemoveFromEventList) for xTaskRemoveFromEventList
    queue.o(i.prvUnlockQueue) refers to tasks.o(i.vTaskMissedYield) for vTaskMissedYield
    queue.o(i.prvUnlockQueue) refers to port.o(i.vPortExitCritical) for vPortExitCritical
    queue.o(i.uxQueueMessagesWaiting) refers to port.o(i.vPortEnterCritical) for vPortEnterCritical
    queue.o(i.uxQueueMessagesWaiting) refers to port.o(i.vPortExitCritical) for vPortExitCritical
    queue.o(i.uxQueueSpacesAvailable) refers to port.o(i.vPortEnterCritical) for vPortEnterCritical
    queue.o(i.uxQueueSpacesAvailable) refers to port.o(i.vPortExitCritical) for vPortExitCritical
    queue.o(i.vQueueDelete) refers to heap_2.o(i.vPortFree) for vPortFree
    queue.o(i.xQueueCreateCountingSemaphore) refers to queue.o(i.xQueueGenericCreate) for xQueueGenericCreate
    queue.o(i.xQueueCreateMutex) refers to queue.o(i.xQueueGenericCreate) for xQueueGenericCreate
    queue.o(i.xQueueCreateMutex) refers to queue.o(i.prvInitialiseMutex) for prvInitialiseMutex
    queue.o(i.xQueueGenericCreate) refers to heap_2.o(i.pvPortMalloc) for pvPortMalloc
    queue.o(i.xQueueGenericCreate) refers to queue.o(i.prvInitialiseNewQueue) for prvInitialiseNewQueue
    queue.o(i.xQueueGenericReceive) refers to port.o(i.vPortEnterCritical) for vPortEnterCritical
    queue.o(i.xQueueGenericReceive) refers to queue.o(i.prvCopyDataFromQueue) for prvCopyDataFromQueue
    queue.o(i.xQueueGenericReceive) refers to tasks.o(i.pvTaskIncrementMutexHeldCount) for pvTaskIncrementMutexHeldCount
    queue.o(i.xQueueGenericReceive) refers to tasks.o(i.xTaskRemoveFromEventList) for xTaskRemoveFromEventList
    queue.o(i.xQueueGenericReceive) refers to port.o(i.vPortExitCritical) for vPortExitCritical
    queue.o(i.xQueueGenericReceive) refers to tasks.o(i.vTaskSetTimeOutState) for vTaskSetTimeOutState
    queue.o(i.xQueueGenericReceive) refers to tasks.o(i.vTaskSuspendAll) for vTaskSuspendAll
    queue.o(i.xQueueGenericReceive) refers to tasks.o(i.xTaskCheckForTimeOut) for xTaskCheckForTimeOut
    queue.o(i.xQueueGenericReceive) refers to queue.o(i.prvIsQueueEmpty) for prvIsQueueEmpty
    queue.o(i.xQueueGenericReceive) refers to tasks.o(i.vTaskPriorityInherit) for vTaskPriorityInherit
[...]
    DMAChannel1_IRQHandler                   0x080082eb   Thumb Code     0  stm32f10x.o(.text)
    DMAChannel2_IRQHandler                   0x080082eb   Thumb Code     0  stm32f10x.o(.text)
    DMAChannel3_IRQHandler                   0x080082eb   Thumb Code     0  stm32f10x.o(.text)
    DMAChannel4_IRQHandler                   0x080082eb   Thumb Code     0  stm32f10x.o(.text)
    DMAChannel5_IRQHandler                   0x080082eb   Thumb Code     0  stm32f10x.o(.text)
    DMAChannel6_IRQHandler                   0x080082eb   Thumb Code     0  stm32f10x.o(.text)
    DMAChannel7_IRQHandler                   0x080082eb   Thumb Code     0  stm32f10x.o(.text)
    EXTI0_IRQHandler                         0x080082eb   Thumb Code     0  stm32f10x.o(.text)
    EXTI15_10_IRQHandler                     0x080082eb   Thumb Code     0  stm32f10x.o(.text)
    EXTI1_IRQHandler                         0x080082eb   Thumb Code     0  stm32f10x.o(.text)
    EXTI2_IRQHandler                         0x080082eb   Thumb Code     0  stm32f10x.o(.text)
    EXTI3_IRQHandler                         0x080082eb   Thumb Code     0  stm32f10x.o(.text)
    EXTI4_IRQHandler                         0x080082eb   Thumb Code     0  stm32f10x.o(.text)
    EXTI9_5_IRQHandler                       0x080082eb   Thumb Code     0  stm32f10x.o(.text)
    FLASH_IRQHandler                         0x080082eb   Thumb Code     0  stm32f10x.o(.text)
    I2C1_ER_IRQHandler                       0x080082eb   Thumb Code     0  stm32f10x.o(.text)
    I2C1_EV_IRQHandler                       0x080082eb   Thumb Code     0  stm32f10x.o(.text)
    I2C2_ER_IRQHandler                       0x080082eb   Thumb Code     0  stm32f10x.o(.text)
    I2C2_EV_IRQHandler                       0x080082eb   Thumb Code     0  stm32f10x.o(.text)
    PVD_IRQHandler                           0x080082eb   Thumb Code     0  stm32f10x.o(.text)
    RCC_IRQHandler                           0x080082eb   Thumb Code     0  stm32f10x.o(.text)
    RTCAlarm_IRQHandler                      0x080082eb   Thumb Code     0  stm32f10x.o(.text)
    RTC_IRQHandler                           0x080082eb   Thumb Code     0  stm32f10x.o(.text)
    SPI1_IRQHandler                          0x080082eb   Thumb Code     0  stm32f10x.o(.text)
    SPI2_IRQHandler                          0x080082eb   Thumb Code     0  stm32f10x.o(.text)
    TAMPER_IRQHandler                        0x080082eb   Thumb Code     0  stm32f10x.o(.text)
    TIM1_BRK_IRQHandler                      0x080082eb   Thumb Code     0  stm32f10x.o(.text)
    TIM1_CC_IRQHandler                       0x080082eb   Thumb Code     0  stm32f10x.o(.text)
    TIM1_TRG_COM_IRQHandler                  0x080082eb   Thumb Code     0  stm32f10x.o(.text)
    TIM1_UP_IRQHandler                       0x080082eb   Thumb Code     0  stm32f10x.o(.text)
    TIM3_IRQHandler                          0x080082eb   Thumb Code     0  stm32f10x.o(.text)
    USART1_IRQHandler                        0x080082eb   Thumb Code     0  stm32f10x.o(.text)
    USART2_IRQHandler                        0x080082eb   Thumb Code     0  stm32f10x.o(.text)
    USART3_IRQHandler                        0x080082eb   Thumb Code     0  stm32f10x.o(.text)
    USBWakeUp_IRQHandler                     0x080082eb   Thumb Code     0  stm32f10x.o(.text)
    USB_HP_CAN_TX_IRQHandler                 0x080082eb   Thumb Code     0  stm32f10x.o(.text)
    USB_LP_CAN_RX0_IRQHandler                0x080082eb   Thumb Code     0  stm32f10x.o(.text)
    WWDG_IRQHandler                          0x080082eb   Thumb Code     0  stm32f10x.o(.text)
    __user_initial_stackheap                 0x080082ed   Thumb Code     0  stm32f10x.o(.text)
    free                                     0x0800830d   Thumb Code    78  h1_free.o(.text)
    __aeabi_ldivmod                          0x0800835b   Thumb Code     0  llsdiv.o(.text)
    _ll_sdiv                                 0x0800835b   Thumb Code    72  llsdiv.o(.text)
    tolower                                  0x080083a3   Thumb Code    26  tolower.o(.text)
    __2snprintf                              0x080083bd   Thumb Code    48  noretval__2snprintf.o(.text)
    _printf_pre_padding                      0x080083f1   Thumb Code    44  _printf_pad.o(.text)
    _printf_post_padding                     0x0800841d   Thumb Code    34  _printf_pad.o(.text)
    _printf_truncate_signed                  0x0800843f   Thumb Code    18  _printf_truncate.o(.text)
    _printf_truncate_unsigned                0x08008451   Thumb Code    18  _printf_truncate.o(.text)
    _printf_str                              0x08008463   Thumb Code    82  _printf_str.o(.text)
    _printf_int_dec                          0x080084b5   Thumb Code   104  _printf_dec.o(.text)
    _printf_wctomb                           0x0800852d   Thumb Code   182  _printf_wctomb.o(.text)
    _printf_int_oct                          0x080085e9   Thumb Code    74  _printf_oct_int.o(.text)
    _printf_longlong_oct                     0x080085e9   Thumb Code     0  _printf_oct_int.o(.text)
    _printf_int_hex                          0x0800863d   Thumb Code    84  _printf_hex_int.o(.text)
    _printf_longlong_hex                     0x0800863d   Thumb Code     0  _printf_hex_int.o(.text)
    __printf                                 0x08008695   Thumb Code   388  __printf_flags_ss_wp.o(.text)
    strlen                                   0x0800881d   Thumb Code    62  strlen.o(.text)
    strncmp                                  0x0800885b   Thumb Code   150  strncmp.o(.text)
    __aeabi_memcpy                           0x080088f1   Thumb Code     0  rt_memcpy_v6.o(.text)
    __rt_memcpy                              0x080088f1   Thumb Code   138  rt_memcpy_v6.o(.text)
    _memcpy_lastbytes                        0x08008957   Thumb Code     0  rt_memcpy_v6.o(.text)
    __aeabi_memcpy4                          0x0800897b   Thumb Code     0  rt_memcpy_w.o(.text)
    __aeabi_memcpy8                          0x0800897b   Thumb Code     0  rt_memcpy_w.o(.text)
    __rt_memcpy_w                            0x0800897b   Thumb Code   100  rt_memcpy_w.o(.text)
    _memcpy_lastbytes_aligned                0x080089c3   Thumb Code     0  rt_memcpy_w.o(.text)
    __aeabi_memclr4                          0x080089df   Thumb Code     0  rt_memclr_w.o(.text)
    __aeabi_memclr8                          0x080089df   Thumb Code     0  rt_memclr_w.o(.text)
    __rt_memclr_w                            0x080089df   Thumb Code    78  rt_memclr_w.o(.text)
    _memset_w                                0x080089e3   Thumb Code     0  rt_memclr_w.o(.text)
    strcmp                                   0x08008a2d   Thumb Code   128  strcmpv7m.o(.text)
    __use_two_region_memory                  0x08008aad   Thumb Code     2  heapauxi.o(.text)
    __rt_heap_escrow                         0x08008aaf   Thumb Code     2  heapauxi.o(.text)
    __rt_heap_expand                         0x08008ab1   Thumb Code     2  heapauxi.o(.text)
    __rt_ctype_table                         0x08008ab5   Thumb Code    16  rt_ctype_table.o(.text)
    __rt_heap_descriptor                     0x08008ac5   Thumb Code     8  rt_heap_descriptor_intlibspace.o(.text)
    __aeabi_uldivmod                         0x08008acd   Thumb Code     0  lludivv7m.o(.text)
    _ll_udiv                                 0x08008acd   Thumb Code   238  lludivv7m.o(.text)
    __read_errno                             0x08008bbb   Thumb Code    10  _rserrno.o(.text)
    __set_errno                              0x08008bc5   Thumb Code    12  _rserrno.o(.text)
    _printf_int_common                       0x08008bd1   Thumb Code   178  _printf_intcommon.o(.text)
    __lib_sel_fp_printf                      0x08008c83   Thumb Code     2  _printf_fp_dec.o(.text)
    _printf_fp_dec_real                      0x08008e31   Thumb Code   620  _printf_fp_dec.o(.text)
    _printf_fp_hex_real                      0x0800909d   Thumb Code   756  _printf_fp_hex.o(.text)
    _printf_char_common                      0x080093a3   Thumb Code    32  _printf_char_common.o(.text)
    _sputc                                   0x080093c9   Thumb Code    10  _sputc.o(.text)
    _snputc                                  0x080093d3   Thumb Code    16  _snputc.o(.text)
    _printf_cs_common                        0x080093e3   Thumb Code    20  _printf_char.o(.text)
    _printf_char                             0x080093f7   Thumb Code    16  _printf_char.o(.text)
    _printf_string                           0x08009407   Thumb Code     8  _printf_char.o(.text)
    _printf_lcs_common                       0x0800940f   Thumb Code    20  _printf_wchar.o(.text)
    _printf_wchar                            0x08009423   Thumb Code    16  _printf_wchar.o(.text)
    _printf_wstring                          0x08009433   Thumb Code     8  _printf_wchar.o(.text)
    _wcrtomb                                 0x0800943b   Thumb Code    64  _wcrtomb.o(.text)
    __user_libspace                          0x0800947d   Thumb Code     8  libspace.o(.text)
    __user_perproc_libspace                  0x0800947d   Thumb Code     0  libspace.o(.text)
    __user_perthread_libspace                0x0800947d   Thumb Code     0  libspace.o(.text)
    __rt_locale                              0x08009485   Thumb Code     8  rt_locale_intlibspace.o(.text)
    __aeabi_errno_addr                       0x0800948d   Thumb Code     8  rt_errno_addr_intlibspace.o(.text)
    __errno$intlibspace                      0x0800948d   Thumb Code     0  rt_errno_addr_intlibspace.o(.text)
    __rt_errno_addr$intlibspace              0x0800948d   Thumb Code     0  rt_errno_addr_intlibspace.o(.text)
    _ll_udiv10                               0x08009495   Thumb Code   138  lludiv10.o(.text)
    _printf_fp_infnan                        0x08009521   Thumb Code   112  _printf_fp_infnan.o(.text)
    _btod_etento                             0x080095a1   Thumb Code   216  bigflt0.o(.text)
    __user_setup_stackheap                   0x0800967d   Thumb Code    74  sys_stackheap_outer.o(.text)
    exit                                     0x080096c7   Thumb Code    18  exit.o(.text)
    _sys_exit                                0x080096d9   Thumb Code     8  sys_exit.o(.text)
    __I$use$semihosting                      0x080096e5   Thumb Code     0  use_no_semi.o(.text)
    __use_no_semihosting_swi                 0x080096e5   Thumb Code     2  use_no_semi.o(.text)
    __semihosting_library_function           0x080096e7   Thumb Code     0  indicate_semi.o(.text)
    _btod_d2e                                0x080096e7   Thumb Code    62  btod.o(CL$$btod_d2e)
    _d2e_denorm_low                          0x08009725   Thumb Code    70  btod.o(CL$$btod_d2e_denorm_low)
    _d2e_norm_op1                            0x0800976b   Thumb Code    96  btod.o(CL$$btod_d2e_norm_op1)
    __btod_div_common                        0x080097cb   Thumb Code   696  btod.o(CL$$btod_div_common)
    _e2e                                     0x08009b03   Thumb Code   198  btod.o(CL$$btod_e2e)
    _btod_ediv                               0x08009bc9   Thumb Code    40  btod.o(CL$$btod_ediv)
    _btod_emul                               0x08009bf1   Thumb Code    40  btod.o(CL$$btod_emul)
    __btod_mult_common                       0x08009c19   Thumb Code   580  btod.o(CL$$btod_mult_common)
    Accel_Read                               0x08009e5d   Thumb Code    66  lm_dcm.o(i.Accel_Read)
    CAN_DeInit                               0x08009eb9   Thumb Code    50  stm32f10x_can.o(i.CAN_DeInit)
    CAN_FilterInit                           0x08009ef1   Thumb Code   258  stm32f10x_can.o(i.CAN_FilterInit)
    CAN_ITConfig                             0x08009ff9   Thumb Code    18  stm32f10x_can.o(i.CAN_ITConfig)
    CAN_Init                                 0x0800a00b   Thumb Code   276  stm32f10x_can.o(i.CAN_Init)
    CAN_Receive                              0x0800a11f   Thumb Code   240  stm32f10x_can.o(i.CAN_Receive)
    CAN_StructInit                           0x0800a20f   Thumb Code    32  stm32f10x_can.o(i.CAN_StructInit)
    CAN_Transmit                             0x0800a22f   Thumb Code   294  stm32f10x_can.o(i.CAN_Transmit)
    Compass_Heading                          0x0800a37d   Thumb Code   266  lm_dcm.o(i.Compass_Heading)
    Delayms                                  0x0800a65d   Thumb Code    40  lm_iic.o(i.Delayms)
    Drift_correction                         0x0800a685   Thumb Code   378  lm_dcm.o(i.Drift_correction)
    Euler_angles                             0x0800a841   Thumb Code   116  lm_dcm.o(i.Euler_angles)
    FlashReadBytes                           0x0800a8c5   Thumb Code    24  onchip.o(i.FlashReadBytes)
    FlashReadWords                           0x0800a8dd   Thumb Code    26  onchip.o(i.FlashReadWords)
    GPIO_Init                                0x0800a8f7   Thumb Code   278  stm32f10x_gpio.o(i.GPIO_Init)
    GetDeg_Pitch                             0x0800aa0d   Thumb Code    32  lm_dcm.o(i.GetDeg_Pitch)
    GetDeg_Roll                              0x0800aa39   Thumb Code    32  lm_dcm.o(i.GetDeg_Roll)
    GetDeg_Yaw                               0x0800aa65   Thumb Code    32  lm_dcm.o(i.GetDeg_Yaw)
    Gyro_Read                                0x0800aa91   Thumb Code    66  lm_dcm.o(i.Gyro_Read)
    HiCreateQueue                            0x0800aaed   Thumb Code    58  lm_queue_m3_freertos.o(i.HiCreateQueue)
    HiDeQueue                                0x0800ab27   Thumb Code   118  lm_queue_m3_freertos.o(i.HiDeQueue)
    HiEnQueue                                0x0800ab9d   Thumb Code   112  lm_queue_m3_freertos.o(i.HiEnQueue)
    HiEnQueue_nolock                         0x0800ac0d   Thumb Code    68  lm_queue_m3_freertos.o(i.HiEnQueue_nolock)
    HiGetQueueDataLen                        0x0800ac51   Thumb Code     6  lm_queue_m3_freertos.o(i.HiGetQueueDataLen)
    HiGetQueueIdleNum                        0x0800ac57   Thumb Code    10  lm_queue_m3_freertos.o(i.HiGetQueueIdleNum)
    HiPeakQueue                              0x0800ac61   Thumb Code   140  lm_queue_m3_freertos.o(i.HiPeakQueue)
    I2C_NoAck                                0x0800aced   Thumb Code    48  lm_iic.o(i.I2C_NoAck)
    I2C_RadeByte                             0x0800ad21   Thumb Code    78  lm_iic.o(i.I2C_RadeByte)
    I2C_SendByte                             0x0800ad75   Thumb Code    78  lm_iic.o(i.I2C_SendByte)
    I2C_Start                                0x0800adc9   Thumb Code    84  lm_iic.o(i.I2C_Start)
    I2C_Stop                                 0x0800ae21   Thumb Code    48  lm_iic.o(i.I2C_Stop)
    I2C_WaitAck                              0x0800ae55   Thumb Code    76  lm_iic.o(i.I2C_WaitAck)
    I2C_delay                                0x0800aea5   Thumb Code    14  lm_iic.o(i.I2C_delay)
    IWDG_Enable                              0x0800b129   Thumb Code    10  stm32f10x_iwdg.o(i.IWDG_Enable)
    IWDG_ReloadCounter                       0x0800b139   Thumb Code    10  stm32f10x_iwdg.o(i.IWDG_ReloadCounter)
    IWDG_SetPrescaler                        0x0800b149   Thumb Code     6  stm32f10x_iwdg.o(i.IWDG_SetPrescaler)
    IWDG_SetReload                           0x0800b155   Thumb Code     6  stm32f10x_iwdg.o(i.IWDG_SetReload)
    IWDG_WriteAccessCmd                      0x0800b161   Thumb Code     6  stm32f10x_iwdg.o(i.IWDG_WriteAccessCmd)
    Init_HMC5883L                            0x0800b255   Thumb Code    54  lm_ahrs.o(i.Init_HMC5883L)
    Init_MPU6050                             0x0800b28b   Thumb Code    54  lm_ahrs.o(i.Init_MPU6050)
    Matrix_Multiply                          0x0800b421   Thumb Code   118  lm_dcm.o(i.Matrix_Multiply)
    Matrix_update                            0x0800b499   Thumb Code   374  lm_dcm.o(i.Matrix_update)
    NVIC_Init                                0x0800b6dd   Thumb Code   100  misc.o(i.NVIC_Init)
    NVIC_SetVectorTable                      0x0800b74d   Thumb Code    12  misc.o(i.NVIC_SetVectorTable)
    Normalize                                0x0800b761   Thumb Code   262  lm_dcm.o(i.Normalize)
    RCC_APB1PeriphClockCmd                   0x0800bb79   Thumb Code    26  stm32f10x_rcc.o(i.RCC_APB1PeriphClockCmd)
    RCC_APB1PeriphResetCmd                   0x0800bb99   Thumb Code    26  stm32f10x_rcc.o(i.RCC_APB1PeriphResetCmd)
    RCC_APB2PeriphClockCmd                   0x0800bbb9   Thumb Code    26  stm32f10x_rcc.o(i.RCC_APB2PeriphClockCmd)
    READ_HMC5883L                            0x0800bbf5   Thumb Code   144  lm_ahrs.o(i.READ_HMC5883L)
    READ_MPU6050                             0x0800bc95   Thumb Code   244  lm_ahrs.o(i.READ_MPU6050)
    Single_Read                              0x0800bf41   Thumb Code    94  lm_iic.o(i.Single_Read)
    Single_Write                             0x0800bfa5   Thumb Code    80  lm_iic.o(i.Single_Write)
    SystemInit                               0x0800c021   Thumb Code    78  system_stm32f10x.o(i.SystemInit)
    TIM2_IRQHandler                          0x0800c081   Thumb Code   244  lm_timer.o(i.TIM2_IRQHandler)
    TIM4_IRQHandler                          0x0800c191   Thumb Code   394  lm_timer.o(i.TIM4_IRQHandler)
    TIM_ClearITPendingBit                    0x0800c355   Thumb Code     6  stm32f10x_tim.o(i.TIM_ClearITPendingBit)
    TIM_GetCapture3                          0x0800c35b   Thumb Code     6  stm32f10x_tim.o(i.TIM_GetCapture3)
    TIM_GetCapture4                          0x0800c361   Thumb Code     8  stm32f10x_tim.o(i.TIM_GetCapture4)
    TIM_GetITStatus                          0x0800c369   Thumb Code    34  stm32f10x_tim.o(i.TIM_GetITStatus)
    USART_ClearITPendingBit                  0x0800c38b   Thumb Code    30  stm32f10x_usart.o(i.USART_ClearITPendingBit)
    USART_GetITStatus                        0x0800c3a9   Thumb Code    84  stm32f10x_usart.o(i.USART_GetITStatus)
    USART_ITConfig                           0x0800c3fd   Thumb Code    74  stm32f10x_usart.o(i.USART_ITConfig)
    USART_ReceiveData                        0x0800c447   Thumb Code    10  stm32f10x_usart.o(i.USART_ReceiveData)
    USART_SendData                           0x0800c451   Thumb Code     8  stm32f10x_usart.o(i.USART_SendData)
    USB_LP_CAN1_RX0_IRQHandler               0x0800c459   Thumb Code   216  lm_cudp_m3.o(i.USB_LP_CAN1_RX0_IRQHandler)
    Vector_Add                               0x0800c539   Thumb Code    40  lm_dcm.o(i.Vector_Add)
    Vector_Cross_Product                     0x0800c561   Thumb Code    98  lm_dcm.o(i.Vector_Cross_Product)
    Vector_Dot_Product                       0x0800c5c3   Thumb Code    48  lm_dcm.o(i.Vector_Dot_Product)
    Vector_Scale                             0x0800c5f3   Thumb Code    38  lm_dcm.o(i.Vector_Scale)
    YJ_AhrsInit                              0x0800c619   Thumb Code    46  lm_ahrs.o(i.YJ_AhrsInit)
    YJ_AplGetType                            0x0800c64d   Thumb Code    30  lmst_nodecommon.o(i.YJ_AplGetType)
    YJ_BMP180Init                            0x0800c66d   Thumb Code   138  lm_bmp180.o(i.YJ_BMP180Init)
    YJ_CudpInit                              0x0800c725   Thumb Code    44  lm_cudp_m3.o(i.YJ_CudpInit)
    YJ_CudpRecv                              0x0800c77f   Thumb Code   136  lm_cudp_m3.o(i.YJ_CudpRecv)
    YJ_CudpSendTo                            0x0800c807   Thumb Code   100  lm_cudp_m3.o(i.YJ_CudpSendTo)
    YJ_CudpUnInit                            0x0800c86b   Thumb Code    24  lm_cudp_m3.o(i.YJ_CudpUnInit)
    YJ_DEBUG                                 0x0800c885   Thumb Code    56  lmst_nodecommon.o(i.YJ_DEBUG)
    YJ_DeletCudpObj                          0x0800c8c1   Thumb Code    28  lm_cudp_m3.o(i.YJ_DeletCudpObj)
    YJ_ERR                                   0x0800c8e1   Thumb Code    56  lmst_nodecommon.o(i.YJ_ERR)
    YJ_GetAhrsParam                          0x0800c91d   Thumb Code    48  lm_ahrs.o(i.YJ_GetAhrsParam)
    YJ_GetBMP180Press                        0x0800c94d   Thumb Code    20  lm_bmp180.o(i.YJ_GetBMP180Press)
    YJ_GetBMP180Temp                         0x0800c965   Thumb Code    20  lm_bmp180.o(i.YJ_GetBMP180Temp)
    YJ_GetNodeType                           0x0800c97d   Thumb Code    16  onchip.o(i.YJ_GetNodeType)
    YJ_GetSysClock_ms                        0x0800c991   Thumb Code    22  lm_systemclock.o(i.YJ_GetSysClock_ms)
    YJ_I2C_Init                              0x0800c9ad   Thumb Code    64  lm_iic.o(i.YJ_I2C_Init)
    YJ_InitCudpObj                           0x0800c9f1   Thumb Code    70  lm_cudp_m3.o(i.YJ_InitCudpObj)
    YJ_InitSystem                            0x0800ca49   Thumb Code    72  lmst_nodecommon.o(i.YJ_InitSystem)
    YJ_IsTimeOut                             0x0800ca99   Thumb Code    34  lm_common.o(i.YJ_IsTimeOut)
    YJ_IwdgInit                              0x0800cabd   Thumb Code    54  lmst_nodecommon.o(i.YJ_IwdgInit)
    YJ_PackedApl                             0x0800cb05   Thumb Code   108  lmst_nodecommon.o(i.YJ_PackedApl)
    YJ_ReBoot                                0x0800cb71   Thumb Code    32  lmst_nodecommon.o(i.YJ_ReBoot)
    YJ_RecvMsg                               0x0800cb91   Thumb Code    74  lmst_nodecommon.o(i.YJ_RecvMsg)
    YJ_SendMsg                               0x0800cbe1   Thumb Code    56  lmst_nodecommon.o(i.YJ_SendMsg)
    YJ_SensorNodeTask                        0x0800cc1d   Thumb Code   106  lmst_sensornode.o(i.YJ_SensorNodeTask)
    YJ_SetTimeOut_ms                         0x0800cca9   Thumb Code    32  lm_common.o(i.YJ_SetTimeOut_ms)
    YJ_SysClockInit                          0x0800ccc9   Thumb Code    52  lm_systemclock.o(i.YJ_SysClockInit)
    YJ_SysClockUninit                        0x0800cd15   Thumb Code     6  lm_systemclock.o(i.YJ_SysClockUninit)
    YJ_UnInitSystem                          0x0800cd1d   Thumb Code    24  lmst_nodecommon.o(i.YJ_UnInitSystem)
    __ARM_fpclassify                         0x0800cd3d   Thumb Code    40  fpclassify.o(i.__ARM_fpclassify)
    __ieee754_rem_pio2                       0x0800cd65   Thumb Code   828  rred.o(i.__ieee754_rem_pio2)
    __kernel_cos                             0x0800d0ed   Thumb Code   230  cos_i.o(i.__kernel_cos)
    __kernel_poly                            0x0800d1e9   Thumb Code   170  poly.o(i.__kernel_poly)
    __kernel_sin                             0x0800d295   Thumb Code   224  sin_i.o(i.__kernel_sin)
    __mathlib_dbl_divzero                    0x0800d381   Thumb Code    12  dunder.o(i.__mathlib_dbl_divzero)
    __mathlib_dbl_infnan                     0x0800d391   Thumb Code     6  dunder.o(i.__mathlib_dbl_infnan)
    __mathlib_dbl_infnan2                    0x0800d397   Thumb Code     4  dunder.o(i.__mathlib_dbl_infnan2)
    __mathlib_dbl_invalid                    0x0800d39b   Thumb Code    12  dunder.o(i.__mathlib_dbl_invalid)
    __mathlib_dbl_overflow                   0x0800d3a7   Thumb Code    14  dunder.o(i.__mathlib_dbl_overflow)
    __mathlib_dbl_underflow                  0x0800d3b5   Thumb Code    10  dunder.o(i.__mathlib_dbl_underflow)
    _is_digit                                0x0800d3c5   Thumb Code    14  __printf_wp.o(i._is_digit)
    asin                                     0x0800d3d5   Thumb Code   572  asin.o(i.asin)
    atan                                     0x0800d645   Thumb Code   474  atan.o(i.atan)
    atan2                                    0x0800d865   Thumb Code   346  atan2.o(i.atan2)
    cJSON_Delete                             0x0800db95   Thumb Code    68  cjson.o(i.cJSON_Delete)
    cJSON_GetObjectItem                      0x0800dbd9   Thumb Code    30  cjson.o(i.cJSON_GetObjectItem)
    cJSON_Parse                              0x0800dc0f   Thumb Code    16  cjson.o(i.cJSON_Parse)
    cJSON_ParseWithOpts                      0x0800dc21   Thumb Code    96  cjson.o(i.cJSON_ParseWithOpts)
    constrain                                0x0800dcd1   Thumb Code    40  lm_dcm.o(i.constrain)
    cos                                      0x0800dcf9   Thumb Code   622  cpgcore.o(i.cos)
    main                                     0x0800dfe1   Thumb Code    46  smarttuna.o(i.main)
    pow                                      0x0800e735   Thumb Code  2512  pow.o(i.pow)
    pvPortMalloc                             0x0800f605   Thumb Code   166  heap_2.o(i.pvPortMalloc)
    pvTaskIncrementMutexHeldCount            0x0800f6bd   Thumb Code    26  tasks.o(i.pvTaskIncrementMutexHeldCount)
    pxPortInitialiseStack                    0x0800f6dd   Thumb Code    30  port.o(i.pxPortInitialiseStack)
    sin                                      0x0800f701   Thumb Code   150  sin.o(i.sin)
    sqrt                                     0x0800f7b3   Thumb Code    76  sqrt.o(i.sqrt)
    uxListRemove                             0x0800f7ff   Thumb Code    40  list.o(i.uxListRemove)
    vListInitialise                          0x0800f827   Thumb Code    26  list.o(i.vListInitialise)
    vListInitialiseItem                      0x0800f841   Thumb Code     6  list.o(i.vListInitialiseItem)
    vListInsert                              0x0800f847   Thumb Code    52  list.o(i.vListInsert)
    vListInsertEnd                           0x0800f87b   Thumb Code    24  list.o(i.vListInsertEnd)
    vPortEnterCritical                       0x0800f895   Thumb Code    30  port.o(i.vPortEnterCritical)
    vPortExitCritical                        0x0800f8b9   Thumb Code    28  port.o(i.vPortExitCritical)
    vPortFree                                0x0800f8d9   Thumb Code    56  heap_2.o(i.vPortFree)
    vPortSetupTimerInterrupt                 0x0800f919   Thumb Code    14  port.o(i.vPortSetupTimerInterrupt)
    vTaskDelay                               0x0800f92d   Thumb Code    46  tasks.o(i.vTaskDelay)
    vTaskDelete                              0x0800f961   Thumb Code   166  tasks.o(i.vTaskDelete)
    vTaskMissedYield                         0x0800fa2d   Thumb Code     8  tasks.o(i.vTaskMissedYield)
    vTaskPlaceOnEventList                    0x0800fa39   Thumb Code    28  tasks.o(i.vTaskPlaceOnEventList)
    vTaskPriorityInherit                     0x0800fa59   Thumb Code   164  tasks.o(i.vTaskPriorityInherit)
    vTaskSetTimeOutState                     0x0800fb09   Thumb Code    14  tasks.o(i.vTaskSetTimeOutState)
    vTaskStartScheduler                      0x0800fb21   Thumb Code    72  tasks.o(i.vTaskStartScheduler)
    vTaskSuspendAll                          0x0800fb85   Thumb Code    12  tasks.o(i.vTaskSuspendAll)
    vTaskSwitchContext                       0x0800fb95   Thumb Code    76  tasks.o(i.vTaskSwitchContext)
    vUARTInterruptHandler                    0x0800fbf5   Thumb Code   128  lm_uudp.o(i.vUARTInterruptHandler)
    xPortStartScheduler                      0x0800fc7d   Thumb Code    42  port.o(i.xPortStartScheduler)
    xPortSysTickHandler                      0x0800fcb1   Thumb Code    46  port.o(i.xPortSysTickHandler)
    xQueueCreateMutex                        0x0800fce5   Thumb Code    34  queue.o(i.xQueueCreateMutex)
    xQueueGenericCreate                      0x0800fd07   Thumb Code    56  queue.o(i.xQueueGenericCreate)
    xQueueGenericReceive                     0x0800fd41   Thumb Code   342  queue.o(i.xQueueGenericReceive)
    xQueueGenericReset                       0x0800fe9d   Thumb Code   122  queue.o(i.xQueueGenericReset)
    xQueueGenericSend                        0x0800ff1d   Thumb Code   276  queue.o(i.xQueueGenericSend)
    xTaskCheckForTimeOut                     0x08010035   Thumb Code    84  tasks.o(i.xTaskCheckForTimeOut)
    xTaskCreate                              0x08010091   Thumb Code    96  tasks.o(i.xTaskCreate)
    xTaskIncrementTick                       0x080100f1   Thumb Code   238  tasks.o(i.xTaskIncrementTick)
    xTaskPriorityDisinherit                  0x0801020d   Thumb Code   122  tasks.o(i.xTaskPriorityDisinherit)
    xTaskRemoveFromEventList                 0x08010291   Thumb Code   104  tasks.o(i.xTaskRemoveFromEventList)
    xTaskResumeAll                           0x08010311   Thumb Code   196  tasks.o(i.xTaskResumeAll)
    _get_lc_ctype                            0x080103f9   Thumb Code    44  lc_ctype_c.o(locale$$code)
    _get_lc_numeric                          0x08010425   Thumb Code    44  lc_numeric_c.o(locale$$code)
    __aeabi_d2f                              0x08010451   Thumb Code     0  d2f.o(x$fpl$d2f)
    _d2f                                     0x08010451   Thumb Code    98  d2f.o(x$fpl$d2f)
    __aeabi_dadd                             0x080104b5   Thumb Code     0  daddsub_clz.o(x$fpl$dadd)
    _dadd                                    0x080104b5   Thumb Code   332  daddsub_clz.o(x$fpl$dadd)
    __fpl_dcheck_NaN1                        0x08010605   Thumb Code    10  dcheck1.o(x$fpl$dcheck1)
    __fpl_dcmp_Inf                           0x08010615   Thumb Code    24  dcmpi.o(x$fpl$dcmpinf)
    __aeabi_ddiv                             0x0801062d   Thumb Code     0  ddiv.o(x$fpl$ddiv)
    _ddiv                                    0x0801062d   Thumb Code   552  ddiv.o(x$fpl$ddiv)
    __aeabi_d2iz                             0x080108dd   Thumb Code     0  dfix.o(x$fpl$dfix)
    _dfix                                    0x080108dd   Thumb Code    94  dfix.o(x$fpl$dfix)
    __aeabi_i2d                              0x0801093b   Thumb Code     0  dflt_clz.o(x$fpl$dflt)
    _dflt                                    0x0801093b   Thumb Code    46  dflt_clz.o(x$fpl$dflt)
    __aeabi_ui2d                             0x08010969   Thumb Code     0  dflt_clz.o(x$fpl$dfltu)
    _dfltu                                   0x08010969   Thumb Code    38  dflt_clz.o(x$fpl$dfltu)
    __aeabi_cdcmple                          0x08010991   Thumb Code     0  dleqf.o(x$fpl$dleqf)
    _dcmple                                  0x08010991   Thumb Code   120  dleqf.o(x$fpl$dleqf)
    __fpl_dcmple_InfNaN                      0x080109f3   Thumb Code     0  dleqf.o(x$fpl$dleqf)
    __aeabi_dmul                             0x08010a09   Thumb Code     0  dmul.o(x$fpl$dmul)
    _dmul                                    0x08010a09   Thumb Code   332  dmul.o(x$fpl$dmul)
    __fpl_dnaninf                            0x08010b5d   Thumb Code   156  dnaninf.o(x$fpl$dnaninf)
    __fpl_dretinf                            0x08010bf9   Thumb Code    12  dretinf.o(x$fpl$dretinf)
    __aeabi_cdrcmple                         0x08010c05   Thumb Code     0  drleqf.o(x$fpl$drleqf)
    _drcmple                                 0x08010c05   Thumb Code   108  drleqf.o(x$fpl$drleqf)
    __aeabi_drsub                            0x08010c71   Thumb Code     0  daddsub_clz.o(x$fpl$drsb)
    _drsb                                    0x08010c71   Thumb Code    22  daddsub_clz.o(x$fpl$drsb)
    _dsqrt                                   0x08010c89   Thumb Code   456  dsqrt_noumaal.o(x$fpl$dsqrt)
    __aeabi_dsub                             0x08010e55   Thumb Code     0  daddsub_clz.o(x$fpl$dsub)
    _dsub                                    0x08010e55   Thumb Code   464  daddsub_clz.o(x$fpl$dsub)
    __aeabi_f2d                              0x08011029   Thumb Code     0  f2d.o(x$fpl$f2d)
    _f2d                                     0x08011029   Thumb Code    86  f2d.o(x$fpl$f2d)
    __aeabi_fadd                             0x08011081   Thumb Code     0  faddsub_clz.o(x$fpl$fadd)
    _fadd                                    0x08011081   Thumb Code   196  faddsub_clz.o(x$fpl$fadd)
    __fpl_fcmp_Inf                           0x08011145   Thumb Code    24  fcmpi.o(x$fpl$fcmpinf)
    __aeabi_fdiv                             0x0801115d   Thumb Code     0  fdiv.o(x$fpl$fdiv)
    _fdiv                                    0x0801115d   Thumb Code   384  fdiv.o(x$fpl$fdiv)
    __aeabi_f2iz                             0x080112e1   Thumb Code     0  ffix.o(x$fpl$ffix)
    _ffix                                    0x080112e1   Thumb Code    54  ffix.o(x$fpl$ffix)
    __aeabi_i2f                              0x08011319   Thumb Code     0  fflt_clz.o(x$fpl$fflt)
    _fflt                                    0x08011319   Thumb Code    48  fflt_clz.o(x$fpl$fflt)
    __aeabi_cfcmple                          0x08011349   Thumb Code     0  fleqf.o(x$fpl$fleqf)
    _fcmple                                  0x08011349   Thumb Code   104  fleqf.o(x$fpl$fleqf)
    __fpl_fcmple_InfNaN                      0x0801139b   Thumb Code     0  fleqf.o(x$fpl$fleqf)
    __aeabi_fmul                             0x080113b1   Thumb Code     0  fmul.o(x$fpl$fmul)
    _fmul                                    0x080113b1   Thumb Code   258  fmul.o(x$fpl$fmul)
    __fpl_fnaninf                            0x080114b3   Thumb Code   140  fnaninf.o(x$fpl$fnaninf)
    __fpl_fretinf                            0x0801153f   Thumb Code    10  fretinf.o(x$fpl$fretinf)
    __aeabi_cfrcmple                         0x08011549   Thumb Code     0  frleqf.o(x$fpl$frleqf)
    _frcmple                                 0x08011549   Thumb Code    98  frleqf.o(x$fpl$frleqf)
    __aeabi_frsub                            0x080115ab   Thumb Code     0  faddsub_clz.o(x$fpl$frsb)
    _frsb                                    0x080115ab   Thumb Code    20  faddsub_clz.o(x$fpl$frsb)
    __aeabi_fsub                             0x080115c1   Thumb Code     0  faddsub_clz.o(x$fpl$fsub)
    _fsub                                    0x080115c1   Thumb Code   234  faddsub_clz.o(x$fpl$fsub)
    _printf_fp_dec                           0x080116ab   Thumb Code     4  printf1.o(x$fpl$printf1)
    _printf_fp_hex                           0x080116af   Thumb Code     4  printf2.o(x$fpl$printf2)
    __fpl_return_NaN                         0x080116b3   Thumb Code   100  retnan.o(x$fpl$retnan)
    __ARM_scalbn                             0x08011717   Thumb Code    92  scalbn.o(x$fpl$scalbn)
    __fpl_cmpreturn                          0x08011773   Thumb Code    48  trapv.o(x$fpl$trapveneer)
    __I$use$fp                               0x080117a2   Number         0  usenofp.o(x$fpl$usenofp)
    __mathlib_zero                           0x080119d0   Data           8  qnan.o(.constdata)
    Region$$Table$$Base                      0x08011bac   Number         0  anon$$obj.o(Region$$Table)
    Region$$Table$$Limit                     0x08011bcc   Number         0  anon$$obj.o(Region$$Table)
    __ctype                                  0x08011bd9   Data           0  lc_ctype_c.o(locale$$data)
    pxCurrentTCB                             0x2000001c   Data           4  tasks.o(.data)
    g_MtctCore                               0x20000064   Data           4  lmst_nodecommon.o(.data)
    g_CudpCore                               0x20000068   Data           4  lmst_nodecommon.o(.data)
    g_UudpCore                               0x2000006c   Data           4  lmst_nodecommon.o(.data)
    g_SysClockCore                           0x20000070   Data           4  lmst_nodecommon.o(.data)
    g_ButdCore                               0x20000074   Data           4  lmst_nodecommon.o(.data)
    TX_DATA                                  0x200000e8   Data           7  lm_ahrs.o(.data)
    T_X                                      0x200000f0   Data           2  lm_ahrs.o(.data)
    T_Y                                      0x200000f2   Data           2  lm_ahrs.o(.data)
    T_Z                                      0x200000f4   Data           2  lm_ahrs.o(.data)
    T_wX                                     0x200000f6   Data           2  lm_ahrs.o(.data)
    T_wY                                     0x200000f8   Data           2  lm_ahrs.o(.data)
    T_wZ                                     0x200000fa   Data           2  lm_ahrs.o(.data)
    T_yawX                                   0x200000fc   Data           2  lm_ahrs.o(.data)
    T_yawY                                   0x200000fe   Data           2  lm_ahrs.o(.data)
    T_yawZ                                   0x20000100   Data           2  lm_ahrs.o(.data)
    FF_X                                     0x20000102   Data           2  lm_ahrs.o(.data)
    FF_Y                                     0x20000104   Data           2  lm_ahrs.o(.data)
    FF_Z                                     0x20000106   Data           2  lm_ahrs.o(.data)
    FF_wX                                    0x20000108   Data           2  lm_ahrs.o(.data)
    FF_wY                                    0x2000010a   Data           2  lm_ahrs.o(.data)
    FF_wZ                                    0x2000010c   Data           2  lm_ahrs.o(.data)
    FF_yawX                                  0x2000010e   Data           2  lm_ahrs.o(.data)
    FF_yawY                                  0x20000110   Data           2  lm_ahrs.o(.data)
    FF_yawZ                                  0x20000112   Data           2  lm_ahrs.o(.data)
    timer_int                                0x20000114   Data           1  lm_ahrs.o(.data)
    Pitch                                    0x20000118   Data           8  lm_ahrs.o(.data)
    Roll                                     0x20000120   Data           8  lm_ahrs.o(.data)
    Yaw                                      0x20000128   Data           8  lm_ahrs.o(.data)
    SENSOR_SIGN                              0x20000148   Data          36  lm_dcm.o(.data)
    G_Dt                                     0x2000016c   Data           4  lm_dcm.o(.data)
    timer                                    0x20000170   Data           4  lm_dcm.o(.data)
    timer_old                                0x20000174   Data           4  lm_dcm.o(.data)
    timer24                                  0x20000178   Data           4  lm_dcm.o(.data)
    accel_x                                  0x2000017c   Data           2  lm_dcm.o(.data)
    accel_y                                  0x2000017e   Data           2  lm_dcm.o(.data)
    accel_z                                  0x20000180   Data           2  lm_dcm.o(.data)
    gyro_x                                   0x20000182   Data           2  lm_dcm.o(.data)
    gyro_y                                   0x20000184   Data           2  lm_dcm.o(.data)
    gyro_z                                   0x20000186   Data           2  lm_dcm.o(.data)
    MAG_Heading                              0x20000188   Data           4  lm_dcm.o(.data)
    roll                                     0x2000018c   Data           4  lm_dcm.o(.data)
    pitch                                    0x20000190   Data           4  lm_dcm.o(.data)
    yaw                                      0x20000194   Data           4  lm_dcm.o(.data)
    DCM_Matrix                               0x20000198   Data          36  lm_dcm.o(.data)
    Update_Matrix                            0x200001bc   Data          36  lm_dcm.o(.data)
    result_UT                                0x200001e4   Data           4  lm_bmp180.o(.data)
    result_UP                                0x200001e8   Data           4  lm_bmp180.o(.data)
    GPIO_InitStructure                       0x20000202   Data           4  lm_iic.o(.data)
    HSEStartUpStatus                         0x20000206   Data           1  lm_iic.o(.data)
    test                                     0x20000207   Data           1  lm_iic.o(.data)
    g_NodeCommonBuff                         0x20003e20   Data         384  lmst_nodecommon.o(.bss)
    BUF                                      0x20003fa0   Data          14  lm_ahrs.o(.bss)
    AN                                       0x20003fb0   Data          24  lm_dcm.o(.bss)
    AN_OFFSET                                0x20003fc8   Data          24  lm_dcm.o(.bss)
    Accel_Vector                             0x20003fe0   Data          12  lm_dcm.o(.bss)
    Gyro_Vector                              0x20003fec   Data          12  lm_dcm.o(.bss)
    Omega_Vector                             0x20003ff8   Data          12  lm_dcm.o(.bss)
    Omega_P                                  0x20004004   Data          12  lm_dcm.o(.bss)
    Omega_I                                  0x20004010   Data          12  lm_dcm.o(.bss)
    Omega                                    0x2000401c   Data          12  lm_dcm.o(.bss)
    errorRollPitch                           0x20004028   Data          12  lm_dcm.o(.bss)
    errorYaw                                 0x20004034   Data          12  lm_dcm.o(.bss)
    Temporary_Matrix                         0x20004040   Data          36  lm_dcm.o(.bss)
    __libspace_start                         0x2000407c   Data          96  libspace.o(.bss)
    __temporary_stack_top$libspace           0x200040dc   Data           0  libspace.o(.bss)



==============================================================================

Memory Map of the image

  Image Entry point : 0x080080ed

  Load Region LR_IROM1 (Base: 0x08008000, Size: 0x00009f00, Max: 0x00020000, ABSOLUTE, COMPRESSED[0x00009d34])

    Execution Region ER_IROM1 (Base: 0x08008000, Size: 0x00009cf8, Max: 0x00020000, ABSOLUTE)

    Base Addr    Size         Type   Attr      Idx    E Section Name        Object

    0x08008000   0x000000ec   Data   RO         5512    RESET               stm32f10x.o
    0x080080ec   0x00000008   Code   RO         5722  * !!!main             c_w.l(__main.o)
    0x080080f4   0x00000034   Code   RO         6195    !!!scatter          c_w.l(__scatter.o)
    0x08008128   0x0000005a   Code   RO         6193    !!dczerorl2         c_w.l(__dczerorl2.o)
    0x08008182   0x00000002   PAD
    0x08008184   0x0000001c   Code   RO         6197    !!handler_zi        c_w.l(__scatter_zi.o)
    0x080081a0   0x00000000   Code   RO         5702    .ARM.Collect$$_printf_percent$$00000000  c_w.l(_printf_percent.o)
    0x080081a0   0x00000006   Code   RO         5698    .ARM.Collect$$_printf_percent$$00000003  c_w.l(_printf_f.o)
    0x080081a6   0x00000006   Code   RO         5699    .ARM.Collect$$_printf_percent$$00000004  c_w.l(_printf_e.o)
    0x080081ac   0x00000006   Code   RO         5700    .ARM.Collect$$_printf_percent$$00000005  c_w.l(_printf_g.o)
    0x080081b2   0x00000006   Code   RO         5701    .ARM.Collect$$_printf_percent$$00000006  c_w.l(_printf_a.o)
    0x080081b8   0x00000006   Code   RO         5695    .ARM.Collect$$_printf_percent$$00000008  c_w.l(_printf_i.o)
    0x080081be   0x00000006   Code   RO         5696    .ARM.Collect$$_printf_percent$$00000009  c_w.l(_printf_d.o)
    0x080081c4   0x00000006   Code   RO         5697    .ARM.Collect$$_printf_percent$$0000000A  c_w.l(_printf_u.o)
    0x080081ca   0x00000006   Code   RO         5694    .ARM.Collect$$_printf_percent$$0000000B  c_w.l(_printf_o.o)
    0x080081d0   0x00000006   Code   RO         5693    .ARM.Collect$$_printf_percent$$0000000C  c_w.l(_printf_x.o)
    0x080081d6   0x0000000a   Code   RO         5890    .ARM.Collect$$_printf_percent$$00000012  c_w.l(_printf_l.o)
    0x080081e0   0x00000006   Code   RO         5691    .ARM.Collect$$_printf_percent$$00000013  c_w.l(_printf_c.o)
    0x080081e6   0x00000006   Code   RO         5692    .ARM.Collect$$_printf_percent$$00000014  c_w.l(_printf_s.o)
    0x080081ec   0x00000006   Code   RO         5703    .ARM.Collect$$_printf_percent$$00000015  c_w.l(_printf_lc.o)
    0x080081f2   0x00000004   Code   RO         5889    .ARM.Collect$$_printf_percent$$00000017  c_w.l(_printf_percent_end.o)
    0x080081f6   0x00000002   Code   RO         6115    .ARM.Collect$$libinit$$00000000  c_w.l(libinit.o)
    0x080081f8   0x00000000   Code   RO         6042    .ARM.Collect$$libinit$$00000002  c_w.l(libinit2.o)
    0x080081f8   0x00000000   Code   RO         6044    .ARM.Collect$$libinit$$00000004  c_w.l(libinit2.o)
    0x080081f8   0x00000000   Code   RO         6047    .ARM.Collect$$libinit$$0000000A  c_w.l(libinit2.o)
    0x080081f8   0x00000000   Code   RO         6049    .ARM.Collect$$libinit$$0000000C  c_w.l(libinit2.o)
    0x080081f8   0x00000000   Code   RO         6051    .ARM.Collect$$libinit$$0000000E  c_w.l(libinit2.o)
    0x080081f8   0x00000006   Code   RO         6052    .ARM.Collect$$libinit$$0000000F  c_w.l(libinit2.o)
    0x080081fe   0x00000000   Code   RO         6054    .ARM.Collect$$libinit$$00000011  c_w.l(libinit2.o)
    0x080081fe   0x0000000c   Code   RO         6055    .ARM.Collect$$libinit$$00000012  c_w.l(libinit2.o)
    0x0800820a   0x00000000   Code   RO         6056    .ARM.Collect$$libinit$$00000013  c_w.l(libinit2.o)
    0x0800820a   0x00000000   Code   RO         6058    .ARM.Collect$$libinit$$00000015  c_w.l(libinit2.o)
    0x0800820a   0x0000000a   Code   RO         6059    .ARM.Collect$$libinit$$00000016  c_w.l(libinit2.o)
    0x08008214   0x00000000   Code   RO         6060    .ARM.Collect$$libinit$$00000017  c_w.l(libinit2.o)
    0x08008214   0x00000000   Code   RO         6062    .ARM.Collect$$libinit$$00000019  c_w.l(libinit2.o)
    0x08008214   0x00000000   Code   RO         6064    .ARM.Collect$$libinit$$0000001B  c_w.l(libinit2.o)
    0x08008214   0x00000000   Code   RO         6066    .ARM.Collect$$libinit$$0000001D  c_w.l(libinit2.o)
    0x08008214   0x00000000   Code   RO         6068    .ARM.Collect$$libinit$$0000001F  c_w.l(libinit2.o)
    0x08008214   0x00000000   Code   RO         6070    .ARM.Collect$$libinit$$00000021  c_w.l(libinit2.o)
    0x08008214   0x00000000   Code   RO         6072    .ARM.Collect$$libinit$$00000023  c_w.l(libinit2.o)
    0x08008214   0x00000000   Code   RO         6074    .ARM.Collect$$libinit$$00000025  c_w.l(libinit2.o)
    0x08008214   0x00000000   Code   RO         6078    .ARM.Collect$$libinit$$0000002C  c_w.l(libinit2.o)
    0x08008214   0x00000000   Code   RO         6080    .ARM.Collect$$libinit$$0000002E  c_w.l(libinit2.o)
    0x08008214   0x00000000   Code   RO         6082    .ARM.Collect$$libinit$$00000030  c_w.l(libinit2.o)
    0x08008214   0x00000000   Code   RO         6084    .ARM.Collect$$libinit$$00000032  c_w.l(libinit2.o)
    0x08008214   0x00000002   Code   RO         6085    .ARM.Collect$$libinit$$00000033  c_w.l(libinit2.o)
    0x08008216   0x00000002   Code   RO         6190    .ARM.Collect$$libshutdown$$00000000  c_w.l(libshutdown.o)
    0x08008218   0x00000000   Code   RO         6144    .ARM.Collect$$libshutdown$$00000002  c_w.l(libshutdown2.o)
    0x08008218   0x00000000   Code   RO         6146    .ARM.Collect$$libshutdown$$00000004  c_w.l(libshutdown2.o)
    0x08008218   0x00000000   Code   RO         6149    .ARM.Collect$$libshutdown$$00000007  c_w.l(libshutdown2.o)
    0x08008218   0x00000000   Code   RO         6152    .ARM.Collect$$libshutdown$$0000000A  c_w.l(libshutdown2.o)
    0x08008218   0x00000000   Code   RO         6154    .ARM.Collect$$libshutdown$$0000000C  c_w.l(libshutdown2.o)
    0x08008218   0x00000000   Code   RO         6157    .ARM.Collect$$libshutdown$$0000000F  c_w.l(libshutdown2.o)
    0x08008218   0x00000002   Code   RO         6158    .ARM.Collect$$libshutdown$$00000010  c_w.l(libshutdown2.o)
    0x0800821a   0x00000000   Code   RO         5838    .ARM.Collect$$rtentry$$00000000  c_w.l(__rtentry.o)
    0x0800821a   0x00000000   Code   RO         5957    .ARM.Collect$$rtentry$$00000002  c_w.l(__rtentry2.o)
    0x0800821a   0x00000006   Code   RO         5969    .ARM.Collect$$rtentry$$00000004  c_w.l(__rtentry4.o)
    0x08008220   0x00000000   Code   RO         5959    .ARM.Collect$$rtentry$$00000009  c_w.l(__rtentry2.o)
    0x08008220   0x00000004   Code   RO         5960    .ARM.Collect$$rtentry$$0000000A  c_w.l(__rtentry2.o)
    0x08008224   0x00000000   Code   RO         5962    .ARM.Collect$$rtentry$$0000000C  c_w.l(__rtentry2.o)
    0x08008224   0x00000008   Code   RO         5963    .ARM.Collect$$rtentry$$0000000D  c_w.l(__rtentry2.o)
    0x0800822c   0x00000002   Code   RO         6125    .ARM.Collect$$rtexit$$00000000  c_w.l(rtexit.o)
    0x0800822e   0x00000000   Code   RO         6164    .ARM.Collect$$rtexit$$00000002  c_w.l(rtexit2.o)
    0x0800822e   0x00000004   Code   RO         6165    .ARM.Collect$$rtexit$$00000003  c_w.l(rtexit2.o)
    0x08008232   0x00000006   Code   RO         6166    .ARM.Collect$$rtexit$$00000004  c_w.l(rtexit2.o)
    0x08008238   0x00000096   Code   RO          113    .emb_text           port.o
    0x080082ce   0x00000002   PAD
    0x080082d0   0x0000003c   Code   RO         5513    .text               stm32f10x.o
    0x0800830c   0x0000004e   Code   RO         5565    .text               c_w.l(h1_free.o)
    0x0800835a   0x00000048   Code   RO         5619    .text               c_w.l(llsdiv.o)
    0x080083a2   0x0000001a   Code   RO         5621    .text               c_w.l(tolower.o)
    0x080083bc   0x00000034   Code   RO         5629    .text               c_w.l(noretval__2snprintf.o)
    0x080083f0   0x0000004e   Code   RO         5633    .text               c_w.l(_printf_pad.o)
    0x0800843e   0x00000024   Code   RO         5635    .text               c_w.l(_printf_truncate.o)
    0x08008462   0x00000052   Code   RO         5637    .text               c_w.l(_printf_str.o)
    0x080084b4   0x00000078   Code   RO         5639    .text               c_w.l(_printf_dec.o)
    0x0800852c   0x000000bc   Code   RO         5641    .text               c_w.l(_printf_wctomb.o)
    0x080085e8   0x00000054   Code   RO         5646    .text               c_w.l(_printf_oct_int.o)
    0x0800863c   0x00000058   Code   RO         5653    .text               c_w.l(_printf_hex_int.o)
    0x08008694   0x00000188   Code   RO         5688    .text               c_w.l(__printf_flags_ss_wp.o)
    0x0800881c   0x0000003e   Code   RO         5708    .text               c_w.l(strlen.o)
    0x0800885a   0x00000096   Code   RO         5710    .text               c_w.l(strncmp.o)
    0x080088f0   0x0000008a   Code   RO         5712    .text               c_w.l(rt_memcpy_v6.o)
    0x0800897a   0x00000064   Code   RO         5714    .text               c_w.l(rt_memcpy_w.o)
    0x080089de   0x0000004e   Code   RO         5716    .text               c_w.l(rt_memclr_w.o)
    0x08008a2c   0x00000080   Code   RO         5718    .text               c_w.l(strcmpv7m.o)
    0x08008aac   0x00000006   Code   RO         5720    .text               c_w.l(heapauxi.o)
    0x08008ab2   0x00000002   PAD
    0x08008ab4   0x00000010   Code   RO         5839    .text               c_w.l(rt_ctype_table.o)
    0x08008ac4   0x00000008   Code   RO         5844    .text               c_w.l(rt_heap_descriptor_intlibspace.o)
    0x08008acc   0x000000ee   Code   RO         5868    .text               c_w.l(lludivv7m.o)
    0x08008bba   0x00000016   Code   RO         5870    .text               c_w.l(_rserrno.o)
    0x08008bd0   0x000000b2   Code   RO         5872    .text               c_w.l(_printf_intcommon.o)
    0x08008c82   0x0000041a   Code   RO         5874    .text               c_w.l(_printf_fp_dec.o)
    0x0800909c   0x000002fc   Code   RO         5876    .text               c_w.l(_printf_fp_hex.o)
    0x08009398   0x00000030   Code   RO         5879    .text               c_w.l(_printf_char_common.o)
    0x080093c8   0x0000000a   Code   RO         5881    .text               c_w.l(_sputc.o)
    0x080093d2   0x00000010   Code   RO         5883    .text               c_w.l(_snputc.o)
    0x080093e2   0x0000002c   Code   RO         5885    .text               c_w.l(_printf_char.o)
    0x0800940e   0x0000002c   Code   RO         5887    .text               c_w.l(_printf_wchar.o)
    0x0800943a   0x00000040   Code   RO         5891    .text               c_w.l(_wcrtomb.o)
    0x0800947a   0x00000002   PAD
    0x0800947c   0x00000008   Code   RO         5953    .text               c_w.l(libspace.o)
    0x08009484   0x00000008   Code   RO         5978    .text               c_w.l(rt_locale_intlibspace.o)
    0x0800948c   0x00000008   Code   RO         5983    .text               c_w.l(rt_errno_addr_intlibspace.o)
    0x08009494   0x0000008a   Code   RO         5995    .text               c_w.l(lludiv10.o)
    0x0800951e   0x00000002   PAD
    0x08009520   0x00000080   Code   RO         5997    .text               c_w.l(_printf_fp_infnan.o)
    0x080095a0   0x000000dc   Code   RO         6001    .text               c_w.l(bigflt0.o)
    0x0800967c   0x0000004a   Code   RO         6092    .text               c_w.l(sys_stackheap_outer.o)
    0x080096c6   0x00000012   Code   RO         6102    .text               c_w.l(exit.o)
    0x080096d8   0x0000000c   Code   RO         6120    .text               c_w.l(sys_exit.o)
    0x080096e4   0x00000002   Code   RO         6122    .text               c_w.l(use_no_semi.o)
    0x080096e6   0x00000000   Code   RO         6124    .text               c_w.l(indicate_semi.o)
    0x080096e6   0x0000003e   Code   RO         6004    CL$$btod_d2e        c_w.l(btod.o)
    0x08009724   0x00000046   Code   RO         6006    CL$$btod_d2e_denorm_low  c_w.l(btod.o)
    0x0800976a   0x00000060   Code   RO         6005    CL$$btod_d2e_norm_op1  c_w.l(btod.o)
    0x080097ca   0x00000338   Code   RO         6014    CL$$btod_div_common  c_w.l(btod.o)
    0x08009b02   0x000000c6   Code   RO         6011    CL$$btod_e2e        c_w.l(btod.o)
    0x08009bc8   0x00000028   Code   RO         6008    CL$$btod_ediv       c_w.l(btod.o)
    0x08009bf0   0x00000028   Code   RO         6007    CL$$btod_emul       c_w.l(btod.o)
    0x08009c18   0x00000244   Code   RO         6013    CL$$btod_mult_common  c_w.l(btod.o)
    0x08009e5c   0x0000005c   Code   RO         2219    i.Accel_Read        lm_dcm.o
    0x08009eb8   0x00000038   Code   RO         2850    i.CAN_DeInit        stm32f10x_can.o
    0x08009ef0   0x00000108   Code   RO         2852    i.CAN_FilterInit    stm32f10x_can.o
    0x08009ff8   0x00000012   Code   RO         2858    i.CAN_ITConfig      stm32f10x_can.o
    0x0800a00a   0x00000114   Code   RO         2859    i.CAN_Init          stm32f10x_can.o
    0x0800a11e   0x000000f0   Code   RO         2862    i.CAN_Receive       stm32f10x_can.o
    0x0800a20e   0x00000020   Code   RO         2865    i.CAN_StructInit    stm32f10x_can.o
    0x0800a22e   0x00000126   Code   RO         2867    i.CAN_Transmit      stm32f10x_can.o
    0x0800a354   0x00000026   Code   RO         1003    i.Checksum          lm_uudp.o
    0x0800a37a   0x00000002   PAD
    0x0800a37c   0x00000118   Code   RO         2220    i.Compass_Heading   lm_dcm.o
    0x0800a494   0x000001a0   Code   RO         2146    i.ComputeArg        lm_ahrs.o
    0x0800a634   0x00000028   Code   RO         1073    i.CudpTask          lm_cudp_m3.o
    0x0800a65c   0x00000028   Code   RO         2423    i.Delayms           lm_iic.o
    0x0800a684   0x000001bc   Code   RO         2221    i.Drift_correction  lm_dcm.o
    0x0800a840   0x00000084   Code   RO         2222    i.Euler_angles      lm_dcm.o
    0x0800a8c4   0x00000018   Code   RO         1620    i.FlashReadBytes    onchip.o
    0x0800a8dc   0x0000001a   Code   RO         1621    i.FlashReadWords    onchip.o
    0x0800a8f6   0x00000116   Code   RO         3676    i.GPIO_Init         stm32f10x_gpio.o
    0x0800aa0c   0x0000002c   Code   RO         2224    i.GetDeg_Pitch      lm_dcm.o
    0x0800aa38   0x0000002c   Code   RO         2225    i.GetDeg_Roll       lm_dcm.o
    0x0800aa64   0x0000002c   Code   RO         2226    i.GetDeg_Yaw        lm_dcm.o
    0x0800aa90   0x0000005c   Code   RO         2227    i.Gyro_Read         lm_dcm.o
    0x0800aaec   0x0000003a   Code   RO          910    i.HiCreateQueue     lm_queue_m3_freertos.o
    0x0800ab26   0x00000076   Code   RO          911    i.HiDeQueue         lm_queue_m3_freertos.o
    0x0800ab9c   0x00000070   Code   RO          915    i.HiEnQueue         lm_queue_m3_freertos.o
    0x0800ac0c   0x00000044   Code   RO          916    i.HiEnQueue_nolock  lm_queue_m3_freertos.o
    0x0800ac50   0x00000006   Code   RO          917    i.HiGetQueueDataLen  lm_queue_m3_freertos.o
    0x0800ac56   0x0000000a   Code   RO          918    i.HiGetQueueIdleNum  lm_queue_m3_freertos.o
    0x0800ac60   0x0000008c   Code   RO          919    i.HiPeakQueue       lm_queue_m3_freertos.o
    0x0800acec   0x00000034   Code   RO         2425    i.I2C_NoAck         lm_iic.o
    0x0800ad20   0x00000054   Code   RO         2426    i.I2C_RadeByte      lm_iic.o
    0x0800ad74   0x00000054   Code   RO         2427    i.I2C_SendByte      lm_iic.o
    0x0800adc8   0x00000058   Code   RO         2428    i.I2C_Start         lm_iic.o
    0x0800ae20   0x00000034   Code   RO         2429    i.I2C_Stop          lm_iic.o
    0x0800ae54   0x00000050   Code   RO         2430    i.I2C_WaitAck       lm_iic.o
    0x0800aea4   0x0000000e   Code   RO         2431    i.I2C_delay         lm_iic.o
    0x0800aeb2   0x00000002   PAD
    0x0800aeb4   0x00000050   Code   RO         2331    i.IIC_Ack           lm_bmp180.o
    0x0800af04   0x00000050   Code   RO         2332    i.IIC_NAck          lm_bmp180.o
    0x0800af54   0x00000070   Code   RO         2333    i.IIC_Read_Byte     lm_bmp180.o
    0x0800afc4   0x00000068   Code   RO         2334    i.IIC_Send_Byte     lm_bmp180.o
    0x0800b02c   0x0000004c   Code   RO         2335    i.IIC_Start         lm_bmp180.o
    0x0800b078   0x0000004c   Code   RO         2336    i.IIC_Stop          lm_bmp180.o
    0x0800b0c4   0x00000064   Code   RO         2337    i.IIC_Wait_Ack      lm_bmp180.o
    0x0800b128   0x00000010   Code   RO         3991    i.IWDG_Enable       stm32f10x_iwdg.o
    0x0800b138   0x00000010   Code   RO         3993    i.IWDG_ReloadCounter  stm32f10x_iwdg.o
    0x0800b148   0x0000000c   Code   RO         3994    i.IWDG_SetPrescaler  stm32f10x_iwdg.o
    0x0800b154   0x0000000c   Code   RO         3995    i.IWDG_SetReload    stm32f10x_iwdg.o
    0x0800b160   0x0000000c   Code   RO         3996    i.IWDG_WriteAccessCmd  stm32f10x_iwdg.o
    0x0800b16c   0x000000e8   Code   RO         1074    i.InitCan           lm_cudp_m3.o
    0x0800b254   0x00000036   Code   RO         2147    i.Init_HMC5883L     lm_ahrs.o
    0x0800b28a   0x00000036   Code   RO         2148    i.Init_MPU6050      lm_ahrs.o
    0x0800b2c0   0x00000150   Code   RO         1004    i.ItRecvPrc         lm_uudp.o
    0x0800b410   0x00000010   Code   RO         1791    i.IwdgTask          lmst_nodecommon.o
    0x0800b420   0x00000076   Code   RO         2228    i.Matrix_Multiply   lm_dcm.o
    0x0800b496   0x00000002   PAD
    0x0800b498   0x000001c0   Code   RO         2229    i.Matrix_update     lm_dcm.o
    0x0800b658   0x00000062   Code   RO         2338    i.Multiple_read     lm_bmp180.o
    0x0800b6ba   0x00000022   Code   RO         1075    i.NVIC_Configuration  lm_cudp_m3.o
    0x0800b6dc   0x00000070   Code   RO         2507    i.NVIC_Init         misc.o
    0x0800b74c   0x00000014   Code   RO         2509    i.NVIC_SetVectorTable  misc.o
    0x0800b760   0x00000114   Code   RO         2230    i.Normalize         lm_dcm.o
    0x0800b874   0x00000034   Code   RO         1005    i.PrcRecv_it        lm_uudp.o
    0x0800b8a8   0x00000160   Code   RO         1955    i.ProcMsg           lmst_sensornode.o
    0x0800ba08   0x00000044   Code   RO         1076    i.ProcRecv          lm_cudp_m3.o
    0x0800ba4c   0x0000012c   Code   RO         1077    i.ProcSend          lm_cudp_m3.o
    0x0800bb78   0x00000020   Code   RO         4098    i.RCC_APB1PeriphClockCmd  stm32f10x_rcc.o
    0x0800bb98   0x00000020   Code   RO         4099    i.RCC_APB1PeriphResetCmd  stm32f10x_rcc.o
    0x0800bbb8   0x00000020   Code   RO         4100    i.RCC_APB2PeriphClockCmd  stm32f10x_rcc.o
    0x0800bbd8   0x0000001c   Code   RO         1078    i.RCC_Configuration  lm_cudp_m3.o
    0x0800bbf4   0x000000a0   Code   RO         2149    i.READ_HMC5883L     lm_ahrs.o
    0x0800bc94   0x00000110   Code   RO         2150    i.READ_MPU6050      lm_ahrs.o
    0x0800bda4   0x00000068   Code   RO         1956    i.ReplyHeatBeat     lmst_sensornode.o
    0x0800be0c   0x0000004c   Code   RO         1079    i.SendCanFrame      lm_cudp_m3.o
    0x0800be58   0x00000008   Code   RO         5527    i.SetSysClock       system_stm32f10x.o
    0x0800be60   0x000000e0   Code   RO         5528    i.SetSysClockTo72   system_stm32f10x.o
    0x0800bf40   0x00000064   Code   RO         2432    i.Single_Read       lm_iic.o
    0x0800bfa4   0x00000050   Code   RO         2433    i.Single_Write      lm_iic.o
    0x0800bff4   0x0000002c   Code   RO         1247    i.SysClockTask      lm_systemclock.o
    0x0800c020   0x00000060   Code   RO         5530    i.SystemInit        system_stm32f10x.o
    0x0800c080   0x00000110   Code   RO         2109    i.TIM2_IRQHandler   lm_timer.o
    0x0800c190   0x000001c4   Code   RO         2110    i.TIM4_IRQHandler   lm_timer.o
    0x0800c354   0x00000006   Code   RO         4736    i.TIM_ClearITPendingBit  stm32f10x_tim.o
    0x0800c35a   0x00000006   Code   RO         4758    i.TIM_GetCapture3   stm32f10x_tim.o
    0x0800c360   0x00000008   Code   RO         4759    i.TIM_GetCapture4   stm32f10x_tim.o
    0x0800c368   0x00000022   Code   RO         4762    i.TIM_GetITStatus   stm32f10x_tim.o
    0x0800c38a   0x0000001e   Code   RO         5274    i.USART_ClearITPendingBit  stm32f10x_usart.o
    0x0800c3a8   0x00000054   Code   RO         5281    i.USART_GetITStatus  stm32f10x_usart.o
    0x0800c3fc   0x0000004a   Code   RO         5283    i.USART_ITConfig    stm32f10x_usart.o
    0x0800c446   0x0000000a   Code   RO         5291    i.USART_ReceiveData  stm32f10x_usart.o
    0x0800c450   0x00000008   Code   RO         5294    i.USART_SendData    stm32f10x_usart.o
    0x0800c458   0x000000e0   Code   RO         1080    i.USB_LP_CAN1_RX0_IRQHandler  lm_cudp_m3.o
    0x0800c538   0x00000028   Code   RO         2231    i.Vector_Add        lm_dcm.o
    0x0800c560   0x00000062   Code   RO         2232    i.Vector_Cross_Product  lm_dcm.o
    0x0800c5c2   0x00000030   Code   RO         2233    i.Vector_Dot_Product  lm_dcm.o
    0x0800c5f2   0x00000026   Code   RO         2234    i.Vector_Scale      lm_dcm.o
    0x0800c618   0x00000034   Code   RO         2151    i.YJ_AhrsInit       lm_ahrs.o
    0x0800c64c   0x0000001e   Code   RO         1793    i.YJ_AplGetType     lmst_nodecommon.o
    0x0800c66a   0x00000002   PAD
    0x0800c66c   0x000000b8   Code   RO         2339    i.YJ_BMP180Init     lm_bmp180.o
    0x0800c724   0x00000040   Code   RO         1081    i.YJ_CudpInit       lm_cudp_m3.o
    0x0800c764   0x0000001a   Code   RO         1082    i.YJ_CudpProc       lm_cudp_m3.o
    0x0800c77e   0x00000088   Code   RO         1083    i.YJ_CudpRecv       lm_cudp_m3.o
    0x0800c806   0x00000064   Code   RO         1086    i.YJ_CudpSendTo     lm_cudp_m3.o
    0x0800c86a   0x00000018   Code   RO         1087    i.YJ_CudpUnInit     lm_cudp_m3.o
    0x0800c882   0x00000002   PAD
    0x0800c884   0x0000003c   Code   RO         1794    i.YJ_DEBUG          lmst_nodecommon.o
    0x0800c8c0   0x00000020   Code   RO         1088    i.YJ_DeletCudpObj   lm_cudp_m3.o
    0x0800c8e0   0x0000003c   Code   RO         1795    i.YJ_ERR            lmst_nodecommon.o
    0x0800c91c   0x00000030   Code   RO         2153    i.YJ_GetAhrsParam   lm_ahrs.o
    0x0800c94c   0x00000018   Code   RO         2340    i.YJ_GetBMP180Press  lm_bmp180.o
    0x0800c964   0x00000018   Code   RO         2341    i.YJ_GetBMP180Temp  lm_bmp180.o
    0x0800c97c   0x00000014   Code   RO         1626    i.YJ_GetNodeType    onchip.o
    0x0800c990   0x0000001c   Code   RO         1248    i.YJ_GetSysClock_ms  lm_systemclock.o
    0x0800c9ac   0x00000044   Code   RO         2434    i.YJ_I2C_Init       lm_iic.o
    0x0800c9f0   0x00000058   Code   RO         1089    i.YJ_InitCudpObj    lm_cudp_m3.o
    0x0800ca48   0x00000050   Code   RO         1797    i.YJ_InitSystem     lmst_nodecommon.o
    0x0800ca98   0x00000022   Code   RO         1285    i.YJ_IsTimeOut      lm_common.o
    0x0800caba   0x00000002   PAD
    0x0800cabc   0x00000048   Code   RO         1798    i.YJ_IwdgInit       lmst_nodecommon.o
    0x0800cb04   0x0000006c   Code   RO         1799    i.YJ_PackedApl      lmst_nodecommon.o
    0x0800cb70   0x00000020   Code   RO         1800    i.YJ_ReBoot         lmst_nodecommon.o
    0x0800cb90   0x00000050   Code   RO         1801    i.YJ_RecvMsg        lmst_nodecommon.o
    0x0800cbe0   0x0000003c   Code   RO         1802    i.YJ_SendMsg        lmst_nodecommon.o
    0x0800cc1c   0x0000008c   Code   RO         1957    i.YJ_SensorNodeTask  lmst_sensornode.o
    0x0800cca8   0x00000020   Code   RO         1286    i.YJ_SetTimeOut_ms  lm_common.o
    0x0800ccc8   0x0000004c   Code   RO         1249    i.YJ_SysClockInit   lm_systemclock.o
    0x0800cd14   0x00000006   Code   RO         1250    i.YJ_SysClockUninit  lm_systemclock.o
    0x0800cd1a   0x00000002   PAD
    0x0800cd1c   0x00000020   Code   RO         1803    i.YJ_UnInitSystem   lmst_nodecommon.o
    0x0800cd3c   0x00000028   Code   RO         5937    i.__ARM_fpclassify  m_ws.l(fpclassify.o)
    0x0800cd64   0x00000388   Code   RO         5942    i.__ieee754_rem_pio2  m_ws.l(rred.o)
    0x0800d0ec   0x000000fc   Code   RO         5920    i.__kernel_cos      m_ws.l(cos_i.o)
    0x0800d1e8   0x000000aa   Code   RO         5939    i.__kernel_poly     m_ws.l(poly.o)
    0x0800d292   0x00000002   PAD
    0x0800d294   0x000000ec   Code   RO         5947    i.__kernel_sin      m_ws.l(sin_i.o)
    0x0800d380   0x00000010   Code   RO         5923    i.__mathlib_dbl_divzero  m_ws.l(dunder.o)
    0x0800d390   0x00000006   Code   RO         5924    i.__mathlib_dbl_infnan  m_ws.l(dunder.o)
    0x0800d396   0x00000004   Code   RO         5925    i.__mathlib_dbl_infnan2  m_ws.l(dunder.o)
    0x0800d39a   0x0000000c   Code   RO         5926    i.__mathlib_dbl_invalid  m_ws.l(dunder.o)
    0x0800d3a6   0x0000000e   Code   RO         5927    i.__mathlib_dbl_overflow  m_ws.l(dunder.o)
    0x0800d3b4   0x00000010   Code   RO         5929    i.__mathlib_dbl_underflow  m_ws.l(dunder.o)
    0x0800d3c4   0x0000000e   Code   RO         5681    i._is_digit         c_w.l(__printf_wp.o)
    0x0800d3d2   0x00000002   PAD
    0x0800d3d4   0x00000270   Code   RO         5793    i.asin              m_ws.l(asin.o)
    0x0800d644   0x00000220   Code   RO         5911    i.atan              m_ws.l(atan.o)
    0x0800d864   0x00000180   Code   RO         5803    i.atan2             m_ws.l(atan2.o)
    0x0800d9e4   0x00000120   Code   RO         2342    i.bmp180Convert     lm_bmp180.o
    0x0800db04   0x00000048   Code   RO         2343    i.bmp180ReadPressure  lm_bmp180.o
    0x0800db4c   0x00000048   Code   RO         2344    i.bmp180ReadTemp    lm_bmp180.o
    0x0800db94   0x00000044   Code   RO         1319    i.cJSON_Delete      cjson.o
    0x0800dbd8   0x0000001e   Code   RO         1328    i.cJSON_GetObjectItem  cjson.o
    0x0800dbf6   0x00000018   Code   RO         1330    i.cJSON_New_Item    cjson.o
    0x0800dc0e   0x00000010   Code   RO         1331    i.cJSON_Parse       cjson.o
    0x0800dc1e   0x00000002   PAD
    0x0800dc20   0x00000064   Code   RO         1332    i.cJSON_ParseWithOpts  cjson.o
    0x0800dc84   0x0000004c   Code   RO         1337    i.cJSON_strcasecmp  cjson.o
    0x0800dcd0   0x00000028   Code   RO         2235    i.constrain         lm_dcm.o
    0x0800dcf8   0x00000298   Code   RO          654    i.cos               cpgcore.o
    0x0800df90   0x00000020   Code   RO          769    i.delay_ms          smarttuna.o
    0x0800dfb0   0x0000001a   Code   RO         2345    i.delay_ms          lm_bmp180.o
    0x0800dfca   0x00000014   Code   RO         2346    i.delay_us          lm_bmp180.o
    0x0800dfde   0x00000002   PAD
    0x0800dfe0   0x00000040   Code   RO          770    i.main              smarttuna.o
    0x0800e020   0x000000ac   Code   RO         1340    i.parse_array       cjson.o
    0x0800e0cc   0x00000114   Code   RO         1341    i.parse_hex4        cjson.o
    0x0800e1e0   0x000001bc   Code   RO         1342    i.parse_number      cjson.o
    0x0800e39c   0x00000114   Code   RO         1343    i.parse_object      cjson.o
    0x0800e4b0   0x000001c8   Code   RO         1344    i.parse_string      cjson.o
    0x0800e678   0x000000bc   Code   RO         1345    i.parse_value       cjson.o
    0x0800e734   0x000009d8   Code   RO         5811    i.pow               m_ws.l(pow.o)
    0x0800f10c   0x00000098   Code   RO          347    i.prvAddCurrentTaskToDelayedList  tasks.o
    0x0800f1a4   0x000000b4   Code   RO          348    i.prvAddNewTaskToReadyList  tasks.o
    0x0800f258   0x00000064   Code   RO          349    i.prvCheckTasksWaitingTermination  tasks.o
    0x0800f2bc   0x0000002a   Code   RO          191    i.prvCopyDataFromQueue  queue.o
    0x0800f2e6   0x0000007c   Code   RO          192    i.prvCopyDataToQueue  queue.o
    0x0800f362   0x00000012   Code   RO          350    i.prvDeleteTCB      tasks.o
    0x0800f374   0x00000038   Code   RO            1    i.prvHeapInit       heap_2.o
    0x0800f3ac   0x00000028   Code   RO          351    i.prvIdleTask       tasks.o
    0x0800f3d4   0x0000001c   Code   RO          193    i.prvInitialiseMutex  queue.o
    0x0800f3f0   0x00000026   Code   RO          194    i.prvInitialiseNewQueue  queue.o
    0x0800f416   0x00000086   Code   RO          352    i.prvInitialiseNewTask  tasks.o
    0x0800f49c   0x00000068   Code   RO          353    i.prvInitialiseTaskLists  tasks.o
    0x0800f504   0x0000001a   Code   RO          195    i.prvIsQueueEmpty   queue.o
    0x0800f51e   0x0000001e   Code   RO          196    i.prvIsQueueFull    queue.o
    0x0800f53c   0x00000034   Code   RO          354    i.prvResetNextTaskUnblockTime  tasks.o
    0x0800f570   0x00000016   Code   RO          114    i.prvTaskExitError  port.o
    0x0800f586   0x0000007e   Code   RO          197    i.prvUnlockQueue    queue.o
    0x0800f604   0x000000b8   Code   RO            2    i.pvPortMalloc      heap_2.o
    0x0800f6bc   0x00000020   Code   RO          356    i.pvTaskIncrementMutexHeldCount  tasks.o
    0x0800f6dc   0x00000024   Code   RO          115    i.pxPortInitialiseStack  port.o
    0x0800f700   0x000000a0   Code   RO         5821    i.sin               m_ws.l(sin.o)
    0x0800f7a0   0x00000012   Code   RO         1352    i.skip              cjson.o
    0x0800f7b2   0x0000004c   Code   RO         5829    i.sqrt              m_ws.l(sqrt.o)
    0x0800f7fe   0x00000028   Code   RO           77    i.uxListRemove      list.o
    0x0800f826   0x0000001a   Code   RO           78    i.vListInitialise   list.o
    0x0800f840   0x00000006   Code   RO           79    i.vListInitialiseItem  list.o
    0x0800f846   0x00000034   Code   RO           80    i.vListInsert       list.o
    0x0800f87a   0x00000018   Code   RO           81    i.vListInsertEnd    list.o
    0x0800f892   0x00000002   PAD
    0x0800f894   0x00000024   Code   RO          117    i.vPortEnterCritical  port.o
    0x0800f8b8   0x00000020   Code   RO          118    i.vPortExitCritical  port.o
    0x0800f8d8   0x00000040   Code   RO            3    i.vPortFree         heap_2.o
    0x0800f918   0x00000014   Code   RO          119    i.vPortSetupTimerInterrupt  port.o
    0x0800f92c   0x00000034   Code   RO          362    i.vTaskDelay        tasks.o
    0x0800f960   0x000000cc   Code   RO          364    i.vTaskDelete       tasks.o
    0x0800fa2c   0x0000000c   Code   RO          366    i.vTaskMissedYield  tasks.o
    0x0800fa38   0x00000020   Code   RO          368    i.vTaskPlaceOnEventList  tasks.o
    0x0800fa58   0x000000b0   Code   RO          370    i.vTaskPriorityInherit  tasks.o
    0x0800fb08   0x00000018   Code   RO          373    i.vTaskSetTimeOutState  tasks.o
    0x0800fb20   0x00000064   Code   RO          374    i.vTaskStartScheduler  tasks.o
    0x0800fb84   0x00000010   Code   RO          376    i.vTaskSuspendAll   tasks.o
    0x0800fb94   0x00000060   Code   RO          377    i.vTaskSwitchContext  tasks.o
    0x0800fbf4   0x00000088   Code   RO         1011    i.vUARTInterruptHandler  lm_uudp.o
    0x0800fc7c   0x00000034   Code   RO          120    i.xPortStartScheduler  port.o
    0x0800fcb0   0x00000034   Code   RO          121    i.xPortSysTickHandler  port.o
    0x0800fce4   0x00000022   Code   RO          203    i.xQueueCreateMutex  queue.o
    0x0800fd06   0x00000038   Code   RO          204    i.xQueueGenericCreate  queue.o
    0x0800fd3e   0x00000002   PAD
    0x0800fd40   0x0000015c   Code   RO          205    i.xQueueGenericReceive  queue.o
    0x0800fe9c   0x00000080   Code   RO          206    i.xQueueGenericReset  queue.o
    0x0800ff1c   0x00000118   Code   RO          207    i.xQueueGenericSend  queue.o
    0x08010034   0x0000005c   Code   RO          378    i.xTaskCheckForTimeOut  tasks.o
    0x08010090   0x00000060   Code   RO          379    i.xTaskCreate       tasks.o
    0x080100f0   0x0000011c   Code   RO          385    i.xTaskIncrementTick  tasks.o
    0x0801020c   0x00000084   Code   RO          388    i.xTaskPriorityDisinherit  tasks.o
    0x08010290   0x00000080   Code   RO          389    i.xTaskRemoveFromEventList  tasks.o
    0x08010310   0x000000e8   Code   RO          391    i.xTaskResumeAll    tasks.o
    0x080103f8   0x0000002c   Code   RO         6027    locale$$code        c_w.l(lc_ctype_c.o)
    0x08010424   0x0000002c   Code   RO         6030    locale$$code        c_w.l(lc_numeric_c.o)
    0x08010450   0x00000062   Code   RO         5724    x$fpl$d2f           fz_ws.l(d2f.o)
    0x080104b2   0x00000002   PAD
    0x080104b4   0x00000150   Code   RO         5726    x$fpl$dadd          fz_ws.l(daddsub_clz.o)
    0x08010604   0x00000010   Code   RO         6086    x$fpl$dcheck1       fz_ws.l(dcheck1.o)
    0x08010614   0x00000018   Code   RO         5893    x$fpl$dcmpinf       fz_ws.l(dcmpi.o)
    0x0801062c   0x000002b0   Code   RO         5733    x$fpl$ddiv          fz_ws.l(ddiv.o)
    0x080108dc   0x0000005e   Code   RO         5736    x$fpl$dfix          fz_ws.l(dfix.o)
    0x0801093a   0x0000002e   Code   RO         5745    x$fpl$dflt          fz_ws.l(dflt_clz.o)
    0x08010968   0x00000026   Code   RO         5744    x$fpl$dfltu         fz_ws.l(dflt_clz.o)
    0x0801098e   0x00000002   PAD
    0x08010990   0x00000078   Code   RO         5750    x$fpl$dleqf         fz_ws.l(dleqf.o)
    0x08010a08   0x00000154   Code   RO         5752    x$fpl$dmul          fz_ws.l(dmul.o)
    0x08010b5c   0x0000009c   Code   RO         5895    x$fpl$dnaninf       fz_ws.l(dnaninf.o)
    0x08010bf8   0x0000000c   Code   RO         5897    x$fpl$dretinf       fz_ws.l(dretinf.o)
    0x08010c04   0x0000006c   Code   RO         5754    x$fpl$drleqf        fz_ws.l(drleqf.o)
    0x08010c70   0x00000016   Code   RO         5727    x$fpl$drsb          fz_ws.l(daddsub_clz.o)
    0x08010c86   0x00000002   PAD
    0x08010c88   0x000001cc   Code   RO         5899    x$fpl$dsqrt         fz_ws.l(dsqrt_noumaal.o)
    0x08010e54   0x000001d4   Code   RO         5728    x$fpl$dsub          fz_ws.l(daddsub_clz.o)
    0x08011028   0x00000056   Code   RO         5756    x$fpl$f2d           fz_ws.l(f2d.o)
    0x0801107e   0x00000002   PAD
    0x08011080   0x000000c4   Code   RO         5758    x$fpl$fadd          fz_ws.l(faddsub_clz.o)
    0x08011144   0x00000018   Code   RO         5901    x$fpl$fcmpinf       fz_ws.l(fcmpi.o)
    0x0801115c   0x00000184   Code   RO         5765    x$fpl$fdiv          fz_ws.l(fdiv.o)
    0x080112e0   0x00000036   Code   RO         5768    x$fpl$ffix          fz_ws.l(ffix.o)
    0x08011316   0x00000002   PAD
    0x08011318   0x00000030   Code   RO         5773    x$fpl$fflt          fz_ws.l(fflt_clz.o)
    0x08011348   0x00000068   Code   RO         5778    x$fpl$fleqf         fz_ws.l(fleqf.o)
    0x080113b0   0x00000102   Code   RO         5780    x$fpl$fmul          fz_ws.l(fmul.o)
    0x080114b2   0x0000008c   Code   RO         5903    x$fpl$fnaninf       fz_ws.l(fnaninf.o)
    0x0801153e   0x0000000a   Code   RO         5905    x$fpl$fretinf       fz_ws.l(fretinf.o)
    0x08011548   0x00000062   Code   RO         5782    x$fpl$frleqf        fz_ws.l(frleqf.o)
    0x080115aa   0x00000014   Code   RO         5759    x$fpl$frsb          fz_ws.l(faddsub_clz.o)
    0x080115be   0x00000002   PAD
    0x080115c0   0x000000ea   Code   RO         5760    x$fpl$fsub          fz_ws.l(faddsub_clz.o)
    0x080116aa   0x00000004   Code   RO         5784    x$fpl$printf1       fz_ws.l(printf1.o)
    0x080116ae   0x00000004   Code   RO         5786    x$fpl$printf2       fz_ws.l(printf2.o)
    0x080116b2   0x00000064   Code   RO         6118    x$fpl$retnan        fz_ws.l(retnan.o)
    0x08011716   0x0000005c   Code   RO         5907    x$fpl$scalbn        fz_ws.l(scalbn.o)
    0x08011772   0x00000030   Code   RO         6159    x$fpl$trapveneer    fz_ws.l(trapv.o)
    0x080117a2   0x00000000   Code   RO         5909    x$fpl$usenofp       fz_ws.l(usenofp.o)
    0x080117a2   0x00000007   Data   RO         1354    .constdata          cjson.o
    0x080117a9   0x0000001a   Data   RO         1958    .constdata          lmst_sensornode.o
    0x080117c3   0x00000001   PAD
    0x080117c4   0x00000008   Data   RO         5642    .constdata          c_w.l(_printf_wctomb.o)
    0x080117cc   0x00000028   Data   RO         5654    .constdata          c_w.l(_printf_hex_int.o)
    0x080117f4   0x00000011   Data   RO         5689    .constdata          c_w.l(__printf_flags_ss_wp.o)
    0x08011805   0x00000003   PAD
    0x08011808   0x00000050   Data   RO         5794    .constdata          m_ws.l(asin.o)
    0x08011858   0x00000088   Data   RO         5812    .constdata          m_ws.l(pow.o)
    0x080118e0   0x00000026   Data   RO         5877    .constdata          c_w.l(_printf_fp_hex.o)
    0x08011906   0x00000002   PAD
    0x08011908   0x00000098   Data   RO         5912    .constdata          m_ws.l(atan.o)
    0x080119a0   0x00000030   Data   RO         5921    .constdata          m_ws.l(cos_i.o)
    0x080119d0   0x00000008   Data   RO         5941    .constdata          m_ws.l(qnan.o)
    0x080119d8   0x000000c8   Data   RO         5944    .constdata          m_ws.l(rred.o)
    0x08011aa0   0x00000028   Data   RO         5948    .constdata          m_ws.l(sin_i.o)
    0x08011ac8   0x00000094   Data   RO         6002    .constdata          c_w.l(bigflt0.o)
    0x08011b5c   0x00000050   Data   RO         1959    .conststring        lmst_sensornode.o
    0x08011bac   0x00000020   Data   RO         6191    Region$$Table       anon$$obj.o
    0x08011bcc   0x00000110   Data   RO         6026    locale$$data        c_w.l(lc_ctype_c.o)
    0x08011cdc   0x0000001c   Data   RO         6029    locale$$data        c_w.l(lc_numeric_c.o)


    Execution Region RW_IRAM1 (Base: 0x20000000, Size: 0x000042e0, Max: 0x00005000, ABSOLUTE, COMPRESSED[0x0000003c])

    Base Addr    Size         Type   Attr      Idx    E Section Name        Object

    0x20000000   0x00000018   Data   RW            7    .data               heap_2.o
    0x20000018   0x00000004   Data   RW          122    .data               port.o
    0x2000001c   0x0000003c   Data   RW          394    .data               tasks.o
    0x20000058   0x00000004   Data   RW         1012    .data               lm_uudp.o
    0x2000005c   0x00000004   Data   RW         1251    .data               lm_systemclock.o
    0x20000060   0x00000004   Data   RW         1355    .data               cjson.o
    0x20000064   0x00000014   Data   RW         1805    .data               lmst_nodecommon.o
    0x20000078   0x00000070   Data   RW         2114    .data               lm_timer.o
    0x200000e8   0x00000060   Data   RW         2157    .data               lm_ahrs.o
    0x20000148   0x00000098   Data   RW         2237    .data               lm_dcm.o
    0x200001e0   0x00000022   Data   RW         2347    .data               lm_bmp180.o
    0x20000202   0x00000006   Data   RW         2435    .data               lm_iic.o
    0x20000208   0x00003000   Zero   RW            6    .bss                heap_2.o
    0x20003208   0x000000c8   Zero   RW          393    .bss                tasks.o
    0x200032d0   0x00000b50   Zero   RW         1090    .bss                lm_cudp_m3.o
    0x20003e20   0x00000180   Zero   RW         1804    .bss                lmst_nodecommon.o
    0x20003fa0   0x0000000e   Zero   RW         2156    .bss                lm_ahrs.o
    0x20003fae   0x00000002   PAD
    0x20003fb0   0x000000cc   Zero   RW         2236    .bss                lm_dcm.o
    0x2000407c   0x00000060   Zero   RW         5954    .bss                c_w.l(libspace.o)
    0x200040dc   0x00000004   PAD
    0x200040e0   0x00000000   Zero   RW         5511    HEAP                stm32f10x.o
    0x200040e0   0x00000200   Zero   RW         5510    STACK               stm32f10x.o


==============================================================================

Image component sizes


      Code (inc. data)   RO Data    RW Data    ZI Data      Debug   Object Name

      2144         68          7          4          0       9973   cjson.o
       664         42          0          0          0     247633   cpgcore.o
       304         40          0         24      12288      16463   heap_2.o
       148          0          0          0          0       2998   list.o
      1056        146          0         96         14       7242   lm_ahrs.o
      1436        202          0         34          0       8785   lm_bmp180.o
        66          0          0          0          0       1558   lm_common.o
      1472         68          0          0       2896      19016   lm_cudp_m3.o
      2278        272          0        152        204      11279   lm_dcm.o
       742         38          0          6          0       6235   lm_iic.o
       512          0          0          0          0       7125   lm_queue_m3_freertos.o
       154         30          0          4          0       3202   lm_systemclock.o
       724         86          0        112          0       2036   lm_timer.o
       562         14          0          4          0       3955   lm_uudp.o
         0          0          0          0          0        668   lmst_motionctrl.o
       630         52          0         20        384       7943   lmst_nodecommon.o
       596        154        106          0          0       2560   lmst_sensornode.o
       132         20          0          0          0       1590   misc.o
        70          4          0          0          0       1995   onchip.o
       400         50          0          4          0       8620   port.o
      1260         16          0          0          0      20354   queue.o
        96         18          0          0          0       2183   smarttuna.o
        60         22        236          0        512        776   stm32f10x.o
      1180         12          0          0          0       5522   stm32f10x_can.o
       278          0          0          0          0       1984   stm32f10x_gpio.o
        68         30          0          0          0       2514   stm32f10x_iwdg.o
        96         18          0          0          0       1743   stm32f10x_rcc.o
        54          0          0          0          0       2882   stm32f10x_tim.o
       206          0          0          0          0       4816   stm32f10x_usart.o
       328         28          0          0          0       1853   system_stm32f10x.o
      2488        380          0         60        200      26348   tasks.o

    ----------------------------------------------------------------------
     20228       1810        382        520      16500     441851   Object Totals
         0          0         32          0          0          0   (incl. Generated)
        24          0          1          0          2          0   (incl. Padding)

    ----------------------------------------------------------------------

      Code (inc. data)   RO Data    RW Data    ZI Data      Debug   Library Member Name

        90          0          0          0          0          0   __dczerorl2.o
         8          0          0          0          0         68   __main.o
       392          4         17          0          0         92   __printf_flags_ss_wp.o
        14          0          0          0          0         68   __printf_wp.o
         0          0          0          0          0          0   __rtentry.o
        12          0          0          0          0          0   __rtentry2.o
         6          0          0          0          0          0   __rtentry4.o
        52          8          0          0          0          0   __scatter.o
        28          0          0          0          0          0   __scatter_zi.o
         6          0          0          0          0          0   _printf_a.o
         6          0          0          0          0          0   _printf_c.o
        44          0          0          0          0        108   _printf_char.o
        48          6          0          0          0         96   _printf_char_common.o
         6          0          0          0          0          0   _printf_d.o
       120         16          0          0          0         92   _printf_dec.o
         6          0          0          0          0          0   _printf_e.o
         6          0          0          0          0          0   _printf_f.o
      1050          0          0          0          0        216   _printf_fp_dec.o
       764          8         38          0          0        100   _printf_fp_hex.o
       128         16          0          0          0         84   _printf_fp_infnan.o
         6          0          0          0          0          0   _printf_g.o
        88          4         40          0          0         88   _printf_hex_int.o
         6          0          0          0          0          0   _printf_i.o
       178          0          0          0          0         88   _printf_intcommon.o
        10          0          0          0          0          0   _printf_l.o
         6          0          0          0          0          0   _printf_lc.o
         6          0          0          0          0          0   _printf_o.o
        84         10          0          0          0         88   _printf_oct_int.o
        78          0          0          0          0        108   _printf_pad.o
         0          0          0          0          0          0   _printf_percent.o
         4          0          0          0          0          0   _printf_percent_end.o
         6          0          0          0          0          0   _printf_s.o
        82          0          0          0          0         80   _printf_str.o
        36          0          0          0          0         84   _printf_truncate.o
         6          0          0          0          0          0   _printf_u.o
        44          0          0          0          0        108   _printf_wchar.o
       188          6          8          0          0         92   _printf_wctomb.o
         6          0          0          0          0          0   _printf_x.o
        22          0          0          0          0        100   _rserrno.o
        16          0          0          0          0         68   _snputc.o
        10          0          0          0          0         68   _sputc.o
        64          0          0          0          0         92   _wcrtomb.o
       220          4        148          0          0         96   bigflt0.o
      1910        128          0          0          0        672   btod.o
        18          0          0          0          0         80   exit.o
        78          0          0          0          0         80   h1_free.o
         6          0          0          0          0        152   heapauxi.o
         0          0          0          0          0          0   indicate_semi.o
        44         10        272          0          0         76   lc_ctype_c.o
        44         10         28          0          0         76   lc_numeric_c.o
         2          0          0          0          0          0   libinit.o
        30          0          0          0          0          0   libinit2.o
         2          0          0          0          0          0   libshutdown.o
         2          0          0          0          0          0   libshutdown2.o
         8          4          0          0         96         68   libspace.o
        72          0          0          0          0         76   llsdiv.o
       138          0          0          0          0         80   lludiv10.o
       238          0          0          0          0        100   lludivv7m.o
        52          4          0          0          0         84   noretval__2snprintf.o
        16          4          0          0          0         76   rt_ctype_table.o
         8          4          0          0          0         68   rt_errno_addr_intlibspace.o
         8          4          0          0          0         68   rt_heap_descriptor_intlibspace.o
         8          4          0          0          0         68   rt_locale_intlibspace.o
        78          0          0          0          0         80   rt_memclr_w.o
       138          0          0          0          0         68   rt_memcpy_v6.o
       100          0          0          0          0         80   rt_memcpy_w.o
         2          0          0          0          0          0   rtexit.o
        10          0          0          0          0          0   rtexit2.o
       128          0          0          0          0         68   strcmpv7m.o
        62          0          0          0          0         76   strlen.o
       150          0          0          0          0         80   strncmp.o
        12          4          0          0          0         68   sys_exit.o
        74          0          0          0          0         80   sys_stackheap_outer.o
        26          0          0          0          0         76   tolower.o
         2          0          0          0          0         68   use_no_semi.o
        98          4          0          0          0         92   d2f.o
       826         16          0          0          0        348   daddsub_clz.o
        16          4          0          0          0         68   dcheck1.o
        24          0          0          0          0         68   dcmpi.o
       688        140          0          0          0        208   ddiv.o
        94          4          0          0          0         92   dfix.o
        84          0          0          0          0        136   dflt_clz.o
       120          4          0          0          0         92   dleqf.o
       340         12          0          0          0        104   dmul.o
       156          4          0          0          0         92   dnaninf.o
        12          0          0          0          0         68   dretinf.o
       108          0          0          0          0         80   drleqf.o
       460         56          0          0          0        120   dsqrt_noumaal.o
        86          4          0          0          0         84   f2d.o
       450          8          0          0          0        236   faddsub_clz.o
        24          0          0          0          0         68   fcmpi.o
       388         76          0          0          0         96   fdiv.o
        54          4          0          0          0         84   ffix.o
        48          0          0          0          0         68   fflt_clz.o
       104          4          0          0          0         84   fleqf.o
       258          4          0          0          0         84   fmul.o
       140          4          0          0          0         84   fnaninf.o
        10          0          0          0          0         68   fretinf.o
        98          0          0          0          0         68   frleqf.o
         4          0          0          0          0         68   printf1.o
         4          0          0          0          0         68   printf2.o
       100          0          0          0          0         68   retnan.o
        92          0          0          0          0         68   scalbn.o
        48          0          0          0          0         68   trapv.o
         0          0          0          0          0          0   usenofp.o
       624         52         80          0          0        168   asin.o
       544         70        152          0          0        124   atan.o
       384         38          0          0          0        144   atan2.o
       252         22         48          0          0        124   cos_i.o
        68         10          0          0          0        408   dunder.o
        40          0          0          0          0         68   fpclassify.o
       170          0          0          0          0         96   poly.o
      2520        190        136          0          0        324   pow.o
         0          0          8          0          0          0   qnan.o
       904         76        200          0          0        140   rred.o
       160         10          0          0          0        108   sin.o
       236         12         40          0          0        128   sin_i.o
        76          0          0          0          0         84   sqrt.o

    ----------------------------------------------------------------------
     18354       1086       1220          0        100       9500   Library Totals
        24          0          5          0          4          0   (incl. Padding)

    ----------------------------------------------------------------------

      Code (inc. data)   RO Data    RW Data    ZI Data      Debug   Library Name

      7418        258        551          0         96       4652   c_w.l
      4934        348          0          0          0       2932   fz_ws.l
      5978        480        664          0          0       1916   m_ws.l

    ----------------------------------------------------------------------
     18354       1086       1220          0        100       9500   Library Totals

    ----------------------------------------------------------------------

==============================================================================


      Code (inc. data)   RO Data    RW Data    ZI Data      Debug   

     38582       2896       1602        520      16600     435851   Grand Totals
     38582       2896       1602         60      16600     435851   ELF Image Totals (compressed)
     38582       2896       1602         60          0          0   ROM Totals

==============================================================================

    Total RO  Size (Code + RO Data)                40184 (  39.24kB)
    Total RW  Size (RW Data + ZI Data)             17120 (  16.72kB)
    Total ROM Size (Code + RO Data + RW Data)      40244 (  39.30kB)

==============================================================================

