<html>
<body>
<pre>
<h1>礦ision Build Log</h1>
<h2>Tool Versions:</h2>
IDE-Version: μVision V5.20.0.0
Copyright (C) 2016 ARM Ltd and ARM Germany GmbH. All rights reserved.
License Information: 黄 yongjian, lsmx, LIC=LJWAR-K7XPK-MQS0F-67SUT-52IW8-FHLFU
 
Tool Versions:
Toolchain:       MDK-ARM Professional  Version: 5.20
Toolchain Path:  C:\Keil_v5\ARM\ARMCC\Bin
C Compiler:      Armcc.exe V5.06 update 2 (build 183)
Assembler:       Armasm.exe V5.06 update 2 (build 183)
Linker/Locator:  ArmLink.exe V5.06 update 2 (build 183)
Library Manager: ArmAr.exe V5.06 update 2 (build 183)
Hex Converter:   FromElf.exe V5.06 update 2 (build 183)
CPU DLL:         SARMCM3.DLL V5.20
Dialog DLL:      DCM.DLL V1.13.7.0
Target DLL:      Segger\JL2CM3.dll V2.99.20.0
Dialog DLL:      TCM.DLL V1.14.9.0
 
<h2>Project:</h2>
C:\ten\share\workdir\LMST_Node\开发源码\lmst_node_user\prj\STM32_FreeRTOS_User.uvprojx
Project File Date:  07/16/2017

<h2>Output:</h2>
*** Using Compiler 'V5.06 update 2 (build 183)', folder: 'C:\Keil_v5\ARM\ARMCC\Bin'
Build Project 'STM32_FreeRTOS_User' - Target 'Target 1'
compiling LMST_SensorNode.c...
C:\ten\share\workdir\LMST_Node\开发源码\lmst_node_user\User\LM_BuoyantDevices.h(12): warning:  #1295-D: Deprecated declaration YJ_ButdInit - give arg types
  YJ_ButdCore * YJ_ButdInit();
C:\ten\share\workdir\LMST_Node\开发源码\lmst_node_user\User\LM_BuoyantDevices.h(32): warning:  #1-D: last line of file ends without a newline
  int32_t SetButdState(YJ_ButdCore * h, int32_t s);
C:\ten\share\workdir\LMST_Node\开发源码\lmst_node_user\User\LMST_NodeCommon.h(100): warning:  #1295-D: Deprecated declaration YJ_IwdgInit - give arg types
  void YJ_IwdgInit();
C:\ten\share\workdir\LMST_Node\开发源码\lmst_node_user\User\LMST_SensorNode.h(4): warning:  #1-D: last line of file ends without a newline
  void YJ_SensorNodeTask( void *parameters );
C:\ten\share\workdir\LMST_Node\开发源码\lmst_node_user\User\LM_Bmp180.h(7): warning:  #1295-D: Deprecated declaration YJ_BMP180Init - give arg types
  void YJ_BMP180Init();
C:\ten\share\workdir\LMST_Node\开发源码\lmst_node_user\User\LMST_SensorNode.c(81): warning:  #550-D: variable "ret" was set but never used
  		int32_t 	ret = 1; 
C:\ten\share\workdir\LMST_Node\开发源码\lmst_node_user\User\LMST_SensorNode.c(84): warning:  #177-D: variable "timeout" was declared but never referenced
  		uint64_t    timeout;
..\User\LMST_SensorNode.c: 7 warnings, 0 errors
linking...
Program Size: Code=38634 RO-data=1614 RW-data=528 ZI-data=16608  
FromELF: creating hex file...
After Build - User command #1: C:\Keil_v5\ARM\ARMCC\bin\fromelf.exe --bin -o  ./Objects/STM32_FreeRTOS.bin  ./Objects/STM32_FreeRTOS.axf
".\Objects\STM32_FreeRTOS.axf" - 0 Error(s), 7 Warning(s).

<h2>Collection of Component include folders:</h2>
  C:\ten\share\workdir\LMST_Node\开发源码\lmst_node_user\prj\RTE
  C:\Keil_v5\ARM\PACK\Keil\STM32F1xx_DFP\2.1.0\Device\Include

<h2>Collection of Component Files used:</h2>
Build Time Elapsed:  00:00:01
</pre>
</body>
</html>
