<html>
<body>
<pre>
<h1>礦ision Build Log</h1>
<h2>Tool Versions:</h2>
IDE-Version: μVision V5.20.0.0
Copyright (C) 2016 ARM Ltd and ARM Germany GmbH. All rights reserved.
License Information: 黄 yongjian, lsmx, LIC=LJWAR-K7XPK-MQS0F-67SUT-52IW8-FHLFU
 
Tool Versions:
Toolchain:       MDK-ARM Professional  Version: 5.20
Toolchain Path:  C:\Keil_v5\ARM\ARMCC\Bin
C Compiler:      Armcc.exe V5.06 update 2 (build 183)
Assembler:       Armasm.exe V5.06 update 2 (build 183)
Linker/Locator:  ArmLink.exe V5.06 update 2 (build 183)
Library Manager: ArmAr.exe V5.06 update 2 (build 183)
Hex Converter:   FromElf.exe V5.06 update 2 (build 183)
CPU DLL:         SARMCM3.DLL V5.20
Dialog DLL:      DCM.DLL V1.13.7.0
Target DLL:      Segger\JL2CM3.dll V2.99.20.0
Dialog DLL:      TCM.DLL V1.14.9.0
 
<h2>Project:</h2>
C:\ten\share\workdir\LMST_Node\开发源码\lmst_node_user\prj\STM32_FreeRTOS_User.uvprojx
Project File Date:  07/10/2017

<h2>Output:</h2>
*** Using Compiler 'V5.06 update 2 (build 183)', folder: 'C:\Keil_v5\ARM\ARMCC\Bin'
Build Project 'STM32_FreeRTOS_User' - Target 'Target 1'
compiling SmartTuna.c...
C:\ten\share\workdir\LMST_Node\开发源码\lmst_node_user\User\LM_BuoyantDevices.h(12): warning:  #1295-D: Deprecated declaration YJ_ButdInit - give arg types
  YJ_ButdCore * YJ_ButdInit();
C:\ten\share\workdir\LMST_Node\开发源码\lmst_node_user\User\LM_BuoyantDevices.h(32): warning:  #1-D: last line of file ends without a newline
  int32_t SetButdState(YJ_ButdCore * h, int32_t s);
C:\ten\share\workdir\LMST_Node\开发源码\lmst_node_user\User\LMST_HeadNode.h(8): warning:  #1-D: last line of file ends without a newline
  void YJ_InitLed();
C:\ten\share\workdir\LMST_Node\开发源码\lmst_node_user\User\LMST_HeadNode.h(8): warning:  #1295-D: Deprecated declaration YJ_InitLed - give arg types
  void YJ_InitLed();
C:\ten\share\workdir\LMST_Node\开发源码\lmst_node_user\User\LMST_NodeCommon.h(100): warning:  #1295-D: Deprecated declaration YJ_IwdgInit - give arg types
  void YJ_IwdgInit();
C:\ten\share\workdir\LMST_Node\开发源码\lmst_node_user\User\LMST_TailNode.h(5): warning:  #1-D: last line of file ends without a newline
  void YJ_TailNodeTask( void *parameters );
C:\ten\share\workdir\LMST_Node\开发源码\lmst_node_user\User\LMST_SensorNode.h(4): warning:  #1-D: last line of file ends without a newline
  void YJ_SensorNodeTask( void *parameters );
C:\ten\share\workdir\LMST_Node\开发源码\lmst_node_user\User\LMST_HeadNode_LocalCtrl.h(4): warning:  #1-D: last line of file ends without a newline
  void YJ_HeadNodeTask_LocalCtrl( void *parameters );
C:\ten\share\workdir\LMST_Node\开发源码\lmst_node_user\User\LMST_DivingNode.h(4): warning:  #1-D: last line of file ends without a newline
  void YJ_DivingNodeTask( void *parameters );
C:\ten\share\workdir\LMST_Node\开发源码\lmst_node_user\User\SmartTuna.c(73): warning:  #167-D: argument of type "signed char *" is incompatible with parameter of type "const char *const"
  	xTaskCreate( MainTask, ( signed portCHAR * ) "MainTask", 
..\User\SmartTuna.c: 10 warnings, 0 errors
compiling LMST_MotionCtrl.c...
C:\ten\share\workdir\LMST_Node\开发源码\lmst_node_user\User\LMST_Pwm.h(41): warning:  #1-D: last line of file ends without a newline
   
C:\ten\share\workdir\LMST_Node\开发源码\lmst_node_user\User\LM_BuoyantDevices.h(12): warning:  #1295-D: Deprecated declaration YJ_ButdInit - give arg types
  YJ_ButdCore * YJ_ButdInit();
C:\ten\share\workdir\LMST_Node\开发源码\lmst_node_user\User\LM_BuoyantDevices.h(32): warning:  #1-D: last line of file ends without a newline
  int32_t SetButdState(YJ_ButdCore * h, int32_t s);
C:\ten\share\workdir\LMST_Node\开发源码\lmst_node_user\User\OnChip.h(42): warning:  #1295-D: Deprecated declaration YJ_GetRunMode - give arg types
  int32_t YJ_GetRunMode();
C:\ten\share\workdir\LMST_Node\开发源码\lmst_node_user\User\OnChip.h(46): warning:  #1295-D: Deprecated declaration YJ_GetNodeType - give arg types
  int32_t YJ_GetNodeType();
C:\ten\share\workdir\LMST_Node\开发源码\lmst_node_user\User\OnChip.h(48): warning:  #1295-D: Deprecated declaration testFlash - give arg types
  void testFlash();
C:\ten\share\workdir\LMST_Node\开发源码\lmst_node_user\User\LM_Timer.h(17): warning:  #1-D: last line of file ends without a newline
  int32_t YJ_GetMotorSpeed(int32_t MotorNum);
C:\ten\share\workdir\LMST_Node\开发源码\lmst_node_user\User\LMST_NodeCommon.h(100): warning:  #1295-D: Deprecated declaration YJ_IwdgInit - give arg types
  void YJ_IwdgInit();
C:\ten\share\workdir\LMST_Node\开发源码\lmst_node_user\User\LMST_MotionCtrl.c(103): warning:  #177-D: variable "S" was declared but never referenced
  	double 				S[JointCount];
C:\ten\share\workdir\LMST_Node\开发源码\lmst_node_user\User\LMST_MotionCtrl.c(179): warning:  #167-D: argument of type "signed char *" is incompatible with parameter of type "const char *const"
  	xTaskCreate( Task, ( signed portCHAR * ) "YJ_MtctTask", 
C:\ten\share\workdir\LMST_Node\开发源码\lmst_node_user\User\LMST_MotionCtrl.c(64): warning:  #177-D: function "YJ_MtctTask_TailNode" was declared but never referenced
  static void YJ_MtctTask_TailNode( void *parameters )
C:\ten\share\workdir\LMST_Node\开发源码\lmst_node_user\User\LMST_MotionCtrl.c(101): warning:  #177-D: function "YJ_MtctTask_ServoMotorNode" was declared but never referenced
  static void YJ_MtctTask_ServoMotorNode( void *parameters )
..\User\LMST_MotionCtrl.c: 12 warnings, 0 errors
compiling CPGCore.c...
C:\ten\share\workdir\LMST_Node\开发源码\lmst_node_user\User\LM_BuoyantDevices.h(12): warning:  #1295-D: Deprecated declaration YJ_ButdInit - give arg types
  YJ_ButdCore * YJ_ButdInit();
C:\ten\share\workdir\LMST_Node\开发源码\lmst_node_user\User\LM_BuoyantDevices.h(32): warning:  #1-D: last line of file ends without a newline
  int32_t SetButdState(YJ_ButdCore * h, int32_t s);
..\User\CPGCore.c: 2 warnings, 0 errors
compiling LM_Uudp.c...
C:\ten\share\workdir\LMST_Node\开发源码\lmst_node_user\User\LM_BuoyantDevices.h(12): warning:  #1295-D: Deprecated declaration YJ_ButdInit - give arg types
  YJ_ButdCore * YJ_ButdInit();
C:\ten\share\workdir\LMST_Node\开发源码\lmst_node_user\User\LM_BuoyantDevices.h(32): warning:  #1-D: last line of file ends without a newline
  int32_t SetButdState(YJ_ButdCore * h, int32_t s);
C:\ten\share\workdir\LMST_Node\开发源码\lmst_node_user\User\LM_Uudp.c(129): warning:  #167-D: argument of type "uint8_t *" is incompatible with parameter of type "char *"
  	HiEnQueue_nolock((h->RecvTmp + 4), h->RecvPackLen, h->RecvQue);
C:\ten\share\workdir\LMST_Node\开发源码\lmst_node_user\User\LM_Uudp.c(196): warning:  #167-D: argument of type "uint8_t *" is incompatible with parameter of type "char *"
  			   !Checksum(h->RecvTmp, h->ItDataLen)) 
C:\ten\share\workdir\LMST_Node\开发源码\lmst_node_user\User\LM_Uudp.c(265): warning:  #167-D: argument of type "uint8_t *" is incompatible with parameter of type "char *"
  	h->RecvQue 	= HiCreateQueue(h->RecvBuf_que , sizeof(h->RecvBuf_que));
C:\ten\share\workdir\LMST_Node\开发源码\lmst_node_user\User\LM_Uudp.c(386): warning:  #1-D: last line of file ends without a newline
  			       
..\User\LM_Uudp.c: 6 warnings, 0 errors
compiling LMST_Pwm.c...
C:\ten\share\workdir\LMST_Node\开发源码\lmst_node_user\User\LMST_Pwm.h(41): warning:  #1-D: last line of file ends without a newline
   
C:\ten\share\workdir\LMST_Node\开发源码\lmst_node_user\User\LM_BuoyantDevices.h(12): warning:  #1295-D: Deprecated declaration YJ_ButdInit - give arg types
  YJ_ButdCore * YJ_ButdInit();
C:\ten\share\workdir\LMST_Node\开发源码\lmst_node_user\User\LM_BuoyantDevices.h(32): warning:  #1-D: last line of file ends without a newline
  int32_t SetButdState(YJ_ButdCore * h, int32_t s);
C:\ten\share\workdir\LMST_Node\开发源码\lmst_node_user\User\LMST_Pwm.c(338): warning:  #940-D: missing return statement at end of non-void function "YJ_PwmSet_sm_2"
  }
..\User\LMST_Pwm.c: 4 warnings, 0 errors
compiling LM_Cudp_m3.c...
C:\ten\share\workdir\LMST_Node\开发源码\lmst_node_user\User\LM_BuoyantDevices.h(12): warning:  #1295-D: Deprecated declaration YJ_ButdInit - give arg types
  YJ_ButdCore * YJ_ButdInit();
C:\ten\share\workdir\LMST_Node\开发源码\lmst_node_user\User\LM_BuoyantDevices.h(32): warning:  #1-D: last line of file ends without a newline
  int32_t SetButdState(YJ_ButdCore * h, int32_t s);
C:\ten\share\workdir\LMST_Node\开发源码\lmst_node_user\User\LM_Cudp_m3.c(644): warning:  #167-D: argument of type "signed char *" is incompatible with parameter of type "const char *const"
  	xTaskCreate( CudpTask, ( signed portCHAR * ) "CudpTask", 
..\User\LM_Cudp_m3.c: 3 warnings, 0 errors
compiling LM_Common.c...
C:\ten\share\workdir\LMST_Node\开发源码\lmst_node_user\User\LM_BuoyantDevices.h(12): warning:  #1295-D: Deprecated declaration YJ_ButdInit - give arg types
  YJ_ButdCore * YJ_ButdInit();
C:\ten\share\workdir\LMST_Node\开发源码\lmst_node_user\User\LM_BuoyantDevices.h(32): warning:  #1-D: last line of file ends without a newline
  int32_t SetButdState(YJ_ButdCore * h, int32_t s);
..\User\LM_Common.c: 2 warnings, 0 errors
compiling OnChip.c...
C:\ten\share\workdir\LMST_Node\开发源码\lmst_node_user\User\LM_BuoyantDevices.h(12): warning:  #1295-D: Deprecated declaration YJ_ButdInit - give arg types
  YJ_ButdCore * YJ_ButdInit();
C:\ten\share\workdir\LMST_Node\开发源码\lmst_node_user\User\LM_BuoyantDevices.h(32): warning:  #1-D: last line of file ends without a newline
  int32_t SetButdState(YJ_ButdCore * h, int32_t s);
C:\ten\share\workdir\LMST_Node\开发源码\lmst_node_user\User\OnChip.h(42): warning:  #1295-D: Deprecated declaration YJ_GetRunMode - give arg types
  int32_t YJ_GetRunMode();
C:\ten\share\workdir\LMST_Node\开发源码\lmst_node_user\User\OnChip.h(46): warning:  #1295-D: Deprecated declaration YJ_GetNodeType - give arg types
  int32_t YJ_GetNodeType();
C:\ten\share\workdir\LMST_Node\开发源码\lmst_node_user\User\OnChip.h(48): warning:  #1295-D: Deprecated declaration testFlash - give arg types
  void testFlash();
C:\ten\share\workdir\LMST_Node\开发源码\lmst_node_user\User\LMST_NodeCommon.h(100): warning:  #1295-D: Deprecated declaration YJ_IwdgInit - give arg types
  void YJ_IwdgInit();
C:\ten\share\workdir\LMST_Node\开发源码\lmst_node_user\User\OnChip.c(173): warning:  #167-D: argument of type "int32_t *" is incompatible with parameter of type "u32 *"
  		FlashWriteWords(
J_NODE_TYPE_FLASH_ADDR,(int32_t *)&type, 1);
C:\ten\share\workdir\LMST_Node\开发源码\lmst_node_user\User\OnChip.c(188): warning:  #167-D: argument of type "int32_t *" is incompatible with parameter of type "u32 *"
  		FlashWriteWords(
J_RUN_MODE_FLAGS_FLASH_ADDR,(int32_t *)&mode, 1);
C:\ten\share\workdir\LMST_Node\开发源码\lmst_node_user\User\OnChip.c(198): warning:  #1-D: last line of file ends without a newline
  		
..\User\OnChip.c: 9 warnings, 0 errors
compiling LM_SystemClock.c...
C:\ten\share\workdir\LMST_Node\开发源码\lmst_node_user\User\LM_BuoyantDevices.h(12): warning:  #1295-D: Deprecated declaration YJ_ButdInit - give arg types
  YJ_ButdCore * YJ_ButdInit();
C:\ten\share\workdir\LMST_Node\开发源码\lmst_node_user\User\LM_BuoyantDevices.h(32): warning:  #1-D: last line of file ends without a newline
  int32_t SetButdState(YJ_ButdCore * h, int32_t s);
C:\ten\share\workdir\LMST_Node\开发源码\lmst_node_user\User\LM_SystemClock.c(59): warning:  #167-D: argument of type "signed char *" is incompatible with parameter of type "const char *const"
  	xTaskCreate( SysClockTask, ( signed portCHAR * ) "SysClockTask", 
..\User\LM_SystemClock.c: 3 warnings, 0 errors
compiling LMST_TailNode.c...
C:\ten\share\workdir\LMST_Node\开发源码\lmst_node_user\User\LM_BuoyantDevices.h(12): warning:  #1295-D: Deprecated declaration YJ_ButdInit - give arg types
  YJ_ButdCore * YJ_ButdInit();
C:\ten\share\workdir\LMST_Node\开发源码\lmst_node_user\User\LM_BuoyantDevices.h(32): warning:  #1-D: last line of file ends without a newline
  int32_t SetButdState(YJ_ButdCore * h, int32_t s);
C:\ten\share\workdir\LMST_Node\开发源码\lmst_node_user\User\LMST_TailNode.h(5): warning:  #1-D: last line of file ends without a newline
  void YJ_TailNodeTask( void *parameters );
C:\ten\share\workdir\LMST_Node\开发源码\lmst_node_user\User\LMST_NodeCommon.h(100): warning:  #1295-D: Deprecated declaration YJ_IwdgInit - give arg types
  void YJ_IwdgInit();
C:\ten\share\workdir\LMST_Node\开发源码\lmst_node_user\User\LM_BatteryManager.h(9): warning:  #1295-D: Deprecated declaration YJ_BtmgGetParam - give arg types
  int32_t YJ_BtmgGetParam();
C:\ten\share\workdir\LMST_Node\开发源码\lmst_node_user\User\LM_BatteryManager.h(14): warning:  #1295-D: Deprecated declaration YJ_BtmgInit - give arg types
  void YJ_BtmgInit();
C:\ten\share\workdir\LMST_Node\开发源码\lmst_node_user\User\LM_BatteryManager.h(19): warning:  #1295-D: Deprecated declaration YJ_BtmgUnInit - give arg types
  void YJ_BtmgUnInit();
C:\ten\share\workdir\LMST_Node\开发源码\lmst_node_user\User\LM_BatteryManager.h(20): warning:  #1-D: last line of file ends without a newline
  	
C:\ten\share\workdir\LMST_Node\开发源码\lmst_node_user\User\LMST_TailNode.c(102): warning:  #1294-D: Old-style function ProcUpdataFirmWare
  void ProcUpdataFirmWare(ret, msg)
C:\ten\share\workdir\LMST_Node\开发源码\lmst_node_user\User\LMST_TailNode.c(135): warning:  #1-D: last line of file ends without a newline
  }
C:\ten\share\workdir\LMST_Node\开发源码\lmst_node_user\User\LMST_TailNode.c(109): warning:  #550-D: variable "ret" was set but never used
  		int32_t 	ret = 1; 
..\User\LMST_TailNode.c: 11 warnings, 0 errors
compiling LMST_ServoMotorNode.c...
C:\ten\share\workdir\LMST_Node\开发源码\lmst_node_user\User\LM_BuoyantDevices.h(12): warning:  #1295-D: Deprecated declaration YJ_ButdInit - give arg types
  YJ_ButdCore * YJ_ButdInit();
C:\ten\share\workdir\LMST_Node\开发源码\lmst_node_user\User\LM_BuoyantDevices.h(32): warning:  #1-D: last line of file ends without a newline
  int32_t SetButdState(YJ_ButdCore * h, int32_t s);
C:\ten\share\workdir\LMST_Node\开发源码\lmst_node_user\User\LMST_TailNode.h(5): warning:  #1-D: last line of file ends without a newline
  void YJ_TailNodeTask( void *parameters );
C:\ten\share\workdir\LMST_Node\开发源码\lmst_node_user\User\LMST_NodeCommon.h(100): warning:  #1295-D: Deprecated declaration YJ_IwdgInit - give arg types
  void YJ_IwdgInit();
C:\ten\share\workdir\LMST_Node\开发源码\lmst_node_user\User\LMST_ServoMotorNode.c(134): warning:  #1-D: last line of file ends without a newline
  }
C:\ten\share\workdir\LMST_Node\开发源码\lmst_node_user\User\LMST_ServoMotorNode.c(119): warning:  #550-D: variable "ret" was set but never used
  		int32_t 	ret = 1; 
..\User\LMST_ServoMotorNode.c: 6 warnings, 0 errors
compiling LMST_HeadNode.c...
C:\ten\share\workdir\LMST_Node\开发源码\lmst_node_user\User\LM_BuoyantDevices.h(12): warning:  #1295-D: Deprecated declaration YJ_ButdInit - give arg types
  YJ_ButdCore * YJ_ButdInit();
C:\ten\share\workdir\LMST_Node\开发源码\lmst_node_user\User\LM_BuoyantDevices.h(32): warning:  #1-D: last line of file ends without a newline
  int32_t SetButdState(YJ_ButdCore * h, int32_t s);
C:\ten\share\workdir\LMST_Node\开发源码\lmst_node_user\User\LMST_HeadNode.h(8): warning:  #1-D: last line of file ends without a newline
  void YJ_InitLed();
C:\ten\share\workdir\LMST_Node\开发源码\lmst_node_user\User\LMST_HeadNode.h(8): warning:  #1295-D: Deprecated declaration YJ_InitLed - give arg types
  void YJ_InitLed();
C:\ten\share\workdir\LMST_Node\开发源码\lmst_node_user\User\LMST_NodeCommon.h(100): warning:  #1295-D: Deprecated declaration YJ_IwdgInit - give arg types
  void YJ_IwdgInit();
C:\ten\share\workdir\LMST_Node\开发源码\lmst_node_user\User\LMST_HeadNode.c(130): warning:  #1-D: last line of file ends without a newline
  }
..\User\LMST_HeadNode.c: 6 warnings, 0 errors
compiling LMST_NodeCommon.c...
C:\ten\share\workdir\LMST_Node\开发源码\lmst_node_user\User\LM_BuoyantDevices.h(12): warning:  #1295-D: Deprecated declaration YJ_ButdInit - give arg types
  YJ_ButdCore * YJ_ButdInit();
C:\ten\share\workdir\LMST_Node\开发源码\lmst_node_user\User\LM_BuoyantDevices.h(32): warning:  #1-D: last line of file ends without a newline
  int32_t SetButdState(YJ_ButdCore * h, int32_t s);
C:\ten\share\workdir\LMST_Node\开发源码\lmst_node_user\User\LMST_NodeCommon.h(100): warning:  #1295-D: Deprecated declaration YJ_IwdgInit - give arg types
  void YJ_IwdgInit();
C:\ten\share\workdir\LMST_Node\开发源码\lmst_node_user\User\LM_BatteryManager.h(9): warning:  #1295-D: Deprecated declaration YJ_BtmgGetParam - give arg types
  int32_t YJ_BtmgGetParam();
C:\ten\share\workdir\LMST_Node\开发源码\lmst_node_user\User\LM_BatteryManager.h(14): warning:  #1295-D: Deprecated declaration YJ_BtmgInit - give arg types
  void YJ_BtmgInit();
C:\ten\share\workdir\LMST_Node\开发源码\lmst_node_user\User\LM_BatteryManager.h(19): warning:  #1295-D: Deprecated declaration YJ_BtmgUnInit - give arg types
  void YJ_BtmgUnInit();
C:\ten\share\workdir\LMST_Node\开发源码\lmst_node_user\User\LM_BatteryManager.h(20): warning:  #1-D: last line of file ends without a newline
  	
C:\ten\share\workdir\LMST_Node\开发源码\lmst_node_user\User\LMST_HeadNode.h(8): warning:  #1-D: last line of file ends without a newline
  void YJ_InitLed();
C:\ten\share\workdir\LMST_Node\开发源码\lmst_node_user\User\LMST_HeadNode.h(8): warning:  #1295-D: Deprecated declaration YJ_InitLed - give arg types
  void YJ_InitLed();
C:\ten\share\workdir\LMST_Node\开发源码\lmst_node_user\User\OnChip.h(42): warning:  #1295-D: Deprecated declaration YJ_GetRunMode - give arg types
  int32_t YJ_GetRunMode();
C:\ten\share\workdir\LMST_Node\开发源码\lmst_node_user\User\OnChip.h(46): warning:  #1295-D: Deprecated declaration YJ_GetNodeType - give arg types
  int32_t YJ_GetNodeType();
C:\ten\share\workdir\LMST_Node\开发源码\lmst_node_user\User\OnChip.h(48): warning:  #1295-D: Deprecated declaration testFlash - give arg types
  void testFlash();
C:\ten\share\workdir\LMST_Node\开发源码\lmst_node_user\User\LM_Bmp180.h(7): warning:  #1295-D: Deprecated declaration YJ_BMP180Init - give arg types
  void YJ_BMP180Init();
C:\ten\share\workdir\LMST_Node\开发源码\lmst_node_user\User\LMST_NodeCommon.c(84): warning:  #167-D: argument of type "signed char *" is incompatible with parameter of type "const char *const"
  	xTaskCreate( IwdgTask, ( signed portCHAR * ) "IwdgTask", 
..\User\LMST_NodeCommon.c: 14 warnings, 0 errors
compiling LMST_SensorNode.c...
C:\ten\share\workdir\LMST_Node\开发源码\lmst_node_user\User\LM_BuoyantDevices.h(12): warning:  #1295-D: Deprecated declaration YJ_ButdInit - give arg types
  YJ_ButdCore * YJ_ButdInit();
C:\ten\share\workdir\LMST_Node\开发源码\lmst_node_user\User\LM_BuoyantDevices.h(32): warning:  #1-D: last line of file ends without a newline
  int32_t SetButdState(YJ_ButdCore * h, int32_t s);
C:\ten\share\workdir\LMST_Node\开发源码\lmst_node_user\User\LMST_NodeCommon.h(100): warning:  #1295-D: Deprecated declaration YJ_IwdgInit - give arg types
  void YJ_IwdgInit();
C:\ten\share\workdir\LMST_Node\开发源码\lmst_node_user\User\LMST_SensorNode.h(4): warning:  #1-D: last line of file ends without a newline
  void YJ_SensorNodeTask( void *parameters );
C:\ten\share\workdir\LMST_Node\开发源码\lmst_node_user\User\LM_Bmp180.h(7): warning:  #1295-D: Deprecated declaration YJ_BMP180Init - give arg types
  void YJ_BMP180Init();
C:\ten\share\workdir\LMST_Node\开发源码\lmst_node_user\User\LMST_SensorNode.c(79): warning:  #550-D: variable "ret" was set but never used
  		int32_t 	ret = 1; 
C:\ten\share\workdir\LMST_Node\开发源码\lmst_node_user\User\LMST_SensorNode.c(82): warning:  #177-D: variable "timeout" was declared but never referenced
  		uint64_t    timeout;
..\User\LMST_SensorNode.c: 7 warnings, 0 errors
compiling LM_BatteryManager.c...
C:\ten\share\workdir\LMST_Node\开发源码\lmst_node_user\User\LM_BuoyantDevices.h(12): warning:  #1295-D: Deprecated declaration YJ_ButdInit - give arg types
  YJ_ButdCore * YJ_ButdInit();
C:\ten\share\workdir\LMST_Node\开发源码\lmst_node_user\User\LM_BuoyantDevices.h(32): warning:  #1-D: last line of file ends without a newline
  int32_t SetButdState(YJ_ButdCore * h, int32_t s);
C:\ten\share\workdir\LMST_Node\开发源码\lmst_node_user\User\LM_BatteryManager.h(9): warning:  #1295-D: Deprecated declaration YJ_BtmgGetParam - give arg types
  int32_t YJ_BtmgGetParam();
C:\ten\share\workdir\LMST_Node\开发源码\lmst_node_user\User\LM_BatteryManager.h(14): warning:  #1295-D: Deprecated declaration YJ_BtmgInit - give arg types
  void YJ_BtmgInit();
C:\ten\share\workdir\LMST_Node\开发源码\lmst_node_user\User\LM_BatteryManager.h(19): warning:  #1295-D: Deprecated declaration YJ_BtmgUnInit - give arg types
  void YJ_BtmgUnInit();
C:\ten\share\workdir\LMST_Node\开发源码\lmst_node_user\User\LM_BatteryManager.h(20): warning:  #1-D: last line of file ends without a newline
  	
C:\ten\share\workdir\LMST_Node\开发源码\lmst_node_user\User\LM_BatteryManager.c(204): warning:  #167-D: argument of type "signed char *" is incompatible with parameter of type "const char *const"
  	xTaskCreate( BtmgTask, ( signed portCHAR * ) "BtmgTask", 
..\User\LM_BatteryManager.c: 7 warnings, 0 errors
compiling LM_BuoyantDevices.c...
C:\ten\share\workdir\LMST_Node\开发源码\lmst_node_user\User\LM_BuoyantDevices.h(12): warning:  #1295-D: Deprecated declaration YJ_ButdInit - give arg types
  YJ_ButdCore * YJ_ButdInit();
C:\ten\share\workdir\LMST_Node\开发源码\lmst_node_user\User\LM_BuoyantDevices.h(32): warning:  #1-D: last line of file ends without a newline
  int32_t SetButdState(YJ_ButdCore * h, int32_t s);
C:\ten\share\workdir\LMST_Node\开发源码\lmst_node_user\User\LMST_TailNode.h(5): warning:  #1-D: last line of file ends without a newline
  void YJ_TailNodeTask( void *parameters );
C:\ten\share\workdir\LMST_Node\开发源码\lmst_node_user\User\LMST_NodeCommon.h(100): warning:  #1295-D: Deprecated declaration YJ_IwdgInit - give arg types
  void YJ_IwdgInit();
C:\ten\share\workdir\LMST_Node\开发源码\lmst_node_user\User\LM_BatteryManager.h(9): warning:  #1295-D: Deprecated declaration YJ_BtmgGetParam - give arg types
  int32_t YJ_BtmgGetParam();
C:\ten\share\workdir\LMST_Node\开发源码\lmst_node_user\User\LM_BatteryManager.h(14): warning:  #1295-D: Deprecated declaration YJ_BtmgInit - give arg types
  void YJ_BtmgInit();
C:\ten\share\workdir\LMST_Node\开发源码\lmst_node_user\User\LM_BatteryManager.h(19): warning:  #1295-D: Deprecated declaration YJ_BtmgUnInit - give arg types
  void YJ_BtmgUnInit();
C:\ten\share\workdir\LMST_Node\开发源码\lmst_node_user\User\LM_BatteryManager.h(20): warning:  #1-D: last line of file ends without a newline
  	
C:\ten\share\workdir\LMST_Node\开发源码\lmst_node_user\User\LM_BuoyantDevices.c(31): warning:  #188-D: enumerated type mixed with another type
      GPIO_WriteBit(
PIOA,
PIO_Pin_0,0);
C:\ten\share\workdir\LMST_Node\开发源码\lmst_node_user\User\LM_BuoyantDevices.c(32): warning:  #188-D: enumerated type mixed with another type
      GPIO_WriteBit(
PIOA,
PIO_Pin_8,1);
C:\ten\share\workdir\LMST_Node\开发源码\lmst_node_user\User\LM_BuoyantDevices.c(37): warning:  #188-D: enumerated type mixed with another type
      GPIO_WriteBit(
PIOA,
PIO_Pin_0,1);
C:\ten\share\workdir\LMST_Node\开发源码\lmst_node_user\User\LM_BuoyantDevices.c(38): warning:  #188-D: enumerated type mixed with another type
      GPIO_WriteBit(
PIOA,
PIO_Pin_8,0);
C:\ten\share\workdir\LMST_Node\开发源码\lmst_node_user\User\LM_BuoyantDevices.c(43): warning:  #188-D: enumerated type mixed with another type
      GPIO_WriteBit(
PIOA,
PIO_Pin_0,1);
C:\ten\share\workdir\LMST_Node\开发源码\lmst_node_user\User\LM_BuoyantDevices.c(44): warning:  #188-D: enumerated type mixed with another type
      GPIO_WriteBit(
PIOA,
PIO_Pin_8,1);
C:\ten\share\workdir\LMST_Node\开发源码\lmst_node_user\User\LM_BuoyantDevices.c(78): warning:  #111-D: statement is unreachable
  	vTaskDelete(NULL);
C:\ten\share\workdir\LMST_Node\开发源码\lmst_node_user\User\LM_BuoyantDevices.c(109): warning:  #167-D: argument of type "signed char *" is incompatible with parameter of type "const char *const"
  	xTaskCreate( ButdTask, ( signed portCHAR * ) "ButdTask", 
..\User\LM_BuoyantDevices.c: 16 warnings, 0 errors
compiling LMST_HeadNode_LocalCtrl.c...
C:\ten\share\workdir\LMST_Node\开发源码\lmst_node_user\User\LM_BuoyantDevices.h(12): warning:  #1295-D: Deprecated declaration YJ_ButdInit - give arg types
  YJ_ButdCore * YJ_ButdInit();
C:\ten\share\workdir\LMST_Node\开发源码\lmst_node_user\User\LM_BuoyantDevices.h(32): warning:  #1-D: last line of file ends without a newline
  int32_t SetButdState(YJ_ButdCore * h, int32_t s);
C:\ten\share\workdir\LMST_Node\开发源码\lmst_node_user\User\LMST_HeadNode_LocalCtrl.h(4): warning:  #1-D: last line of file ends without a newline
  void YJ_HeadNodeTask_LocalCtrl( void *parameters );
C:\ten\share\workdir\LMST_Node\开发源码\lmst_node_user\User\LMST_NodeCommon.h(100): warning:  #1295-D: Deprecated declaration YJ_IwdgInit - give arg types
  void YJ_IwdgInit();
C:\ten\share\workdir\LMST_Node\开发源码\lmst_node_user\User\LMST_HeadNode_LocalCtrl.c(92): warning:  #550-D: variable "SrcAddr" was set but never used
  	int32_t ret, SrcAddr, i;
C:\ten\share\workdir\LMST_Node\开发源码\lmst_node_user\User\LMST_HeadNode_LocalCtrl.c(235): warning:  #550-D: variable "ret" was set but never used
  	int32_t 					ret = 1; 
C:\ten\share\workdir\LMST_Node\开发源码\lmst_node_user\User\LMST_HeadNode_LocalCtrl.c(267): warning:  #167-D: argument of type "signed char *" is incompatible with parameter of type "const char *const"
  		xTaskCreate( YJ_HeadNodeTask__, ( signed portCHAR * ) "YJ_HeadNodeTask", 
C:\ten\share\workdir\LMST_Node\开发源码\lmst_node_user\User\LMST_HeadNode_LocalCtrl.c(294): warning:  #1-D: last line of file ends without a newline
  }
C:\ten\share\workdir\LMST_Node\开发源码\lmst_node_user\User\LMST_HeadNode_LocalCtrl.c(257): warning:  #177-D: variable "ret" was declared but never referenced
  		int32_t 		ret = 1; 
C:\ten\share\workdir\LMST_Node\开发源码\lmst_node_user\User\LMST_HeadNode_LocalCtrl.c(258): warning:  #177-D: variable "SrcAddr" was declared but never referenced
  	  int32_t   	SrcAddr;
C:\ten\share\workdir\LMST_Node\开发源码\lmst_node_user\User\LMST_HeadNode_LocalCtrl.c(262): warning:  #177-D: variable "xDelay" was declared but never referenced
  	  const portTickType xDelay = pdMS_TO_TICKS(3);  //瀹?pdMS_TO_TICKS鐢?浜?灏?姣?绉?杞?鎴?鑺?鎷?鏁?
..\User\LMST_HeadNode_LocalCtrl.c: 11 warnings, 0 errors
compiling LMST_DivingNode.c...
C:\ten\share\workdir\LMST_Node\开发源码\lmst_node_user\User\LM_BuoyantDevices.h(12): warning:  #1295-D: Deprecated declaration YJ_ButdInit - give arg types
  YJ_ButdCore * YJ_ButdInit();
C:\ten\share\workdir\LMST_Node\开发源码\lmst_node_user\User\LM_BuoyantDevices.h(32): warning:  #1-D: last line of file ends without a newline
  int32_t SetButdState(YJ_ButdCore * h, int32_t s);
C:\ten\share\workdir\LMST_Node\开发源码\lmst_node_user\User\LMST_NodeCommon.h(100): warning:  #1295-D: Deprecated declaration YJ_IwdgInit - give arg types
  void YJ_IwdgInit();
C:\ten\share\workdir\LMST_Node\开发源码\lmst_node_user\User\LMST_DivingNode.h(4): warning:  #1-D: last line of file ends without a newline
  void YJ_DivingNodeTask( void *parameters );
C:\ten\share\workdir\LMST_Node\开发源码\lmst_node_user\User\LMST_DivingNode.c(109): warning:  #1-D: last line of file ends without a newline
  }
C:\ten\share\workdir\LMST_Node\开发源码\lmst_node_user\User\LMST_DivingNode.c(85): warning:  #550-D: variable "ret" was set but never used
  		int32_t 	ret = 1; 
..\User\LMST_DivingNode.c: 6 warnings, 0 errors
compiling LM_Timer.c...
C:\ten\share\workdir\LMST_Node\开发源码\lmst_node_user\User\LM_Timer.h(17): warning:  #1-D: last line of file ends without a newline
  int32_t YJ_GetMotorSpeed(int32_t MotorNum);
C:\ten\share\workdir\LMST_Node\开发源码\lmst_node_user\User\LM_BuoyantDevices.h(12): warning:  #1295-D: Deprecated declaration YJ_ButdInit - give arg types
  YJ_ButdCore * YJ_ButdInit();
C:\ten\share\workdir\LMST_Node\开发源码\lmst_node_user\User\LM_BuoyantDevices.h(32): warning:  #1-D: last line of file ends without a newline
  int32_t SetButdState(YJ_ButdCore * h, int32_t s);
..\User\LM_Timer.c: 3 warnings, 0 errors
linking...
Program Size: Code=38582 RO-data=1602 RW-data=520 ZI-data=16600  
FromELF: creating hex file...
After Build - User command #1: C:\Keil_v5\ARM\ARMCC\bin\fromelf.exe --bin -o  ./Objects/STM32_FreeRTOS.bin  ./Objects/STM32_FreeRTOS.axf
".\Objects\STM32_FreeRTOS.axf" - 0 Error(s), 138 Warning(s).

<h2>Collection of Component include folders:</h2>
  C:\ten\share\workdir\LMST_Node\开发源码\lmst_node_user\prj\RTE
  C:\Keil_v5\ARM\PACK\Keil\STM32F1xx_DFP\2.1.0\Device\Include

<h2>Collection of Component Files used:</h2>
Build Time Elapsed:  00:00:07
</pre>
</body>
</html>
